                              1 ;--------------------------------------------------------
                              2 ; File Created by SDCC : free open source ANSI-C Compiler
                              3 ; Version 3.6.9 #9960 (MINGW64)
                              4 ;--------------------------------------------------------
                              5 	.module content_manager
                              6 	.optsdcc -mz80
                              7 	
                              8 ;--------------------------------------------------------
                              9 ; Public variables in this module
                             10 ;--------------------------------------------------------
                             11 	.globl _devkit_SMS_loadSpritePalette
                             12 	.globl _devkit_SMS_loadBGPalette
                             13 	.globl _devkit_SMS_loadPSGaidencompressedTiles
                             14 	.globl _engine_content_manager_load_tiles
                             15 	.globl _engine_content_manager_load_sprites
                             16 ;--------------------------------------------------------
                             17 ; special function registers
                             18 ;--------------------------------------------------------
                             19 ;--------------------------------------------------------
                             20 ; ram data
                             21 ;--------------------------------------------------------
                             22 	.area _DATA
                             23 ;--------------------------------------------------------
                             24 ; ram data
                             25 ;--------------------------------------------------------
                             26 	.area _INITIALIZED
                             27 ;--------------------------------------------------------
                             28 ; absolute external ram data
                             29 ;--------------------------------------------------------
                             30 	.area _DABS (ABS)
                             31 ;--------------------------------------------------------
                             32 ; global & static initialisations
                             33 ;--------------------------------------------------------
                             34 	.area _HOME
                             35 	.area _GSINIT
                             36 	.area _GSFINAL
                             37 	.area _GSINIT
                             38 ;--------------------------------------------------------
                             39 ; Home
                             40 ;--------------------------------------------------------
                             41 	.area _HOME
                             42 	.area _HOME
                             43 ;--------------------------------------------------------
                             44 ; code
                             45 ;--------------------------------------------------------
                             46 	.area _CODE
                             47 ;content_manager.c:9: void engine_content_manager_load_tiles()
                             48 ;	---------------------------------
                             49 ; Function engine_content_manager_load_tiles
                             50 ; ---------------------------------
   0000                      51 _engine_content_manager_load_tiles::
                             52 ;content_manager.c:12: devkit_SMS_loadPSGaidencompressedTiles( tree_avoid__tiles__psgcompr, TREE_TILES );
   0000 21 40 00      [10]   53 	ld	hl, #0x0040
   0003 E5            [11]   54 	push	hl
   0004 21r00r00      [10]   55 	ld	hl, #_tree_avoid__tiles__psgcompr
   0007 E5            [11]   56 	push	hl
   0008 CDr00r00      [17]   57 	call	_devkit_SMS_loadPSGaidencompressedTiles
   000B F1            [10]   58 	pop	af
   000C F1            [10]   59 	pop	af
                             60 ;content_manager.c:13: devkit_SMS_loadBGPalette( ( void * ) tree_avoid__palette__bin );
   000D 01r00r00      [10]   61 	ld	bc, #_tree_avoid__palette__bin+0
   0010 C5            [11]   62 	push	bc
   0011 CDr00r00      [17]   63 	call	_devkit_SMS_loadBGPalette
                             64 ;content_manager.c:16: devkit_SMS_loadPSGaidencompressedTiles( font_tiles__tiles__psgcompr, FONT_TILES );
   0014 21 00 00      [10]   65 	ld	hl, #0x0000
   0017 E3            [19]   66 	ex	(sp),hl
   0018 21r00r00      [10]   67 	ld	hl, #_font_tiles__tiles__psgcompr
   001B E5            [11]   68 	push	hl
   001C CDr00r00      [17]   69 	call	_devkit_SMS_loadPSGaidencompressedTiles
   001F F1            [10]   70 	pop	af
   0020 F1            [10]   71 	pop	af
                             72 ;content_manager.c:17: devkit_SMS_loadBGPalette( ( void * ) font_tiles__palette__bin );
   0021 01r00r00      [10]   73 	ld	bc, #_font_tiles__palette__bin+0
   0024 C5            [11]   74 	push	bc
   0025 CDr00r00      [17]   75 	call	_devkit_SMS_loadBGPalette
   0028 F1            [10]   76 	pop	af
   0029 C9            [10]   77 	ret
                             78 ;content_manager.c:21: void engine_content_manager_load_sprites()
                             79 ;	---------------------------------
                             80 ; Function engine_content_manager_load_sprites
                             81 ; ---------------------------------
   002A                      82 _engine_content_manager_load_sprites::
                             83 ;content_manager.c:24: devkit_SMS_loadPSGaidencompressedTiles( sprites__tiles__psgcompr, SPRITE_TILES );
   002A 21 00 01      [10]   84 	ld	hl, #0x0100
   002D E5            [11]   85 	push	hl
   002E 21r00r00      [10]   86 	ld	hl, #_sprites__tiles__psgcompr
   0031 E5            [11]   87 	push	hl
   0032 CDr00r00      [17]   88 	call	_devkit_SMS_loadPSGaidencompressedTiles
   0035 F1            [10]   89 	pop	af
                             90 ;content_manager.c:27: devkit_SMS_loadPSGaidencompressedTiles( adriana__tiles__psgcompr, SPRITE_TILES + 64 );
   0036 21 40 01      [10]   91 	ld	hl, #0x0140
   0039 E3            [19]   92 	ex	(sp),hl
   003A 21r00r00      [10]   93 	ld	hl, #_adriana__tiles__psgcompr
   003D E5            [11]   94 	push	hl
   003E CDr00r00      [17]   95 	call	_devkit_SMS_loadPSGaidencompressedTiles
   0041 F1            [10]   96 	pop	af
                             97 ;content_manager.c:30: devkit_SMS_loadPSGaidencompressedTiles( skullnc__tiles__psgcompr, SPRITE_TILES + 80 );
   0042 21 50 01      [10]   98 	ld	hl, #0x0150
   0045 E3            [19]   99 	ex	(sp),hl
   0046 21r00r00      [10]  100 	ld	hl, #_skullnc__tiles__psgcompr
   0049 E5            [11]  101 	push	hl
   004A CDr00r00      [17]  102 	call	_devkit_SMS_loadPSGaidencompressedTiles
   004D F1            [10]  103 	pop	af
   004E F1            [10]  104 	pop	af
                            105 ;content_manager.c:31: devkit_SMS_loadSpritePalette( ( void * ) skullnc__palette__bin );
   004F 01r00r00      [10]  106 	ld	bc, #_skullnc__palette__bin+0
   0052 C5            [11]  107 	push	bc
   0053 CDr00r00      [17]  108 	call	_devkit_SMS_loadSpritePalette
   0056 F1            [10]  109 	pop	af
   0057 C9            [10]  110 	ret
                            111 	.area _CODE
                            112 	.area _INITIALIZER
                            113 	.area _CABS (ABS)
