                              1 ;--------------------------------------------------------
                              2 ; File Created by SDCC : free open source ANSI-C Compiler
                              3 ; Version 3.6.9 #9960 (MINGW64)
                              4 ;--------------------------------------------------------
                              5 	.module storage_manager
                              6 	.optsdcc -mz80
                              7 	
                              8 ;--------------------------------------------------------
                              9 ; Public variables in this module
                             10 ;--------------------------------------------------------
                             11 	.globl _devkit_SMS_SRAM
                             12 	.globl _devkit_SMS_disableSRAM
                             13 	.globl _devkit_SMS_enableSRAM
                             14 	.globl _isSaveGamePresent
                             15 	.globl _readSaveGame
                             16 	.globl _writeSaveGame
                             17 	.globl _getPoints
                             18 	.globl _incPoints
                             19 ;--------------------------------------------------------
                             20 ; special function registers
                             21 ;--------------------------------------------------------
                             22 ;--------------------------------------------------------
                             23 ; ram data
                             24 ;--------------------------------------------------------
                             25 	.area _DATA
                             26 ;--------------------------------------------------------
                             27 ; ram data
                             28 ;--------------------------------------------------------
                             29 	.area _INITIALIZED
   0000                      30 _lives:
   0000                      31 	.ds 1
   0001                      32 _points:
   0001                      33 	.ds 2
                             34 ;--------------------------------------------------------
                             35 ; absolute external ram data
                             36 ;--------------------------------------------------------
                             37 	.area _DABS (ABS)
                             38 ;--------------------------------------------------------
                             39 ; global & static initialisations
                             40 ;--------------------------------------------------------
                             41 	.area _HOME
                             42 	.area _GSINIT
                             43 	.area _GSFINAL
                             44 	.area _GSINIT
                             45 ;--------------------------------------------------------
                             46 ; Home
                             47 ;--------------------------------------------------------
                             48 	.area _HOME
                             49 	.area _HOME
                             50 ;--------------------------------------------------------
                             51 ; code
                             52 ;--------------------------------------------------------
                             53 	.area _CODE
                             54 ;storage_manager.c:19: bool isSaveGamePresent()
                             55 ;	---------------------------------
                             56 ; Function isSaveGamePresent
                             57 ; ---------------------------------
   0000                      58 _isSaveGamePresent::
                             59 ;storage_manager.c:22: struct_savegame_object *savegame = ( struct_savegame_object* ) ( devkit_SMS_SRAM() );
   0000 CDr00r00      [17]   60 	call	_devkit_SMS_SRAM
                             61 ;storage_manager.c:25: devkit_SMS_enableSRAM();
   0003 E5            [11]   62 	push	hl
   0004 CDr00r00      [17]   63 	call	_devkit_SMS_enableSRAM
   0007 E1            [10]   64 	pop	hl
                             65 ;storage_manager.c:26: foundMagic = ( MAGIC == savegame->Magic );
   0008 4E            [ 7]   66 	ld	c, (hl)
   0009 23            [ 6]   67 	inc	hl
   000A 46            [ 7]   68 	ld	b, (hl)
   000B 23            [ 6]   69 	inc	hl
   000C 5E            [ 7]   70 	ld	e, (hl)
   000D 23            [ 6]   71 	inc	hl
   000E 56            [ 7]   72 	ld	d, (hl)
   000F 79            [ 4]   73 	ld	a, c
   0010 D6 02         [ 7]   74 	sub	a, #0x02
   0012 20 13         [12]   75 	jr	NZ,00103$
   0014 78            [ 4]   76 	ld	a, b
   0015 D6 B0         [ 7]   77 	sub	a, #0xb0
   0017 20 0E         [12]   78 	jr	NZ,00103$
   0019 7B            [ 4]   79 	ld	a, e
   001A D6 E0         [ 7]   80 	sub	a, #0xe0
   001C 20 09         [12]   81 	jr	NZ,00103$
   001E 7A            [ 4]   82 	ld	a, d
   001F D6 AC         [ 7]   83 	sub	a, #0xac
   0021 20 04         [12]   84 	jr	NZ,00103$
   0023 3E 01         [ 7]   85 	ld	a,#0x01
   0025 18 01         [12]   86 	jr	00104$
   0027                      87 00103$:
   0027 AF            [ 4]   88 	xor	a,a
   0028                      89 00104$:
   0028 6F            [ 4]   90 	ld	l, a
                             91 ;storage_manager.c:27: devkit_SMS_disableSRAM();
   0029 E5            [11]   92 	push	hl
   002A CDr00r00      [17]   93 	call	_devkit_SMS_disableSRAM
   002D E1            [10]   94 	pop	hl
                             95 ;storage_manager.c:28: return foundMagic;
   002E C9            [10]   96 	ret
                             97 ;storage_manager.c:31: void readSaveGame()
                             98 ;	---------------------------------
                             99 ; Function readSaveGame
                            100 ; ---------------------------------
   002F                     101 _readSaveGame::
                            102 ;storage_manager.c:34: struct_savegame_object *savegame = ( struct_savegame_object* ) ( devkit_SMS_SRAM() );
   002F CDr00r00      [17]  103 	call	_devkit_SMS_SRAM
                            104 ;storage_manager.c:35: devkit_SMS_enableSRAM();
   0032 E5            [11]  105 	push	hl
   0033 CDr00r00      [17]  106 	call	_devkit_SMS_enableSRAM
   0036 C1            [10]  107 	pop	bc
                            108 ;storage_manager.c:36: lives = savegame->lives;
   0037 69            [ 4]  109 	ld	l, c
   0038 60            [ 4]  110 	ld	h, b
   0039 11 04 00      [10]  111 	ld	de, #0x0004
   003C 19            [11]  112 	add	hl, de
   003D 7E            [ 7]  113 	ld	a, (hl)
   003E 32r00r00      [13]  114 	ld	(#_lives + 0),a
                            115 ;storage_manager.c:37: points = savegame->points;
   0041 69            [ 4]  116 	ld	l, c
   0042 60            [ 4]  117 	ld	h, b
   0043 11 05 00      [10]  118 	ld	de, #0x0005
   0046 19            [11]  119 	add	hl, de
   0047 7E            [ 7]  120 	ld	a, (hl)
   0048 FD 21r01r00   [14]  121 	ld	iy, #_points
   004C FD 77 00      [19]  122 	ld	0 (iy), a
   004F 23            [ 6]  123 	inc	hl
   0050 7E            [ 7]  124 	ld	a, (hl)
   0051 FD 77 01      [19]  125 	ld	1 (iy), a
                            126 ;storage_manager.c:38: devkit_SMS_disableSRAM();
   0054 C3r00r00      [10]  127 	jp  _devkit_SMS_disableSRAM
                            128 ;storage_manager.c:41: void writeSaveGame()
                            129 ;	---------------------------------
                            130 ; Function writeSaveGame
                            131 ; ---------------------------------
   0057                     132 _writeSaveGame::
                            133 ;storage_manager.c:44: struct_savegame_object *savegame = ( struct_savegame_object* ) ( devkit_SMS_SRAM() );
   0057 CDr00r00      [17]  134 	call	_devkit_SMS_SRAM
                            135 ;storage_manager.c:45: devkit_SMS_enableSRAM();
   005A E5            [11]  136 	push	hl
   005B CDr00r00      [17]  137 	call	_devkit_SMS_enableSRAM
   005E C1            [10]  138 	pop	bc
                            139 ;storage_manager.c:46: savegame->Magic = MAGIC;
   005F 69            [ 4]  140 	ld	l, c
   0060 60            [ 4]  141 	ld	h, b
   0061 36 02         [10]  142 	ld	(hl), #0x02
   0063 23            [ 6]  143 	inc	hl
   0064 36 B0         [10]  144 	ld	(hl), #0xb0
   0066 23            [ 6]  145 	inc	hl
   0067 36 E0         [10]  146 	ld	(hl), #0xe0
   0069 23            [ 6]  147 	inc	hl
   006A 36 AC         [10]  148 	ld	(hl), #0xac
                            149 ;storage_manager.c:47: savegame->lives = lives;
   006C 21 04 00      [10]  150 	ld	hl, #0x0004
   006F 09            [11]  151 	add	hl, bc
   0070 3Ar00r00      [13]  152 	ld	a,(#_lives + 0)
   0073 77            [ 7]  153 	ld	(hl), a
                            154 ;storage_manager.c:48: savegame->points = points;
   0074 21 05 00      [10]  155 	ld	hl, #0x0005
   0077 09            [11]  156 	add	hl, bc
   0078 FD 21r01r00   [14]  157 	ld	iy, #_points
   007C FD 7E 00      [19]  158 	ld	a, 0 (iy)
   007F 77            [ 7]  159 	ld	(hl), a
   0080 23            [ 6]  160 	inc	hl
   0081 FD 7E 01      [19]  161 	ld	a, 1 (iy)
   0084 77            [ 7]  162 	ld	(hl), a
                            163 ;storage_manager.c:49: devkit_SMS_disableSRAM();
   0085 C3r00r00      [10]  164 	jp  _devkit_SMS_disableSRAM
                            165 ;storage_manager.c:52: unsigned int getPoints()
                            166 ;	---------------------------------
                            167 ; Function getPoints
                            168 ; ---------------------------------
   0088                     169 _getPoints::
                            170 ;storage_manager.c:54: return points;
   0088 2Ar01r00      [16]  171 	ld	hl, (_points)
   008B C9            [10]  172 	ret
                            173 ;storage_manager.c:57: void incPoints()
                            174 ;	---------------------------------
                            175 ; Function incPoints
                            176 ; ---------------------------------
   008C                     177 _incPoints::
                            178 ;storage_manager.c:59: points++;
   008C FD 21r01r00   [14]  179 	ld	iy, #_points
   0090 FD 34 00      [23]  180 	inc	0 (iy)
   0093 C0            [11]  181 	ret	NZ
   0094 FD 34 01      [23]  182 	inc	1 (iy)
   0097 C9            [10]  183 	ret
                            184 	.area _CODE
                            185 	.area _INITIALIZER
   0000                     186 __xinit__lives:
   0000 03                  187 	.db #0x03	; 3
   0001                     188 __xinit__points:
   0001 00 00               189 	.dw #0x0000
                            190 	.area _CABS (ABS)
