ASxxxx Linker V03.00 + NoICE + sdld,  page 1.
Hexadecimal  [32-Bits]

Area                                    Addr        Size        Decimal Bytes (Attributes)
--------------------------------        ----        ----        ------- ----- ------------
.  .ABS.                            00000000    00000000 =           0. bytes (ABS,CON)

      Value  Global                              Global Defined In Module
      -----  --------------------------------   ------------------------
     00000000  .__.ABS.                           
     00000000  l__BSEG                         
     00000000  l__BSS                          
     00000000  l__CABS                         
     00000000  l__DABS                         
     00000000  l__HEADER                       
     00000000  l__HEAP                         
     00000000  l__HOME                         
     00000000  s__CABS                         
     00000000  s__CABS0                        
     00000000  s__CABS1                        
     00000000  s__CABS2                        
     00000000  s__CABS3                        
     00000000  s__CABS4                        
     00000000  s__DABS                         
     00000000  s__HEADER                       
     00000000  s__HEADER0                      
     00000000  s__HEADER1                      
     00000000  s__HEADER2                      
     00000000  s__HEADER3                      
     00000000  s__HEADER4                      
     00000000  s__HEADER5                      
     00000001  l__GSFINAL                      
     00000003  l__HEADER3                      
     00000003  l__HEADER4                      
     00000006  l__HEADER0                      
     00000009  l__HEADER1                      
     0000000A  l__HEADER2                      
     0000000E  l__CABS1                        
     0000000E  l__CABS2                        
     0000000F  l__GSINIT                       
     00000010  l__CABS0                        
     00000010  l__CABS4                        
     00000038  l__CABS3                        
     000000FE  l__INITIALIZED                  
     000000FE  l__INITIALIZER                  
     0000012A  l__HEADER5                      
     00000200  s__CODE                         
     000002BC  l__DATA                         
     00001770  l__BANK2                        
     00001770  l__BANK3                        
     000026B4  l__BANK5                        
     00002CEA  l__CODE                         
     00002EEA  s__HOME                         
     00002EEA  s__INITIALIZER                  
     00002FE8  s__GSINIT                       
     00002FF7  s__GSFINAL                      
     000034F4  l__BANK4                        
     00008000  _SMS_SRAM                          SMSlib_PSGaiden
     00008000  s__BANK2                        
ASxxxx Linker V03.00 + NoICE + sdld,  page 2.
Hexadecimal  [32-Bits]

Area                                    Addr        Size        Decimal Bytes (Attributes)
--------------------------------        ----        ----        ------- ----- ------------
.  .ABS.                            00000000    00000000 =           0. bytes (ABS,CON)

      Value  Global                              Global Defined In Module
      -----  --------------------------------   ------------------------
     00008000  s__BANK3                        
     00008000  s__BANK4                        
     00008000  s__BANK5                        
     0000C000  s__DATA                         
     0000C2BC  s__INITIALIZED                  
     0000C3BA  s__BSEG                         
     0000C3BA  s__BSS                          
     0000C3BA  s__HEAP                         
     0000FFFC  _SRAM_bank_to_be_mapped_on_slot2   SMSlib_PSGaiden
     0000FFFF  _ROM_bank_to_be_mapped_on_slot2    SMSlib_PSGaiden
ASxxxx Linker V03.00 + NoICE + sdld,  page 3.
Hexadecimal  [32-Bits]

Area                                    Addr        Size        Decimal Bytes (Attributes)
--------------------------------        ----        ----        ------- ----- ------------
_CODE                               00000200    00002CEA =       11498. bytes (REL,CON)

      Value  Global                              Global Defined In Module
      -----  --------------------------------   ------------------------
     00000200  __clock                            crt0
     00000204  _exit                              crt0
     0000020A  _main                              main
     00000256  _PSGStop                           PSGlib
     0000027D  _PSGResume                         PSGlib
     000002C9  _PSGPlay                           PSGlib
     000002F6  _PSGCancelLoop                     PSGlib
     000002FC  _PSGPlayNoRepeat                   PSGlib
     0000030B  _PSGGetStatus                      PSGlib
     00000313  _PSGSilenceChannels                PSGlib
     00000324  _PSGRestoreVolumes                 PSGlib
     000003F5  _PSGSetMusicVolumeAttenuation      PSGlib
     000004BA  _PSGSFXStop                        PSGlib
     00000573  _PSGSFXPlay                        PSGlib
     000005C0  _PSGSFXCancelLoop                  PSGlib
     000005C6  _PSGSFXGetStatus                   PSGlib
     000005CE  _PSGSFXPlayLoop                    PSGlib
     000005E8  _PSGFrame                          PSGlib
     00000701  _PSGSFXFrame                       PSGlib
     00000787  _devkit_SMS_init                   _sms_manager
     0000078A  _devkit_SMS_displayOn              _sms_manager
     00000790  _devkit_SMS_displayOff             _sms_manager
     00000796  _devkit_SMS_mapROMBank             _sms_manager
     0000079F  _devkit_SMS_enableSRAM             _sms_manager
     000007A5  _devkit_SMS_enableSRAMBank         _sms_manager
     000007B4  _devkit_SMS_disableSRAM            _sms_manager
     000007BA  _devkit_SMS_setSpriteMode          _sms_manager
     000007C6  _devkit_SMS_useFirstHalfTilesfor   _sms_manager
     000007CB  _devkit_SMS_useFirstHalfTilesfor   _sms_manager
     000007D0  _devkit_SMS_VDPturnOnFeature       _sms_manager
     000007D7  _devkit_SMS_loadPSGaidencompress   _sms_manager
     000007ED  _devkit_SMS_loadSTMcompressedTil   _sms_manager
     0000080E  _devkit_SMS_loadBGPalette          _sms_manager
     00000815  _devkit_SMS_loadSpritePalette      _sms_manager
     0000081C  _devkit_SMS_setSpritePaletteColo   _sms_manager
     00000844  _devkit_SMS_setNextTileatXY        _sms_manager
     0000086D  _devkit_SMS_setTile                _sms_manager
     0000087B  _devkit_SMS_addSprite              _sms_manager
     00000896  _devkit_SMS_addSprite_bulk8        _sms_manager
     00000972  _devkit_SMS_addSprite_bulk12       _sms_manager
     00000A75  _devkit_SMS_initSprites            _sms_manager
     00000A78  _devkit_SMS_finalizeSprites        _sms_manager
     00000A7B  _devkit_SMS_waitForVBlank          _sms_manager
     00000A7E  _devkit_SMS_copySpritestoSAT       _sms_manager
     00000A81  _devkit_UNSAFE_SMS_copySpritesto   _sms_manager
     00000A84  _devkit_SMS_queryPauseRequested    _sms_manager
     00000A87  _devkit_SMS_resetPauseRequest      _sms_manager
     00000A8A  _devkit_isCollisionDetected        _sms_manager
     00000A91  _devkit_SMS_getKeysStatus          _sms_manager
     00000A94  _devkit_PORT_A_KEY_UP              _sms_manager
ASxxxx Linker V03.00 + NoICE + sdld,  page 4.
Hexadecimal  [32-Bits]

Area                                    Addr        Size        Decimal Bytes (Attributes)
--------------------------------        ----        ----        ------- ----- ------------
_CODE                               00000200    00002CEA =       11498. bytes (REL,CON)

      Value  Global                              Global Defined In Module
      -----  --------------------------------   ------------------------
     00000A98  _devkit_PORT_A_KEY_DOWN            _sms_manager
     00000A9C  _devkit_PORT_A_KEY_LEFT            _sms_manager
     00000AA0  _devkit_PORT_A_KEY_RIGHT           _sms_manager
     00000AA4  _devkit_PORT_A_KEY_1               _sms_manager
     00000AA8  _devkit_PORT_A_KEY_2               _sms_manager
     00000AAC  _devkit_SPRITEMODE_NORMAL          _sms_manager
     00000AAF  _devkit_VDPFEATURE_HIDEFIRSTCOL    _sms_manager
     00000B07  _devkit_PSGPlay                    _snd_manager
     00000B11  _devkit_PSGCancelLoop              _snd_manager
     00000B14  _devkit_PSGPlayNoRepeat            _snd_manager
     00000B1E  _devkit_PSGStop                    _snd_manager
     00000B21  _devkit_PSGResume                  _snd_manager
     00000B24  _devkit_PSGGetStatus               _snd_manager
     00000B27  _devkit_PSGSetMusicVolumeAttenua   _snd_manager
     00000B33  _devkit_PSGSFXPlay                 _snd_manager
     00000B48  _devkit_PSGSFXPlayLoop             _snd_manager
     00000B5D  _devkit_PSGSFXCancelLoop           _snd_manager
     00000B60  _devkit_PSGSFXStop                 _snd_manager
     00000B63  _devkit_PSGSFXGetStatus            _snd_manager
     00000B66  _devkit_PSGSilenceChannels         _snd_manager
     00000B69  _devkit_PSGRestoreVolumes          _snd_manager
     00000B6C  _devkit_PSGFrame                   _snd_manager
     00000B6F  _devkit_PSGSFXFrame                _snd_manager
     00000B72  _devkit_SFX_CHANNEL2               _snd_manager
     00000B75  _devkit_SFX_CHANNEL3               _snd_manager
     00000B78  _devkit_SFX_CHANNELS2AND3          _snd_manager
     00000B7B  _engine_asm_manager_clear_VRAM     asm_manager
     00000B91  _engine_audio_manager_music_titl   audio_manager
     00000BA2  _engine_audio_manager_music_over   audio_manager
     00000BB3  _engine_audio_manager_music_beat   audio_manager
     00000BFF  _engine_boss_manager_load          boss_manager
     00000C23  _engine_boss_manager_load_32       boss_manager
     00000C67  _engine_boss_manager_load_64       boss_manager
     00000CAB  _engine_content_manager_load_til   content_manager
     00000CD5  _engine_content_manager_load_spr   content_manager
     00000CEB  _engine_font_manager_draw_char     font_manager
     00000D12  _engine_font_manager_draw_text     font_manager
     00000D57  _engine_font_manager_draw_data     font_manager
     00000E02  _engine_font_manager_draw_data_Z   font_manager
     00000E89  _engine_hack_manager_init          hack_manager
     00000EB2  _engine_hack_manager_invert        hack_manager
     00000EEC  _engine_input_manager_update       input_manager
     00000EF9  _engine_input_manager_hold_up      input_manager
     00000F02  _engine_input_manager_hold_down    input_manager
     00000F0B  _engine_input_manager_hold_left    input_manager
     00000F14  _engine_input_manager_hold_right   input_manager
     00000F1D  _engine_input_manager_hold_fire1   input_manager
     00000F26  _engine_input_manager_hold_fire2   input_manager
     00000F2F  _engine_input_manager_move_up      input_manager
     00000F38  _engine_input_manager_move_down    input_manager
     00000F41  _engine_input_manager_move_left    input_manager
ASxxxx Linker V03.00 + NoICE + sdld,  page 5.
Hexadecimal  [32-Bits]

Area                                    Addr        Size        Decimal Bytes (Attributes)
--------------------------------        ----        ----        ------- ----- ------------
_CODE                               00000200    00002CEA =       11498. bytes (REL,CON)

      Value  Global                              Global Defined In Module
      -----  --------------------------------   ------------------------
     00000F4A  _engine_input_manager_move_right   input_manager
     00000F53  _engine_input_manager_move_fire1   input_manager
     00000F5C  _engine_input_manager_move_fire2   input_manager
     00000FAF  _engine_level_manager_init_level   level_manager
     00001050  _engine_level_manager_load_level   level_manager
     000010C5  _engine_level_manager_draw_level   level_manager
     0000123D  _engine_screen_manager_init        screen_manager
     00001293  _engine_screen_manager_update      screen_manager
     000012D6  _engine_sprite_manager_draw_enti   sprite_manager
     00001349  _engine_tile_manager_load_tile     tile_manager
     0000139E  _engine_tile_manager_load_coll     tile_manager
     000013B5  _engine_tile_manager_draw_tile     tile_manager
     0000142A  _engine_tile_manager_draw_blank    tile_manager
     0000147D  _engine_tile_manager_draw_tree     tile_manager
     0000149A  _engine_tile_manager_draw_candy    tile_manager
     000014B9  _engine_tile_manager_draw_bonus    tile_manager
     0000156A  _title_audio_bank                  audio_object
     0000156B  _beat_audio_bank                   audio_object
     0000156C  _over_audio_bank                   audio_object
     0000156D  _boss_32_bank                      boss_object
     00001570  _boss_64_bank                      boss_object
     00001576  _levelAAsize                       level_object
     000015A8  _levelAAbank                       level_object
     000015DA  _levelBBsize                       level_object
     0000160C  _levelBBbank                       level_object
     0000163E  _screen_none_screen_load           none_screen
     0000163F  _screen_none_screen_update         none_screen
     00001646  _screen_splash_screen_load         splash_screen
     00001668  _screen_splash_screen_update       splash_screen
     0000166F  _screen_intro_screen_load          intro_screen
     00001670  _screen_intro_screen_update        intro_screen
     00001677  _screen_load_screen_load           load_screen
     000016B0  _screen_load_screen_update         load_screen
     00001778  _screen_test_screen_load           test_screen
     00001799  _screen_test_screen_update         test_screen
     000017A0  _screen_func_screen_load           func_screen
     00001853  _screen_func_screen_update         func_screen
     00001867  _font_tiles__palette__bin          gfx
     00001877  _font_tiles__tilemap__bin          gfx
     000018F7  _font_tiles__tiles__psgcompr       gfx
     00001B8E  _game_tiles__palette__bin          gfx
     00001B9E  _game_tiles__tilemap__bin          gfx
     00001C6E  _game_tiles__tiles__psgcompr       gfx
     000021F9  _sprites__palette__bin             gfx
     00002209  _sprites__tiles__psgcompr          gfx
     0000274B  __divuint                          
     00002753  __divuchar                         
     0000275A  __divu8                            
     0000275D  __divu16                           
     0000278C  _UNSAFE_SMS_copySpritestoSAT       SMSlib_UNSAFE
     000027A4  _UNSAFE_SMS_VRAMmemcpy32           SMSlib_UNSAFE
ASxxxx Linker V03.00 + NoICE + sdld,  page 6.
Hexadecimal  [32-Bits]

Area                                    Addr        Size        Decimal Bytes (Attributes)
--------------------------------        ----        ----        ------- ----- ------------
_CODE                               00000200    00002CEA =       11498. bytes (REL,CON)

      Value  Global                              Global Defined In Module
      -----  --------------------------------   ------------------------
     000027C1  _UNSAFE_SMS_VRAMmemcpy64           SMSlib_UNSAFE
     000027DE  _UNSAFE_SMS_VRAMmemcpy128          SMSlib_UNSAFE
     000027FB  _SMS_init                          SMSlib
     0000284F  _VDPReg_init                       SMSlib
     0000285A  _SMS_VDPType                       SMSlib
     00002862  _SMS_VDPturnOnFeature              SMSlib
     00002879  _SMS_VDPturnOffFeature             SMSlib
     00002892  _SMS_setBGScrollX                  SMSlib
     0000289C  _SMS_setBGScrollY                  SMSlib
     000028A6  _SMS_setBackdropColor              SMSlib
     000028B0  _SMS_useFirstHalfTilesforSprites   SMSlib
     000028C4  _SMS_setSpriteMode                 SMSlib
     00002909  _SMS_setBGPaletteColor             SMSlib
     0000291D  _SMS_setSpritePaletteColor         SMSlib
     00002931  _SMS_loadBGPalette                 SMSlib
     00002945  _SMS_loadSpritePalette             SMSlib
     00002959  _SMS_setColor                      SMSlib
     0000295D  _SMS_initSprites                   SMSlib
     00002963  _SMS_addSprite                     SMSlib
     000029B8  _SMS_finalizeSprites               SMSlib
     000029CA  _SMS_copySpritestoSAT              SMSlib
     000029F3  _SMS_waitForVBlank                 SMSlib
     00002A00  _SMS_getKeysStatus                 SMSlib
     00002A04  _SMS_getKeysPressed                SMSlib
     00002A21  _SMS_getKeysHeld                   SMSlib
     00002A38  _SMS_getKeysReleased               SMSlib
     00002A55  _SMS_queryPauseRequested           SMSlib
     00002A5D  _SMS_resetPauseRequest             SMSlib
     00002A63  _SMS_setLineInterruptHandler       SMSlib
     00002A74  _SMS_setLineCounter                SMSlib
     00002A83  _SMS_getVCount                     SMSlib
     00002A87  _SMS_getHCount                     SMSlib
     00002A8B  _SMS_isr                           SMSlib
     00002AC1  _SMS_nmi_isr                       SMSlib
     00002AD4  _rand                              rand
     00002B90  _srand                             rand
     00002BAE  _SMS_loadSTMcompressedTileMapAre   SMSlib_STMcomp
     00002D8F  ___sdcc_call_hl                    
     00002D90  _SMS_loadPSGaidencompressedTiles   SMSlib_PSGaiden
     00002E72  __modschar                         
     00002E7F  __modsint                          
     00002E8B  __moduchar                         
     00002E97  __moduint                          
     00002EA2  __divsint                          
     00002EAB  __divschar                         
     00002EB2  __div8                             
     00002EB6  __div_signexte                     
     00002EBA  __div16                            
     00002EE0  __get_remainder                    
ASxxxx Linker V03.00 + NoICE + sdld,  page 7.
Hexadecimal  [32-Bits]

Area                                    Addr        Size        Decimal Bytes (Attributes)
--------------------------------        ----        ----        ------- ----- ------------
_HEADER0                            00000000    00000006 =           6. bytes (ABS,CON)

      Value  Global                              Global Defined In Module
      -----  --------------------------------   ------------------------
     00000006  _SMS_crt0_RST08                    crt0

ASxxxx Linker V03.00 + NoICE + sdld,  page 8.
Hexadecimal  [32-Bits]

Area                                    Addr        Size        Decimal Bytes (Attributes)
--------------------------------        ----        ----        ------- ----- ------------
_HEADER1                            00000000    00000009 =           9. bytes (ABS,CON)

      Value  Global                              Global Defined In Module
      -----  --------------------------------   ------------------------
     00000011  _SMS_crt0_RST18                    crt0

ASxxxx Linker V03.00 + NoICE + sdld,  page 9.
Hexadecimal  [32-Bits]

Area                                    Addr        Size        Decimal Bytes (Attributes)
--------------------------------        ----        ----        ------- ----- ------------
_HEADER2                            00000000    0000000A =          10. bytes (ABS,CON)

      Value  Global                              Global Defined In Module
      -----  --------------------------------   ------------------------
ASxxxx Linker V03.00 + NoICE + sdld,  page 10.
Hexadecimal  [32-Bits]

Area                                    Addr        Size        Decimal Bytes (Attributes)
--------------------------------        ----        ----        ------- ----- ------------
_HEADER3                            00000000    00000003 =           3. bytes (ABS,CON)

      Value  Global                              Global Defined In Module
      -----  --------------------------------   ------------------------
ASxxxx Linker V03.00 + NoICE + sdld,  page 11.
Hexadecimal  [32-Bits]

Area                                    Addr        Size        Decimal Bytes (Attributes)
--------------------------------        ----        ----        ------- ----- ------------
_HEADER4                            00000000    00000003 =           3. bytes (ABS,CON)

      Value  Global                              Global Defined In Module
      -----  --------------------------------   ------------------------
ASxxxx Linker V03.00 + NoICE + sdld,  page 12.
Hexadecimal  [32-Bits]

Area                                    Addr        Size        Decimal Bytes (Attributes)
--------------------------------        ----        ----        ------- ----- ------------
_HEADER5                            00000000    0000012A =         298. bytes (ABS,CON)

      Value  Global                              Global Defined In Module
      -----  --------------------------------   ------------------------
     00000099  _OUTI128                           crt0
     00000119  _OUTI64                            crt0
     00000159  _OUTI32                            crt0
     00000199  _outi_block                        crt0

ASxxxx Linker V03.00 + NoICE + sdld,  page 13.
Hexadecimal  [32-Bits]

Area                                    Addr        Size        Decimal Bytes (Attributes)
--------------------------------        ----        ----        ------- ----- ------------
_INITIALIZER                        00002EEA    000000FE =         254. bytes (REL,CON)

      Value  Global                              Global Defined In Module
      -----  --------------------------------   ------------------------
ASxxxx Linker V03.00 + NoICE + sdld,  page 14.
Hexadecimal  [32-Bits]

Area                                    Addr        Size        Decimal Bytes (Attributes)
--------------------------------        ----        ----        ------- ----- ------------
_GSINIT                             00002FE8    0000000F =          15. bytes (REL,CON)

      Value  Global                              Global Defined In Module
      -----  --------------------------------   ------------------------
     00002FE8  gsinit                             crt0

ASxxxx Linker V03.00 + NoICE + sdld,  page 15.
Hexadecimal  [32-Bits]

Area                                    Addr        Size        Decimal Bytes (Attributes)
--------------------------------        ----        ----        ------- ----- ------------
_GSFINAL                            00002FF7    00000001 =           1. bytes (REL,CON)

      Value  Global                              Global Defined In Module
      -----  --------------------------------   ------------------------
ASxxxx Linker V03.00 + NoICE + sdld,  page 16.
Hexadecimal  [32-Bits]

Area                                    Addr        Size        Decimal Bytes (Attributes)
--------------------------------        ----        ----        ------- ----- ------------
_DATA                               0000C000    000002BC =         700. bytes (REL,CON)

      Value  Global                              Global Defined In Module
      -----  --------------------------------   ------------------------
     0000C000  _PSGMusicStatus                    PSGlib
     0000C001  _PSGMusicStart                     PSGlib
     0000C003  _PSGMusicPointer                   PSGlib
     0000C005  _PSGMusicLoopPoint                 PSGlib
     0000C007  _PSGMusicSkipFrames                PSGlib
     0000C008  _PSGLoopFlag                       PSGlib
     0000C009  _PSGMusicLastLatch                 PSGlib
     0000C00A  _PSGMusicVolumeAttenuation         PSGlib
     0000C00B  _PSGMusicSubstringLen              PSGlib
     0000C00C  _PSGMusicSubstringRetAddr          PSGlib
     0000C00E  _PSGChan0Volume                    PSGlib
     0000C00F  _PSGChan1Volume                    PSGlib
     0000C010  _PSGChan2Volume                    PSGlib
     0000C011  _PSGChan3Volume                    PSGlib
     0000C012  _PSGChan2LowTone                   PSGlib
     0000C013  _PSGChan2HighTone                  PSGlib
     0000C014  _PSGChan3LowTone                   PSGlib
     0000C015  _PSGChannel2SFX                    PSGlib
     0000C016  _PSGChannel3SFX                    PSGlib
     0000C017  _PSGSFXChan2Volume                 PSGlib
     0000C018  _PSGSFXChan3Volume                 PSGlib
     0000C019  _PSGSFXStatus                      PSGlib
     0000C01A  _PSGSFXStart                       PSGlib
     0000C01C  _PSGSFXPointer                     PSGlib
     0000C01E  _PSGSFXLoopPoint                   PSGlib
     0000C020  _PSGSFXSkipFrames                  PSGlib
     0000C021  _PSGSFXLoopFlag                    PSGlib
     0000C022  _PSGSFXSubstringLen                PSGlib
     0000C023  _PSGSFXSubstringRetAddr            PSGlib
     0000C025  _global_hack_object                hack_manager
     0000C029  _global_level_object               level_manager
     0000C1D1  _VDPBlank                          SMSlib
     0000C1D2  _SMS_VDPFlags                      SMSlib
     0000C1D3  _PauseRequested                    SMSlib
     0000C1D4  _VDPType                           SMSlib
     0000C1D5  _KeysStatus                        SMSlib
     0000C1D7  _PreviousKeysStatus                SMSlib
     0000C1D9  _SpriteTableY                      SMSlib
     0000C219  _SpriteTableXN                     SMSlib
     0000C299  _SpriteNextFree                    SMSlib
     0000C29A  _SMS_theLineInterruptHandler       SMSlib
     0000C29C  _decompBuffer                      SMSlib_PSGaiden
ASxxxx Linker V03.00 + NoICE + sdld,  page 17.
Hexadecimal  [32-Bits]

Area                                    Addr        Size        Decimal Bytes (Attributes)
--------------------------------        ----        ----        ------- ----- ------------
_INITIALIZED                        0000C2BC    000000FE =         254. bytes (REL,CON)

      Value  Global                              Global Defined In Module
      -----  --------------------------------   ------------------------
     0000C2C0  _title_audio_data                  audio_object
     0000C2C2  _beat_audio_data                   audio_object
     0000C2C4  _over_audio_data                   audio_object
     0000C2C6  _boss_32_image                     boss_object
     0000C2CC  _boss_32_color                     boss_object
     0000C2D2  _boss_64_image                     boss_object
     0000C2DE  _boss_64_color                     boss_object
     0000C2EA  _levelAAdata                       level_object
     0000C34E  _levelBBdata                       level_object
     0000C3B2  _VDPReg                            SMSlib
     0000C3B4  _spritesHeight                     SMSlib
     0000C3B5  _spritesWidth                      SMSlib
ASxxxx Linker V03.00 + NoICE + sdld,  page 18.
Hexadecimal  [32-Bits]

Area                                    Addr        Size        Decimal Bytes (Attributes)
--------------------------------        ----        ----        ------- ----- ------------
_BANK2                              00008000    00001770 =        6000. bytes (REL,CON)

      Value  Global                              Global Defined In Module
      -----  --------------------------------   ------------------------
     00008000  _level0101_txt                     bank2
     00008078  _level0102_txt                     bank2
     000080F0  _level0103_txt                     bank2
     00008168  _level0104_txt                     bank2
     000081E0  _level0105_txt                     bank2
     00008258  _level0106_txt                     bank2
     000082D0  _level0107_txt                     bank2
     00008348  _level0108_txt                     bank2
     000083C0  _level0109_txt                     bank2
     00008438  _level0110_txt                     bank2
     000084B0  _level0201_txt                     bank2
     00008528  _level0202_txt                     bank2
     000085A0  _level0203_txt                     bank2
     00008618  _level0204_txt                     bank2
     00008690  _level0205_txt                     bank2
     00008708  _level0206_txt                     bank2
     00008780  _level0207_txt                     bank2
     000087F8  _level0208_txt                     bank2
     00008870  _level0209_txt                     bank2
     000088E8  _level0210_txt                     bank2
     00008960  _level0301_txt                     bank2
     000089D8  _level0302_txt                     bank2
     00008A50  _level0303_txt                     bank2
     00008AC8  _level0304_txt                     bank2
     00008B40  _level0305_txt                     bank2
     00008BB8  _level0306_txt                     bank2
     00008C30  _level0307_txt                     bank2
     00008CA8  _level0308_txt                     bank2
     00008D20  _level0309_txt                     bank2
     00008D98  _level0310_txt                     bank2
     00008E10  _level0401_txt                     bank2
     00008E88  _level0402_txt                     bank2
     00008F00  _level0403_txt                     bank2
     00008F78  _level0404_txt                     bank2
     00008FF0  _level0405_txt                     bank2
     00009068  _level0406_txt                     bank2
     000090E0  _level0407_txt                     bank2
     00009158  _level0408_txt                     bank2
     000091D0  _level0409_txt                     bank2
     00009248  _level0410_txt                     bank2
     000092C0  _level0501_txt                     bank2
     00009338  _level0502_txt                     bank2
     000093B0  _level0503_txt                     bank2
     00009428  _level0504_txt                     bank2
     000094A0  _level0505_txt                     bank2
     00009518  _level0506_txt                     bank2
     00009590  _level0507_txt                     bank2
     00009608  _level0508_txt                     bank2
     00009680  _level0509_txt                     bank2
     000096F8  _level0510_txt                     bank2

ASxxxx Linker V03.00 + NoICE + sdld,  page 19.
Hexadecimal  [32-Bits]

Area                                    Addr        Size        Decimal Bytes (Attributes)
--------------------------------        ----        ----        ------- ----- ------------
_BANK3                              00008000    00001770 =        6000. bytes (REL,CON)

      Value  Global                              Global Defined In Module
      -----  --------------------------------   ------------------------
     00008000  _level0601_txt                     bank3
     00008078  _level0602_txt                     bank3
     000080F0  _level0603_txt                     bank3
     00008168  _level0604_txt                     bank3
     000081E0  _level0605_txt                     bank3
     00008258  _level0606_txt                     bank3
     000082D0  _level0607_txt                     bank3
     00008348  _level0608_txt                     bank3
     000083C0  _level0609_txt                     bank3
     00008438  _level0610_txt                     bank3
     000084B0  _level0701_txt                     bank3
     00008528  _level0702_txt                     bank3
     000085A0  _level0703_txt                     bank3
     00008618  _level0704_txt                     bank3
     00008690  _level0705_txt                     bank3
     00008708  _level0706_txt                     bank3
     00008780  _level0707_txt                     bank3
     000087F8  _level0708_txt                     bank3
     00008870  _level0709_txt                     bank3
     000088E8  _level0710_txt                     bank3
     00008960  _level0801_txt                     bank3
     000089D8  _level0802_txt                     bank3
     00008A50  _level0803_txt                     bank3
     00008AC8  _level0804_txt                     bank3
     00008B40  _level0805_txt                     bank3
     00008BB8  _level0806_txt                     bank3
     00008C30  _level0807_txt                     bank3
     00008CA8  _level0808_txt                     bank3
     00008D20  _level0809_txt                     bank3
     00008D98  _level0810_txt                     bank3
     00008E10  _level0901_txt                     bank3
     00008E88  _level0902_txt                     bank3
     00008F00  _level0903_txt                     bank3
     00008F78  _level0904_txt                     bank3
     00008FF0  _level0905_txt                     bank3
     00009068  _level0906_txt                     bank3
     000090E0  _level0907_txt                     bank3
     00009158  _level0908_txt                     bank3
     000091D0  _level0909_txt                     bank3
     00009248  _level0910_txt                     bank3
     000092C0  _level1001_txt                     bank3
     00009338  _level1002_txt                     bank3
     000093B0  _level1003_txt                     bank3
     00009428  _level1004_txt                     bank3
     000094A0  _level1005_txt                     bank3
     00009518  _level1006_txt                     bank3
     00009590  _level1007_txt                     bank3
     00009608  _level1008_txt                     bank3
     00009680  _level1009_txt                     bank3
     000096F8  _level1010_txt                     bank3

ASxxxx Linker V03.00 + NoICE + sdld,  page 20.
Hexadecimal  [32-Bits]

Area                                    Addr        Size        Decimal Bytes (Attributes)
--------------------------------        ----        ----        ------- ----- ------------
_BANK4                              00008000    000034F4 =       13556. bytes (REL,CON)

      Value  Global                              Global Defined In Module
      -----  --------------------------------   ------------------------
     00008000  _boss32_00__palette__bin           bank4
     00008010  _boss32_00__tiles__psgcompr        bank4
     0000864E  _boss32_01__palette__bin           bank4
     0000865E  _boss32_01__tiles__psgcompr        bank4
     00008D18  _boss32_02__palette__bin           bank4
     00008D28  _boss32_02__tiles__psgcompr        bank4
     00009402  _boss64_00__palette__bin           bank4
     00009412  _boss64_00__tiles__psgcompr        bank4
     00009954  _boss64_01__palette__bin           bank4
     00009964  _boss64_01__tiles__psgcompr        bank4
     00009EFA  _boss64_02__palette__bin           bank4
     00009F0A  _boss64_02__tiles__psgcompr        bank4
     0000A456  _boss64_03__palette__bin           bank4
     0000A466  _boss64_03__tiles__psgcompr        bank4
     0000A9AA  _boss64_04__palette__bin           bank4
     0000A9BA  _boss64_04__tiles__psgcompr        bank4
     0000AF94  _boss64_05__palette__bin           bank4
     0000AFA4  _boss64_05__tiles__psgcompr        bank4
ASxxxx Linker V03.00 + NoICE + sdld,  page 21.
Hexadecimal  [32-Bits]

Area                                    Addr        Size        Decimal Bytes (Attributes)
--------------------------------        ----        ----        ------- ----- ------------
_BANK5                              00008000    000026B4 =        9908. bytes (REL,CON)

      Value  Global                              Global Defined In Module
      -----  --------------------------------   ------------------------
     00008000  _music_beat_psg                    bank5
     00008625  _music_over_psg                    bank5
     00008996  _music_title_psg                   bank5
ASxxxx Linker V03.00 + NoICE + sdld,  page 22.
Hexadecimal  [32-Bits]

Area                                    Addr        Size        Decimal Bytes (Attributes)
--------------------------------        ----        ----        ------- ----- ------------
_CABS0                              00000000    00000010 =          16. bytes (ABS,CON)

      Value  Global                              Global Defined In Module
      -----  --------------------------------   ------------------------
     00007FF0  ___SMS__SEGA_signature             _sms_manager

ASxxxx Linker V03.00 + NoICE + sdld,  page 23.
Hexadecimal  [32-Bits]

Area                                    Addr        Size        Decimal Bytes (Attributes)
--------------------------------        ----        ----        ------- ----- ------------
_CABS1                              00000000    0000000E =          14. bytes (ABS,CON)

      Value  Global                              Global Defined In Module
      -----  --------------------------------   ------------------------
     00007FD2  ___SMS__SDSC_author                _sms_manager

ASxxxx Linker V03.00 + NoICE + sdld,  page 24.
Hexadecimal  [32-Bits]

Area                                    Addr        Size        Decimal Bytes (Attributes)
--------------------------------        ----        ----        ------- ----- ------------
_CABS2                              00000000    0000000E =          14. bytes (ABS,CON)

      Value  Global                              Global Defined In Module
      -----  --------------------------------   ------------------------
     00007FC4  ___SMS__SDSC_name                  _sms_manager

ASxxxx Linker V03.00 + NoICE + sdld,  page 25.
Hexadecimal  [32-Bits]

Area                                    Addr        Size        Decimal Bytes (Attributes)
--------------------------------        ----        ----        ------- ----- ------------
_CABS3                              00000000    00000038 =          56. bytes (ABS,CON)

      Value  Global                              Global Defined In Module
      -----  --------------------------------   ------------------------
     00007F8C  ___SMS__SDSC_descr                 _sms_manager

ASxxxx Linker V03.00 + NoICE + sdld,  page 26.
Hexadecimal  [32-Bits]

Area                                    Addr        Size        Decimal Bytes (Attributes)
--------------------------------        ----        ----        ------- ----- ------------
_CABS4                              00000000    00000010 =          16. bytes (ABS,CON)

      Value  Global                              Global Defined In Module
      -----  --------------------------------   ------------------------
     00007FE0  ___SMS__SDSC_signature             _sms_manager

ASxxxx Linker V03.00 + NoICE + sdld,  page 27.

Files Linked                              [ module(s) ]

..\crt0\crt0_sms.rel                      [ crt0 ]
main.rel                                  [ main ]
..\lib\PSGlib.rel                         [ PSGlib ]
banks\bank2.rel                           [ bank2 ]
banks\bank3.rel                           [ bank3 ]
banks\bank4.rel                           [ bank4 ]
banks\bank5.rel                           [ bank5 ]
devkit\_sms_manager.rel                   [ _sms_manager ]
devkit\_snd_manager.rel                   [ _snd_manager ]
engine\asm_manager.rel                    [ asm_manager ]
engine\audio_manager.rel                  [ audio_manager ]
engine\boss_manager.rel                   [ boss_manager ]
engine\content_manager.rel                [ content_manager ]
engine\enum_manager.rel                   [ enum_manager ]
engine\font_manager.rel                   [ font_manager ]
engine\hack_manager.rel                   [ hack_manager ]
engine\global_manager.rel                 [ global_manager ]
engine\input_manager.rel                  [ input_manager ]
engine\level_manager.rel                  [ level_manager ]
engine\screen_manager.rel                 [ screen_manager ]
engine\sprite_manager.rel                 [ sprite_manager ]
engine\tile_manager.rel                   [ tile_manager ]
object\audio_object.rel                   [ audio_object ]
object\boss_object.rel                    [ boss_object ]
object\hack_object.rel                    [ hack_object ]
object\level_object.rel                   [ level_object ]
screen\none_screen.rel                    [ none_screen ]
screen\splash_screen.rel                  [ splash_screen ]
screen\intro_screen.rel                   [ intro_screen ]
screen\load_screen.rel                    [ load_screen ]
screen\test_screen.rel                    [ test_screen ]
screen\func_screen.rel                    [ func_screen ]
gfx.rel                                   [ gfx ]


Libraries Linked                          [ object file ]

C:\Program Files\SDCC\bin\..\lib\z80/z80.lib
                                          [ divunsigned.rel ]
..\lib\SMSlib.lib                         [ SMSlib_UNSAFE.rel ]
..\lib\SMSlib.lib                         [ SMSlib.rel ]
C:\Program Files\SDCC\bin\..\lib\z80/z80.lib
                                          [ rand.rel ]
..\lib\SMSlib.lib                         [ SMSlib_STMcomp.rel ]
C:\Program Files\SDCC\bin\..\lib\z80/z80.lib
                                          [ __sdcc_call_hl.rel ]
..\lib\SMSlib.lib                         [ SMSlib_PSGaiden.rel ]
C:\Program Files\SDCC\bin\..\lib\z80/z80.lib
                                          [ modsigned.rel ]
C:\Program Files\SDCC\bin\..\lib\z80/z80.lib
                                          [ modunsigned.rel ]
C:\Program Files\SDCC\bin\..\lib\z80/z80.lib
                                          [ divsigned.rel ]

ASxxxx Linker V03.00 + NoICE + sdld,  page 28.

User Base Address Definitions

_CODE = 0x0200
_DATA = 0xc000
_BANK2=0x8000
_BANK3=0x8000
_BANK4=0x8000
_BANK5=0x8000

