ASxxxx Linker V03.00 + NoICE + sdld,  page 1.
Hexadecimal  [32-Bits]

Area                                    Addr        Size        Decimal Bytes (Attributes)
--------------------------------        ----        ----        ------- ----- ------------
.  .ABS.                            00000000    00000000 =           0. bytes (ABS,CON)

      Value  Global                              Global Defined In Module
      -----  --------------------------------   ------------------------
     00000000  .__.ABS.                           
     00000000  l__BSEG                         
     00000000  l__BSS                          
     00000000  l__CABS                         
     00000000  l__DABS                         
     00000000  l__HEADER                       
     00000000  l__HEAP                         
     00000000  l__HOME                         
     00000000  s__CABS                         
     00000000  s__CABS0                        
     00000000  s__CABS1                        
     00000000  s__CABS2                        
     00000000  s__CABS3                        
     00000000  s__CABS4                        
     00000000  s__DABS                         
     00000000  s__HEADER                       
     00000000  s__HEADER0                      
     00000000  s__HEADER1                      
     00000000  s__HEADER2                      
     00000000  s__HEADER3                      
     00000000  s__HEADER4                      
     00000000  s__HEADER5                      
     00000001  l__GSFINAL                      
     00000003  l__HEADER3                      
     00000003  l__HEADER4                      
     00000006  l__HEADER0                      
     00000009  l__HEADER1                      
     0000000A  l__HEADER2                      
     0000000E  l__CABS1                        
     0000000E  l__CABS2                        
     0000000F  l__GSINIT                       
     00000010  l__CABS0                        
     00000010  l__CABS4                        
     00000038  l__CABS3                        
     000000D0  l__INITIALIZED                  
     000000D0  l__INITIALIZER                  
     0000012A  l__HEADER5                      
     00000200  s__CODE                         
     00000466  l__DATA                         
     00001770  l__BANK2                        
     00001770  l__BANK3                        
     0000330D  l__CODE                         
     0000350D  s__HOME                         
     0000350D  s__INITIALIZER                  
     000035DD  s__GSINIT                       
     000035EC  s__GSFINAL                      
     00008000  _SMS_SRAM                          SMSlib_PSGaiden
     00008000  s__BANK2                        
     00008000  s__BANK3                        
     0000C000  s__DATA                         
ASxxxx Linker V03.00 + NoICE + sdld,  page 2.
Hexadecimal  [32-Bits]

Area                                    Addr        Size        Decimal Bytes (Attributes)
--------------------------------        ----        ----        ------- ----- ------------
.  .ABS.                            00000000    00000000 =           0. bytes (ABS,CON)

      Value  Global                              Global Defined In Module
      -----  --------------------------------   ------------------------
     0000C466  s__INITIALIZED                  
     0000C536  s__BSEG                         
     0000C536  s__BSS                          
     0000C536  s__HEAP                         
     0000FFFC  _SRAM_bank_to_be_mapped_on_slot2   SMSlib_PSGaiden
     0000FFFF  _ROM_bank_to_be_mapped_on_slot2    SMSlib_PSGaiden

ASxxxx Linker V03.00 + NoICE + sdld,  page 3.
Hexadecimal  [32-Bits]

Area                                    Addr        Size        Decimal Bytes (Attributes)
--------------------------------        ----        ----        ------- ----- ------------
_CODE                               00000200    0000330D =       13069. bytes (REL,CON)

      Value  Global                              Global Defined In Module
      -----  --------------------------------   ------------------------
     00000200  __clock                            crt0
     00000204  _exit                              crt0
     0000020A  _main                              main
     00000259  _PSGStop                           PSGlib
     00000280  _PSGResume                         PSGlib
     000002CC  _PSGPlay                           PSGlib
     000002F9  _PSGCancelLoop                     PSGlib
     000002FF  _PSGPlayNoRepeat                   PSGlib
     0000030E  _PSGGetStatus                      PSGlib
     00000316  _PSGSilenceChannels                PSGlib
     00000327  _PSGRestoreVolumes                 PSGlib
     000003F8  _PSGSetMusicVolumeAttenuation      PSGlib
     000004BD  _PSGSFXStop                        PSGlib
     00000576  _PSGSFXPlay                        PSGlib
     000005C3  _PSGSFXCancelLoop                  PSGlib
     000005C9  _PSGSFXGetStatus                   PSGlib
     000005D1  _PSGSFXPlayLoop                    PSGlib
     000005EB  _PSGFrame                          PSGlib
     00000704  _PSGSFXFrame                       PSGlib
     0000078A  _devkit_SMS_init                   _sms_manager
     0000078D  _devkit_SMS_displayOn              _sms_manager
     00000793  _devkit_SMS_displayOff             _sms_manager
     00000799  _devkit_SMS_mapROMBank             _sms_manager
     000007A2  _devkit_SMS_enableSRAM             _sms_manager
     000007A8  _devkit_SMS_enableSRAMBank         _sms_manager
     000007B7  _devkit_SMS_disableSRAM            _sms_manager
     000007BD  _devkit_SMS_setSpriteMode          _sms_manager
     000007C9  _devkit_SMS_useFirstHalfTilesfor   _sms_manager
     000007CE  _devkit_SMS_useFirstHalfTilesfor   _sms_manager
     000007D3  _devkit_SMS_VDPturnOnFeature       _sms_manager
     000007DA  _devkit_SMS_loadPSGaidencompress   _sms_manager
     000007F0  _devkit_SMS_loadSTMcompressedTil   _sms_manager
     00000811  _devkit_SMS_loadBGPalette          _sms_manager
     00000818  _devkit_SMS_loadSpritePalette      _sms_manager
     0000081F  _devkit_SMS_setSpritePaletteColo   _sms_manager
     00000847  _devkit_SMS_setNextTileatXY        _sms_manager
     00000870  _devkit_SMS_setTile                _sms_manager
     0000087E  _devkit_SMS_addSprite              _sms_manager
     00000899  _devkit_SMS_addSprite_bulk4        _sms_manager
     00000903  _devkit_SMS_addSprite_bulk8        _sms_manager
     000009DF  _devkit_SMS_addSprite_bulk12       _sms_manager
     00000AE2  _devkit_SMS_initSprites            _sms_manager
     00000AE5  _devkit_SMS_finalizeSprites        _sms_manager
     00000AE8  _devkit_SMS_waitForVBlank          _sms_manager
     00000AEB  _devkit_SMS_copySpritestoSAT       _sms_manager
     00000AEE  _devkit_UNSAFE_SMS_copySpritesto   _sms_manager
     00000AF1  _devkit_SMS_queryPauseRequested    _sms_manager
     00000AF4  _devkit_SMS_resetPauseRequest      _sms_manager
     00000AF7  _devkit_isCollisionDetected        _sms_manager
     00000AFE  _devkit_SMS_getKeysStatus          _sms_manager
ASxxxx Linker V03.00 + NoICE + sdld,  page 4.
Hexadecimal  [32-Bits]

Area                                    Addr        Size        Decimal Bytes (Attributes)
--------------------------------        ----        ----        ------- ----- ------------
_CODE                               00000200    0000330D =       13069. bytes (REL,CON)

      Value  Global                              Global Defined In Module
      -----  --------------------------------   ------------------------
     00000B01  _devkit_PORT_A_KEY_UP              _sms_manager
     00000B05  _devkit_PORT_A_KEY_DOWN            _sms_manager
     00000B09  _devkit_PORT_A_KEY_LEFT            _sms_manager
     00000B0D  _devkit_PORT_A_KEY_RIGHT           _sms_manager
     00000B11  _devkit_PORT_A_KEY_1               _sms_manager
     00000B15  _devkit_PORT_A_KEY_2               _sms_manager
     00000B19  _devkit_SPRITEMODE_NORMAL          _sms_manager
     00000B1C  _devkit_VDPFEATURE_HIDEFIRSTCOL    _sms_manager
     00000B74  _devkit_PSGPlay                    _snd_manager
     00000B7E  _devkit_PSGCancelLoop              _snd_manager
     00000B81  _devkit_PSGPlayNoRepeat            _snd_manager
     00000B8B  _devkit_PSGStop                    _snd_manager
     00000B8E  _devkit_PSGResume                  _snd_manager
     00000B91  _devkit_PSGGetStatus               _snd_manager
     00000B94  _devkit_PSGSetMusicVolumeAttenua   _snd_manager
     00000BA0  _devkit_PSGSFXPlay                 _snd_manager
     00000BB5  _devkit_PSGSFXPlayLoop             _snd_manager
     00000BCA  _devkit_PSGSFXCancelLoop           _snd_manager
     00000BCD  _devkit_PSGSFXStop                 _snd_manager
     00000BD0  _devkit_PSGSFXGetStatus            _snd_manager
     00000BD3  _devkit_PSGSilenceChannels         _snd_manager
     00000BD6  _devkit_PSGRestoreVolumes          _snd_manager
     00000BD9  _devkit_PSGFrame                   _snd_manager
     00000BDC  _devkit_PSGSFXFrame                _snd_manager
     00000BDF  _devkit_SFX_CHANNEL2               _snd_manager
     00000BE2  _devkit_SFX_CHANNEL3               _snd_manager
     00000BE5  _devkit_SFX_CHANNELS2AND3          _snd_manager
     00000BE8  _engine_asm_manager_clear_VRAM     asm_manager
     00000BFE  _engine_board_manager_init         board_manager
     00000C20  _engine_board_manager_draw_edge    board_manager
     00000C5A  _engine_command_manager_init       command_manager
     00000CA2  _engine_command_manager_load       command_manager
     00000CB8  _engine_command_move_up            command_manager
     00000CC9  _engine_command_move_up2           command_manager
     00000CDA  _engine_command_move_down          command_manager
     00000CEB  _engine_command_move_left          command_manager
     00000CFC  _engine_command_move_right         command_manager
     00000D0D  _engine_content_manager_load_til   content_manager
     00000D37  _engine_content_manager_load_spr   content_manager
     00000D59  _engine_enemy_manager_init         enemy_manager
     00000E32  _engine_enemy_manager_load         enemy_manager
     00000E47  _engine_enemy_manager_update       enemy_manager
     00000EE2  _engine_enemy_manager_move         enemy_manager
     00000F05  _engine_enemy_manager_draw         enemy_manager
     00000FC4  _engine_font_manager_draw_char     font_manager
     00000FEB  _engine_font_manager_draw_text     font_manager
     00001030  _engine_font_manager_draw_data     font_manager
     000010DB  _engine_font_manager_draw_data_Z   font_manager
     00001162  _engine_hack_manager_init          hack_manager
     0000118B  _engine_hack_manager_invert        hack_manager
     000011D7  _engine_gamer_manager_init         gamer_manager
ASxxxx Linker V03.00 + NoICE + sdld,  page 5.
Hexadecimal  [32-Bits]

Area                                    Addr        Size        Decimal Bytes (Attributes)
--------------------------------        ----        ----        ------- ----- ------------
_CODE                               00000200    0000330D =       13069. bytes (REL,CON)

      Value  Global                              Global Defined In Module
      -----  --------------------------------   ------------------------
     00001255  _engine_gamer_manager_update       gamer_manager
     00001375  _engine_gamer_manager_draw         gamer_manager
     00001393  _engine_gamer_manager_text         gamer_manager
     000013B4  _engine_gamer_manager_move         gamer_manager
     00001413  _engine_input_manager_update       input_manager
     00001420  _engine_input_manager_hold_up      input_manager
     00001429  _engine_input_manager_hold_down    input_manager
     00001432  _engine_input_manager_hold_left    input_manager
     0000143B  _engine_input_manager_hold_right   input_manager
     00001444  _engine_input_manager_hold_fire1   input_manager
     0000144D  _engine_input_manager_hold_fire2   input_manager
     00001456  _engine_input_manager_move_up      input_manager
     0000145F  _engine_input_manager_move_down    input_manager
     00001468  _engine_input_manager_move_left    input_manager
     00001471  _engine_input_manager_move_right   input_manager
     0000147A  _engine_input_manager_move_fire1   input_manager
     00001483  _engine_input_manager_move_fire2   input_manager
     000014D6  _engine_level_manager_init_level   level_manager
     0000156F  _engine_level_manager_load_level   level_manager
     000015E4  _engine_level_manager_draw_level   level_manager
     0000174F  _engine_screen_manager_init        screen_manager
     000017BD  _engine_screen_manager_update      screen_manager
     00001800  _engine_sprite_manager_draw        sprite_manager
     0000181C  _engine_tile_manager_load_tile     tile_manager
     00001871  _engine_tile_manager_load_coll     tile_manager
     00001888  _engine_tile_manager_draw_blank    tile_manager
     000018D9  _engine_tile_manager_draw_tile     tile_manager
     00001906  _engine_tile_manager_draw_tree     tile_manager
     0000196E  _levelAAsize                       level_object
     000019A0  _levelAAbank                       level_object
     000019D2  _levelBBsize                       level_object
     00001A04  _levelBBbank                       level_object
     00001A36  _screen_none_screen_load           none_screen
     00001A37  _screen_none_screen_update         none_screen
     00001A3E  _screen_splash_screen_load         splash_screen
     00001A60  _screen_splash_screen_update       splash_screen
     00001A67  _screen_intro_screen_load          intro_screen
     00001A68  _screen_intro_screen_update        intro_screen
     00001A6F  _screen_title_screen_load          title_screen
     00001A8A  _screen_title_screen_update        title_screen
     00001A91  _screen_load_screen_load           load_screen
     00001AC7  _screen_load_screen_update         load_screen
     00001B7B  _screen_play_screen_load           play_screen
     00001BD8  _screen_play_screen_update         play_screen
     00001BE5  _screen_test_screen_load           test_screen
     00001C36  _screen_test_screen_update         test_screen
     00001C80  _screen_func_screen_load           func_screen
     00001D24  _screen_func_screen_update         func_screen
     00001D7C  _adriana__palette__bin             gfx
     00001D8C  _adriana__tiles__psgcompr          gfx
     00001DCA  _font_tiles__palette__bin          gfx
ASxxxx Linker V03.00 + NoICE + sdld,  page 6.
Hexadecimal  [32-Bits]

Area                                    Addr        Size        Decimal Bytes (Attributes)
--------------------------------        ----        ----        ------- ----- ------------
_CODE                               00000200    0000330D =       13069. bytes (REL,CON)

      Value  Global                              Global Defined In Module
      -----  --------------------------------   ------------------------
     00001DDA  _font_tiles__tilemap__bin          gfx
     00001E5A  _font_tiles__tiles__psgcompr       gfx
     000020F1  _game_title__palette__bin          gfx
     00002101  _game_title__tilemap__bin          gfx
     000021D1  _game_title__tiles__psgcompr       gfx
     0000299C  _sprites__palette__bin             gfx
     000029AC  _sprites__tiles__psgcompr          gfx
     00002DB4  _tree_avoid__palette__bin          gfx
     00002DC4  _tree_avoid__tilemap__bin          gfx
     00002DCC  _tree_avoid__tiles__psgcompr       gfx
     00002E1E  _tree_death__palette__bin          gfx
     00002E2E  _tree_death__tilemap__bin          gfx
     00002E36  _tree_death__tiles__psgcompr       gfx
     00002EA9  __divuint                          
     00002EB1  __divuchar                         
     00002EB8  __divu8                            
     00002EBB  __divu16                           
     00002EEA  _UNSAFE_SMS_copySpritestoSAT       SMSlib_UNSAFE
     00002F02  _UNSAFE_SMS_VRAMmemcpy32           SMSlib_UNSAFE
     00002F1F  _UNSAFE_SMS_VRAMmemcpy64           SMSlib_UNSAFE
     00002F3C  _UNSAFE_SMS_VRAMmemcpy128          SMSlib_UNSAFE
     00002F59  _SMS_init                          SMSlib
     00002FAD  _VDPReg_init                       SMSlib
     00002FB8  _SMS_VDPType                       SMSlib
     00002FC0  _SMS_VDPturnOnFeature              SMSlib
     00002FD7  _SMS_VDPturnOffFeature             SMSlib
     00002FF0  _SMS_setBGScrollX                  SMSlib
     00002FFA  _SMS_setBGScrollY                  SMSlib
     00003004  _SMS_setBackdropColor              SMSlib
     0000300E  _SMS_useFirstHalfTilesforSprites   SMSlib
     00003022  _SMS_setSpriteMode                 SMSlib
     00003067  _SMS_setBGPaletteColor             SMSlib
     0000307B  _SMS_setSpritePaletteColor         SMSlib
     0000308F  _SMS_loadBGPalette                 SMSlib
     000030A3  _SMS_loadSpritePalette             SMSlib
     000030B7  _SMS_setColor                      SMSlib
     000030BB  _SMS_initSprites                   SMSlib
     000030C1  _SMS_addSprite                     SMSlib
     00003116  _SMS_finalizeSprites               SMSlib
     00003128  _SMS_copySpritestoSAT              SMSlib
     00003151  _SMS_waitForVBlank                 SMSlib
     0000315E  _SMS_getKeysStatus                 SMSlib
     00003162  _SMS_getKeysPressed                SMSlib
     0000317F  _SMS_getKeysHeld                   SMSlib
     00003196  _SMS_getKeysReleased               SMSlib
     000031B3  _SMS_queryPauseRequested           SMSlib
     000031BB  _SMS_resetPauseRequest             SMSlib
     000031C1  _SMS_setLineInterruptHandler       SMSlib
     000031D2  _SMS_setLineCounter                SMSlib
     000031E1  _SMS_getVCount                     SMSlib
     000031E5  _SMS_getHCount                     SMSlib
ASxxxx Linker V03.00 + NoICE + sdld,  page 7.
Hexadecimal  [32-Bits]

Area                                    Addr        Size        Decimal Bytes (Attributes)
--------------------------------        ----        ----        ------- ----- ------------
_CODE                               00000200    0000330D =       13069. bytes (REL,CON)

      Value  Global                              Global Defined In Module
      -----  --------------------------------   ------------------------
     000031E9  _SMS_isr                           SMSlib
     0000321F  _SMS_nmi_isr                       SMSlib
     00003232  _SMS_loadSTMcompressedTileMapAre   SMSlib_STMcomp
     00003413  ___sdcc_call_hl                    
     00003414  _SMS_loadPSGaidencompressedTiles   SMSlib_PSGaiden
     000034F6  __moduchar                         
     00003502  __moduint                          
ASxxxx Linker V03.00 + NoICE + sdld,  page 8.
Hexadecimal  [32-Bits]

Area                                    Addr        Size        Decimal Bytes (Attributes)
--------------------------------        ----        ----        ------- ----- ------------
_HEADER0                            00000000    00000006 =           6. bytes (ABS,CON)

      Value  Global                              Global Defined In Module
      -----  --------------------------------   ------------------------
     00000006  _SMS_crt0_RST08                    crt0

ASxxxx Linker V03.00 + NoICE + sdld,  page 9.
Hexadecimal  [32-Bits]

Area                                    Addr        Size        Decimal Bytes (Attributes)
--------------------------------        ----        ----        ------- ----- ------------
_HEADER1                            00000000    00000009 =           9. bytes (ABS,CON)

      Value  Global                              Global Defined In Module
      -----  --------------------------------   ------------------------
     00000011  _SMS_crt0_RST18                    crt0

ASxxxx Linker V03.00 + NoICE + sdld,  page 10.
Hexadecimal  [32-Bits]

Area                                    Addr        Size        Decimal Bytes (Attributes)
--------------------------------        ----        ----        ------- ----- ------------
_HEADER2                            00000000    0000000A =          10. bytes (ABS,CON)

      Value  Global                              Global Defined In Module
      -----  --------------------------------   ------------------------
ASxxxx Linker V03.00 + NoICE + sdld,  page 11.
Hexadecimal  [32-Bits]

Area                                    Addr        Size        Decimal Bytes (Attributes)
--------------------------------        ----        ----        ------- ----- ------------
_HEADER3                            00000000    00000003 =           3. bytes (ABS,CON)

      Value  Global                              Global Defined In Module
      -----  --------------------------------   ------------------------
ASxxxx Linker V03.00 + NoICE + sdld,  page 12.
Hexadecimal  [32-Bits]

Area                                    Addr        Size        Decimal Bytes (Attributes)
--------------------------------        ----        ----        ------- ----- ------------
_HEADER4                            00000000    00000003 =           3. bytes (ABS,CON)

      Value  Global                              Global Defined In Module
      -----  --------------------------------   ------------------------
ASxxxx Linker V03.00 + NoICE + sdld,  page 13.
Hexadecimal  [32-Bits]

Area                                    Addr        Size        Decimal Bytes (Attributes)
--------------------------------        ----        ----        ------- ----- ------------
_HEADER5                            00000000    0000012A =         298. bytes (ABS,CON)

      Value  Global                              Global Defined In Module
      -----  --------------------------------   ------------------------
     00000099  _OUTI128                           crt0
     00000119  _OUTI64                            crt0
     00000159  _OUTI32                            crt0
     00000199  _outi_block                        crt0

ASxxxx Linker V03.00 + NoICE + sdld,  page 14.
Hexadecimal  [32-Bits]

Area                                    Addr        Size        Decimal Bytes (Attributes)
--------------------------------        ----        ----        ------- ----- ------------
_INITIALIZER                        0000350D    000000D0 =         208. bytes (REL,CON)

      Value  Global                              Global Defined In Module
      -----  --------------------------------   ------------------------
ASxxxx Linker V03.00 + NoICE + sdld,  page 15.
Hexadecimal  [32-Bits]

Area                                    Addr        Size        Decimal Bytes (Attributes)
--------------------------------        ----        ----        ------- ----- ------------
_GSINIT                             000035DD    0000000F =          15. bytes (REL,CON)

      Value  Global                              Global Defined In Module
      -----  --------------------------------   ------------------------
     000035DD  gsinit                             crt0

ASxxxx Linker V03.00 + NoICE + sdld,  page 16.
Hexadecimal  [32-Bits]

Area                                    Addr        Size        Decimal Bytes (Attributes)
--------------------------------        ----        ----        ------- ----- ------------
_GSFINAL                            000035EC    00000001 =           1. bytes (REL,CON)

      Value  Global                              Global Defined In Module
      -----  --------------------------------   ------------------------
ASxxxx Linker V03.00 + NoICE + sdld,  page 17.
Hexadecimal  [32-Bits]

Area                                    Addr        Size        Decimal Bytes (Attributes)
--------------------------------        ----        ----        ------- ----- ------------
_DATA                               0000C000    00000466 =        1126. bytes (REL,CON)

      Value  Global                              Global Defined In Module
      -----  --------------------------------   ------------------------
     0000C000  _PSGMusicStatus                    PSGlib
     0000C001  _PSGMusicStart                     PSGlib
     0000C003  _PSGMusicPointer                   PSGlib
     0000C005  _PSGMusicLoopPoint                 PSGlib
     0000C007  _PSGMusicSkipFrames                PSGlib
     0000C008  _PSGLoopFlag                       PSGlib
     0000C009  _PSGMusicLastLatch                 PSGlib
     0000C00A  _PSGMusicVolumeAttenuation         PSGlib
     0000C00B  _PSGMusicSubstringLen              PSGlib
     0000C00C  _PSGMusicSubstringRetAddr          PSGlib
     0000C00E  _PSGChan0Volume                    PSGlib
     0000C00F  _PSGChan1Volume                    PSGlib
     0000C010  _PSGChan2Volume                    PSGlib
     0000C011  _PSGChan3Volume                    PSGlib
     0000C012  _PSGChan2LowTone                   PSGlib
     0000C013  _PSGChan2HighTone                  PSGlib
     0000C014  _PSGChan3LowTone                   PSGlib
     0000C015  _PSGChannel2SFX                    PSGlib
     0000C016  _PSGChannel3SFX                    PSGlib
     0000C017  _PSGSFXChan2Volume                 PSGlib
     0000C018  _PSGSFXChan3Volume                 PSGlib
     0000C019  _PSGSFXStatus                      PSGlib
     0000C01A  _PSGSFXStart                       PSGlib
     0000C01C  _PSGSFXPointer                     PSGlib
     0000C01E  _PSGSFXLoopPoint                   PSGlib
     0000C020  _PSGSFXSkipFrames                  PSGlib
     0000C021  _PSGSFXLoopFlag                    PSGlib
     0000C022  _PSGSFXSubstringLen                PSGlib
     0000C023  _PSGSFXSubstringRetAddr            PSGlib
     0000C025  _global_board_object               board_manager
     0000C03D  _global_command_object             command_manager
     0000C1E4  _global_enemy_objects              enemy_manager
     0000C217  _global_hack_object                hack_manager
     0000C21B  _global_gamer_object               gamer_manager
     0000C22C  _global_level_object               level_manager
     0000C37B  _VDPBlank                          SMSlib
     0000C37C  _SMS_VDPFlags                      SMSlib
     0000C37D  _PauseRequested                    SMSlib
     0000C37E  _VDPType                           SMSlib
     0000C37F  _KeysStatus                        SMSlib
     0000C381  _PreviousKeysStatus                SMSlib
     0000C383  _SpriteTableY                      SMSlib
     0000C3C3  _SpriteTableXN                     SMSlib
     0000C443  _SpriteNextFree                    SMSlib
     0000C444  _SMS_theLineInterruptHandler       SMSlib
     0000C446  _decompBuffer                      SMSlib_PSGaiden

ASxxxx Linker V03.00 + NoICE + sdld,  page 18.
Hexadecimal  [32-Bits]

Area                                    Addr        Size        Decimal Bytes (Attributes)
--------------------------------        ----        ----        ------- ----- ------------
_INITIALIZED                        0000C466    000000D0 =         208. bytes (REL,CON)

      Value  Global                              Global Defined In Module
      -----  --------------------------------   ------------------------
     0000C46A  _levelAAdata                       level_object
     0000C4CE  _levelBBdata                       level_object
     0000C532  _VDPReg                            SMSlib
     0000C534  _spritesHeight                     SMSlib
     0000C535  _spritesWidth                      SMSlib

ASxxxx Linker V03.00 + NoICE + sdld,  page 19.
Hexadecimal  [32-Bits]

Area                                    Addr        Size        Decimal Bytes (Attributes)
--------------------------------        ----        ----        ------- ----- ------------
_BANK2                              00008000    00001770 =        6000. bytes (REL,CON)

      Value  Global                              Global Defined In Module
      -----  --------------------------------   ------------------------
     00008000  _level0101_txt                     bank2
     00008078  _level0102_txt                     bank2
     000080F0  _level0103_txt                     bank2
     00008168  _level0104_txt                     bank2
     000081E0  _level0105_txt                     bank2
     00008258  _level0106_txt                     bank2
     000082D0  _level0107_txt                     bank2
     00008348  _level0108_txt                     bank2
     000083C0  _level0109_txt                     bank2
     00008438  _level0110_txt                     bank2
     000084B0  _level0201_txt                     bank2
     00008528  _level0202_txt                     bank2
     000085A0  _level0203_txt                     bank2
     00008618  _level0204_txt                     bank2
     00008690  _level0205_txt                     bank2
     00008708  _level0206_txt                     bank2
     00008780  _level0207_txt                     bank2
     000087F8  _level0208_txt                     bank2
     00008870  _level0209_txt                     bank2
     000088E8  _level0210_txt                     bank2
     00008960  _level0301_txt                     bank2
     000089D8  _level0302_txt                     bank2
     00008A50  _level0303_txt                     bank2
     00008AC8  _level0304_txt                     bank2
     00008B40  _level0305_txt                     bank2
     00008BB8  _level0306_txt                     bank2
     00008C30  _level0307_txt                     bank2
     00008CA8  _level0308_txt                     bank2
     00008D20  _level0309_txt                     bank2
     00008D98  _level0310_txt                     bank2
     00008E10  _level0401_txt                     bank2
     00008E88  _level0402_txt                     bank2
     00008F00  _level0403_txt                     bank2
     00008F78  _level0404_txt                     bank2
     00008FF0  _level0405_txt                     bank2
     00009068  _level0406_txt                     bank2
     000090E0  _level0407_txt                     bank2
     00009158  _level0408_txt                     bank2
     000091D0  _level0409_txt                     bank2
     00009248  _level0410_txt                     bank2
     000092C0  _level0501_txt                     bank2
     00009338  _level0502_txt                     bank2
     000093B0  _level0503_txt                     bank2
     00009428  _level0504_txt                     bank2
     000094A0  _level0505_txt                     bank2
     00009518  _level0506_txt                     bank2
     00009590  _level0507_txt                     bank2
     00009608  _level0508_txt                     bank2
     00009680  _level0509_txt                     bank2
     000096F8  _level0510_txt                     bank2

ASxxxx Linker V03.00 + NoICE + sdld,  page 20.
Hexadecimal  [32-Bits]

Area                                    Addr        Size        Decimal Bytes (Attributes)
--------------------------------        ----        ----        ------- ----- ------------
_BANK3                              00008000    00001770 =        6000. bytes (REL,CON)

      Value  Global                              Global Defined In Module
      -----  --------------------------------   ------------------------
     00008000  _level0601_txt                     bank3
     00008078  _level0602_txt                     bank3
     000080F0  _level0603_txt                     bank3
     00008168  _level0604_txt                     bank3
     000081E0  _level0605_txt                     bank3
     00008258  _level0606_txt                     bank3
     000082D0  _level0607_txt                     bank3
     00008348  _level0608_txt                     bank3
     000083C0  _level0609_txt                     bank3
     00008438  _level0610_txt                     bank3
     000084B0  _level0701_txt                     bank3
     00008528  _level0702_txt                     bank3
     000085A0  _level0703_txt                     bank3
     00008618  _level0704_txt                     bank3
     00008690  _level0705_txt                     bank3
     00008708  _level0706_txt                     bank3
     00008780  _level0707_txt                     bank3
     000087F8  _level0708_txt                     bank3
     00008870  _level0709_txt                     bank3
     000088E8  _level0710_txt                     bank3
     00008960  _level0801_txt                     bank3
     000089D8  _level0802_txt                     bank3
     00008A50  _level0803_txt                     bank3
     00008AC8  _level0804_txt                     bank3
     00008B40  _level0805_txt                     bank3
     00008BB8  _level0806_txt                     bank3
     00008C30  _level0807_txt                     bank3
     00008CA8  _level0808_txt                     bank3
     00008D20  _level0809_txt                     bank3
     00008D98  _level0810_txt                     bank3
     00008E10  _level0901_txt                     bank3
     00008E88  _level0902_txt                     bank3
     00008F00  _level0903_txt                     bank3
     00008F78  _level0904_txt                     bank3
     00008FF0  _level0905_txt                     bank3
     00009068  _level0906_txt                     bank3
     000090E0  _level0907_txt                     bank3
     00009158  _level0908_txt                     bank3
     000091D0  _level0909_txt                     bank3
     00009248  _level0910_txt                     bank3
     000092C0  _level1001_txt                     bank3
     00009338  _level1002_txt                     bank3
     000093B0  _level1003_txt                     bank3
     00009428  _level1004_txt                     bank3
     000094A0  _level1005_txt                     bank3
     00009518  _level1006_txt                     bank3
     00009590  _level1007_txt                     bank3
     00009608  _level1008_txt                     bank3
     00009680  _level1009_txt                     bank3
     000096F8  _level1010_txt                     bank3

ASxxxx Linker V03.00 + NoICE + sdld,  page 21.
Hexadecimal  [32-Bits]

Area                                    Addr        Size        Decimal Bytes (Attributes)
--------------------------------        ----        ----        ------- ----- ------------
_CABS0                              00000000    00000010 =          16. bytes (ABS,CON)

      Value  Global                              Global Defined In Module
      -----  --------------------------------   ------------------------
     00007FF0  ___SMS__SEGA_signature             _sms_manager

ASxxxx Linker V03.00 + NoICE + sdld,  page 22.
Hexadecimal  [32-Bits]

Area                                    Addr        Size        Decimal Bytes (Attributes)
--------------------------------        ----        ----        ------- ----- ------------
_CABS1                              00000000    0000000E =          14. bytes (ABS,CON)

      Value  Global                              Global Defined In Module
      -----  --------------------------------   ------------------------
     00007FD2  ___SMS__SDSC_author                _sms_manager

ASxxxx Linker V03.00 + NoICE + sdld,  page 23.
Hexadecimal  [32-Bits]

Area                                    Addr        Size        Decimal Bytes (Attributes)
--------------------------------        ----        ----        ------- ----- ------------
_CABS2                              00000000    0000000E =          14. bytes (ABS,CON)

      Value  Global                              Global Defined In Module
      -----  --------------------------------   ------------------------
     00007FC4  ___SMS__SDSC_name                  _sms_manager

ASxxxx Linker V03.00 + NoICE + sdld,  page 24.
Hexadecimal  [32-Bits]

Area                                    Addr        Size        Decimal Bytes (Attributes)
--------------------------------        ----        ----        ------- ----- ------------
_CABS3                              00000000    00000038 =          56. bytes (ABS,CON)

      Value  Global                              Global Defined In Module
      -----  --------------------------------   ------------------------
     00007F8C  ___SMS__SDSC_descr                 _sms_manager

ASxxxx Linker V03.00 + NoICE + sdld,  page 25.
Hexadecimal  [32-Bits]

Area                                    Addr        Size        Decimal Bytes (Attributes)
--------------------------------        ----        ----        ------- ----- ------------
_CABS4                              00000000    00000010 =          16. bytes (ABS,CON)

      Value  Global                              Global Defined In Module
      -----  --------------------------------   ------------------------
     00007FE0  ___SMS__SDSC_signature             _sms_manager

ASxxxx Linker V03.00 + NoICE + sdld,  page 26.

Files Linked                              [ module(s) ]

..\crt0\crt0_sms.rel                      [ crt0 ]
main.rel                                  [ main ]
..\lib\PSGlib.rel                         [ PSGlib ]
banks\bank2.rel                           [ bank2 ]
banks\bank3.rel                           [ bank3 ]
devkit\_sms_manager.rel                   [ _sms_manager ]
devkit\_snd_manager.rel                   [ _snd_manager ]
engine\asm_manager.rel                    [ asm_manager ]
engine\board_manager.rel                  [ board_manager ]
engine\command_manager.rel                [ command_manager ]
engine\content_manager.rel                [ content_manager ]
engine\enemy_manager.rel                  [ enemy_manager ]
engine\enum_manager.rel                   [ enum_manager ]
engine\event_manager.rel                  [ event_manager ]
engine\font_manager.rel                   [ font_manager ]
engine\hack_manager.rel                   [ hack_manager ]
engine\gamer_manager.rel                  [ gamer_manager ]
engine\global_manager.rel                 [ global_manager ]
engine\input_manager.rel                  [ input_manager ]
engine\level_manager.rel                  [ level_manager ]
engine\mask_manager.rel                   [ mask_manager ]
engine\screen_manager.rel                 [ screen_manager ]
engine\sprite_manager.rel                 [ sprite_manager ]
engine\tile_manager.rel                   [ tile_manager ]
object\board_object.rel                   [ board_object ]
object\command_object.rel                 [ command_object ]
object\enemy_object.rel                   [ enemy_object ]
object\gamer_object.rel                   [ gamer_object ]
object\hack_object.rel                    [ hack_object ]
object\level_object.rel                   [ level_object ]
screen\none_screen.rel                    [ none_screen ]
screen\splash_screen.rel                  [ splash_screen ]
screen\intro_screen.rel                   [ intro_screen ]
screen\title_screen.rel                   [ title_screen ]
screen\load_screen.rel                    [ load_screen ]
screen\play_screen.rel                    [ play_screen ]
screen\test_screen.rel                    [ test_screen ]
screen\func_screen.rel                    [ func_screen ]
gfx.rel                                   [ gfx ]


Libraries Linked                          [ object file ]

C:\Program Files\SDCC\bin\..\lib\z80/z80.lib
                                          [ divunsigned.rel ]
..\lib\SMSlib.lib                         [ SMSlib_UNSAFE.rel ]
..\lib\SMSlib.lib                         [ SMSlib.rel ]
..\lib\SMSlib.lib                         [ SMSlib_STMcomp.rel ]
C:\Program Files\SDCC\bin\..\lib\z80/z80.lib
                                          [ __sdcc_call_hl.rel ]
..\lib\SMSlib.lib                         [ SMSlib_PSGaiden.rel ]
C:\Program Files\SDCC\bin\..\lib\z80/z80.lib
                                          [ modunsigned.rel ]

ASxxxx Linker V03.00 + NoICE + sdld,  page 27.

User Base Address Definitions

_CODE = 0x0200
_DATA = 0xc000
_BANK2=0x8000
_BANK3=0x8000

