                              1 ;--------------------------------------------------------
                              2 ; File Created by SDCC : free open source ANSI-C Compiler
                              3 ; Version 3.6.9 #9960 (MINGW64)
                              4 ;--------------------------------------------------------
                              5 	.module content_manager
                              6 	.optsdcc -mz80
                              7 	
                              8 ;--------------------------------------------------------
                              9 ; Public variables in this module
                             10 ;--------------------------------------------------------
                             11 	.globl _devkit_SMS_loadBGPalette
                             12 	.globl _devkit_SMS_loadPSGaidencompressedTiles
                             13 	.globl _engine_content_manager_load_tiles
                             14 	.globl _engine_content_manager_load_sprites
                             15 ;--------------------------------------------------------
                             16 ; special function registers
                             17 ;--------------------------------------------------------
                             18 ;--------------------------------------------------------
                             19 ; ram data
                             20 ;--------------------------------------------------------
                             21 	.area _DATA
                             22 ;--------------------------------------------------------
                             23 ; ram data
                             24 ;--------------------------------------------------------
                             25 	.area _INITIALIZED
                             26 ;--------------------------------------------------------
                             27 ; absolute external ram data
                             28 ;--------------------------------------------------------
                             29 	.area _DABS (ABS)
                             30 ;--------------------------------------------------------
                             31 ; global & static initialisations
                             32 ;--------------------------------------------------------
                             33 	.area _HOME
                             34 	.area _GSINIT
                             35 	.area _GSFINAL
                             36 	.area _GSINIT
                             37 ;--------------------------------------------------------
                             38 ; Home
                             39 ;--------------------------------------------------------
                             40 	.area _HOME
                             41 	.area _HOME
                             42 ;--------------------------------------------------------
                             43 ; code
                             44 ;--------------------------------------------------------
                             45 	.area _CODE
                             46 ;content_manager.c:9: void engine_content_manager_load_tiles()
                             47 ;	---------------------------------
                             48 ; Function engine_content_manager_load_tiles
                             49 ; ---------------------------------
   0000                      50 _engine_content_manager_load_tiles::
                             51 ;content_manager.c:16: devkit_SMS_loadPSGaidencompressedTiles( data_tiles__tiles__psgcompr, TREE_TILES );
   0000 21 40 00      [10]   52 	ld	hl, #0x0040
   0003 E5            [11]   53 	push	hl
   0004 21r00r00      [10]   54 	ld	hl, #_data_tiles__tiles__psgcompr
   0007 E5            [11]   55 	push	hl
   0008 CDr00r00      [17]   56 	call	_devkit_SMS_loadPSGaidencompressedTiles
   000B F1            [10]   57 	pop	af
   000C F1            [10]   58 	pop	af
                             59 ;content_manager.c:17: devkit_SMS_loadBGPalette( ( void * ) data_tiles__palette__bin );
   000D 01r00r00      [10]   60 	ld	bc, #_data_tiles__palette__bin+0
   0010 C5            [11]   61 	push	bc
   0011 CDr00r00      [17]   62 	call	_devkit_SMS_loadBGPalette
   0014 F1            [10]   63 	pop	af
   0015 C9            [10]   64 	ret
                             65 ;content_manager.c:25: void engine_content_manager_load_sprites()
                             66 ;	---------------------------------
                             67 ; Function engine_content_manager_load_sprites
                             68 ; ---------------------------------
   0016                      69 _engine_content_manager_load_sprites::
                             70 ;content_manager.c:36: }
   0016 C9            [10]   71 	ret
                             72 	.area _CODE
                             73 	.area _INITIALIZER
                             74 	.area _CABS (ABS)
