ASxxxx Linker V03.00 + NoICE + sdld,  page 1.
Hexadecimal  [32-Bits]

Area                                    Addr        Size        Decimal Bytes (Attributes)
--------------------------------        ----        ----        ------- ----- ------------
.  .ABS.                            00000000    00000000 =           0. bytes (ABS,CON)

      Value  Global                              Global Defined In Module
      -----  --------------------------------   ------------------------
     00000000  .__.ABS.                           
     00000000  l__BSEG                         
     00000000  l__BSS                          
     00000000  l__CABS                         
     00000000  l__DABS                         
     00000000  l__HEADER                       
     00000000  l__HEAP                         
     00000000  s__CABS                         
     00000000  s__CABS0                        
     00000000  s__CABS1                        
     00000000  s__CABS2                        
     00000000  s__CABS3                        
     00000000  s__CABS4                        
     00000000  s__DABS                         
     00000000  s__HEADER                       
     00000000  s__HEADER0                      
     00000000  s__HEADER1                      
     00000000  s__HEADER2                      
     00000000  s__HEADER3                      
     00000000  s__HEADER4                      
     00000000  s__HEADER5                      
     00000001  l__GSFINAL                      
     00000003  l__HEADER3                      
     00000003  l__HEADER4                      
     00000006  l__HEADER0                      
     00000009  l__HEADER1                      
     0000000A  l__HEADER2                      
     0000000E  l__CABS1                        
     0000000E  l__CABS2                        
     0000000F  l__GSINIT                       
     0000000F  l__INITIALIZED                  
     0000000F  l__INITIALIZER                  
     00000010  l__CABS0                        
     00000010  l__CABS4                        
     00000038  l__CABS3                        
     0000012A  l__HEADER5                      
     00000200  s__CODE                         
     000002BD  l__HOME                         
     0000057C  l__DATA                         
     00003ABE  l__CODE                         
     00003CBE  s__HOME                         
     00003F7B  s__INITIALIZER                  
     00003F8A  s__GSINIT                       
     00003F99  s__GSFINAL                      
     00008000  _SMS_SRAM                          SMSlib_PSGaiden
     0000C000  s__DATA                         
     0000C57C  s__INITIALIZED                  
     0000C58B  s__BSEG                         
     0000C58B  s__BSS                          
     0000C58B  s__HEAP                         
ASxxxx Linker V03.00 + NoICE + sdld,  page 2.
Hexadecimal  [32-Bits]

Area                                    Addr        Size        Decimal Bytes (Attributes)
--------------------------------        ----        ----        ------- ----- ------------
.  .ABS.                            00000000    00000000 =           0. bytes (ABS,CON)

      Value  Global                              Global Defined In Module
      -----  --------------------------------   ------------------------
     0000FFFC  _SRAM_bank_to_be_mapped_on_slot2   SMSlib_PSGaiden
     0000FFFF  _ROM_bank_to_be_mapped_on_slot2    SMSlib_PSGaiden

ASxxxx Linker V03.00 + NoICE + sdld,  page 3.
Hexadecimal  [32-Bits]

Area                                    Addr        Size        Decimal Bytes (Attributes)
--------------------------------        ----        ----        ------- ----- ------------
_CODE                               00000200    00003ABE =       15038. bytes (REL,CON)

      Value  Global                              Global Defined In Module
      -----  --------------------------------   ------------------------
     00000200  __clock                            crt0
     00000204  _exit                              crt0
     0000020A  _main                              main
     00000259  _PSGStop                           PSGlib
     00000280  _PSGResume                         PSGlib
     000002CC  _PSGPlay                           PSGlib
     000002F9  _PSGCancelLoop                     PSGlib
     000002FF  _PSGPlayNoRepeat                   PSGlib
     0000030E  _PSGGetStatus                      PSGlib
     00000316  _PSGSilenceChannels                PSGlib
     00000327  _PSGRestoreVolumes                 PSGlib
     000003F8  _PSGSetMusicVolumeAttenuation      PSGlib
     000004BD  _PSGSFXStop                        PSGlib
     00000576  _PSGSFXPlay                        PSGlib
     000005C3  _PSGSFXCancelLoop                  PSGlib
     000005C9  _PSGSFXGetStatus                   PSGlib
     000005D1  _PSGSFXPlayLoop                    PSGlib
     000005EB  _PSGFrame                          PSGlib
     00000704  _PSGSFXFrame                       PSGlib
     0000078A  _devkit_SMS_init                   _sms_manager
     0000078D  _devkit_SMS_displayOn              _sms_manager
     00000793  _devkit_SMS_displayOff             _sms_manager
     00000799  _devkit_SMS_mapROMBank             _sms_manager
     000007A2  _devkit_SMS_enableSRAM             _sms_manager
     000007A8  _devkit_SMS_enableSRAMBank         _sms_manager
     000007B7  _devkit_SMS_disableSRAM            _sms_manager
     000007BD  _devkit_SMS_SRAM                   _sms_manager
     000007C1  _devkit_SMS_setSpriteMode          _sms_manager
     000007CD  _devkit_SMS_useFirstHalfTilesfor   _sms_manager
     000007D2  _devkit_SMS_useFirstHalfTilesfor   _sms_manager
     000007D7  _devkit_SMS_VDPturnOnFeature       _sms_manager
     000007DE  _devkit_SMS_loadPSGaidencompress   _sms_manager
     000007F4  _devkit_SMS_loadSTMcompressedTil   _sms_manager
     00000815  _devkit_SMS_loadBGPalette          _sms_manager
     0000081C  _devkit_SMS_loadSpritePalette      _sms_manager
     00000823  _devkit_SMS_setSpritePaletteColo   _sms_manager
     0000084B  _devkit_SMS_setNextTileatXY        _sms_manager
     00000874  _devkit_SMS_setTile                _sms_manager
     00000882  _devkit_SMS_addSprite              _sms_manager
     0000089D  _devkit_SMS_addSprite_bulk4        _sms_manager
     00000909  _devkit_SMS_addSprite_bulk8        _sms_manager
     000009EB  _devkit_SMS_addSprite_bulk12       _sms_manager
     00000AF0  _devkit_SMS_initSprites            _sms_manager
     00000AF3  _devkit_SMS_finalizeSprites        _sms_manager
     00000AF6  _devkit_SMS_waitForVBlank          _sms_manager
     00000AF9  _devkit_SMS_copySpritestoSAT       _sms_manager
     00000AFC  _devkit_UNSAFE_SMS_copySpritesto   _sms_manager
     00000AFF  _devkit_SMS_queryPauseRequested    _sms_manager
     00000B02  _devkit_SMS_resetPauseRequest      _sms_manager
     00000B05  _devkit_isCollisionDetected        _sms_manager
ASxxxx Linker V03.00 + NoICE + sdld,  page 4.
Hexadecimal  [32-Bits]

Area                                    Addr        Size        Decimal Bytes (Attributes)
--------------------------------        ----        ----        ------- ----- ------------
_CODE                               00000200    00003ABE =       15038. bytes (REL,CON)

      Value  Global                              Global Defined In Module
      -----  --------------------------------   ------------------------
     00000B0C  _devkit_SMS_getKeysStatus          _sms_manager
     00000B0F  _devkit_PORT_A_KEY_UP              _sms_manager
     00000B13  _devkit_PORT_A_KEY_DOWN            _sms_manager
     00000B17  _devkit_PORT_A_KEY_LEFT            _sms_manager
     00000B1B  _devkit_PORT_A_KEY_RIGHT           _sms_manager
     00000B1F  _devkit_PORT_A_KEY_1               _sms_manager
     00000B23  _devkit_PORT_A_KEY_2               _sms_manager
     00000B27  _devkit_SPRITEMODE_NORMAL          _sms_manager
     00000B2A  _devkit_VDPFEATURE_HIDEFIRSTCOL    _sms_manager
     00000B82  _devkit_PSGPlay                    _snd_manager
     00000B8C  _devkit_PSGCancelLoop              _snd_manager
     00000B8F  _devkit_PSGPlayNoRepeat            _snd_manager
     00000B99  _devkit_PSGStop                    _snd_manager
     00000B9C  _devkit_PSGResume                  _snd_manager
     00000B9F  _devkit_PSGGetStatus               _snd_manager
     00000BA2  _devkit_PSGSetMusicVolumeAttenua   _snd_manager
     00000BAE  _devkit_PSGSFXPlay                 _snd_manager
     00000BC3  _devkit_PSGSFXPlayLoop             _snd_manager
     00000BD8  _devkit_PSGSFXCancelLoop           _snd_manager
     00000BDB  _devkit_PSGSFXStop                 _snd_manager
     00000BDE  _devkit_PSGSFXGetStatus            _snd_manager
     00000BE1  _devkit_PSGSilenceChannels         _snd_manager
     00000BE4  _devkit_PSGRestoreVolumes          _snd_manager
     00000BE7  _devkit_PSGFrame                   _snd_manager
     00000BEA  _devkit_PSGSFXFrame                _snd_manager
     00000BED  _devkit_SFX_CHANNEL2               _snd_manager
     00000BF0  _devkit_SFX_CHANNEL3               _snd_manager
     00000BF3  _devkit_SFX_CHANNELS2AND3          _snd_manager
     00000BF6  _engine_asm_manager_clear_VRAM     asm_manager
     00000C0C  _engine_actor_manager_update       actor_manager
     00000C0D  _engine_actor_manager_exec_fire    actor_manager
     00000C25  _engine_actor_manager_exec_jump    actor_manager
     00000C62  _engine_actor_manager_exec_move    actor_manager
     00000CC2  _engine_actor_manager_undo_fire    actor_manager
     00000CDA  _engine_actor_manager_undo_jump    actor_manager
     00000CF2  _engine_actor_manager_undo_move    actor_manager
     00000DB4  _engine_board_manager_init         board_manager
     00000DD6  _engine_board_manager_draw_edge    board_manager
     00000E10  _engine_command_manager_init       command_manager
     00000E4B  _engine_command_manager_add        command_manager
     00000ECE  _engine_command_manager_execute    command_manager
     00000F3B  _engine_command_manager_undo       command_manager
     00000F3C  _engine_command_manager_setframe   command_manager
     00000F82  _engine_content_manager_load_til   content_manager
     00000FAC  _engine_content_manager_load_spr   content_manager
     00000FC2  _engine_delay_manager_init         delay_manager
     00000FCB  _engine_delay_manager_load         delay_manager
     00000FE4  _engine_delay_manager_update       delay_manager
     0000100A  _engine_delay_manager_draw         delay_manager
     00001020  _engine_enemy_manager_init         enemy_manager
     0000110D  _engine_enemy_manager_load         enemy_manager
ASxxxx Linker V03.00 + NoICE + sdld,  page 5.
Hexadecimal  [32-Bits]

Area                                    Addr        Size        Decimal Bytes (Attributes)
--------------------------------        ----        ----        ------- ----- ------------
_CODE                               00000200    00003ABE =       15038. bytes (REL,CON)

      Value  Global                              Global Defined In Module
      -----  --------------------------------   ------------------------
     00001122  _engine_enemy_manager_update       enemy_manager
     000011C0  _engine_enemy_manager_move         enemy_manager
     000011E3  _engine_enemy_manager_draw         enemy_manager
     000012BE  _engine_event_manager_init         event_manager
     000012DD  _engine_event_manager_clear        event_manager
     000012E3  _engine_event_manager_add_event    event_manager
     0000130A  _engine_event_manager_process_ev   event_manager
     00001373  _engine_event_manager_process_ev   event_manager
     0000138F  _engine_event_manager_kidMove      event_manager
     000013C0  _engine_event_manager_move1        event_manager
     00001427  _engine_font_manager_draw_char     font_manager
     0000144E  _engine_font_manager_draw_text     font_manager
     00001493  _engine_font_manager_draw_data     font_manager
     00001570  _engine_font_manager_draw_data_Z   font_manager
     000015F7  _engine_frame_manager_init         frame_manager
     00001603  _engine_frame_manager_load         frame_manager
     0000160A  _engine_frame_manager_update       frame_manager
     0000162B  _engine_frame_manager_draw         frame_manager
     00001641  _engine_gamer_manager_init         gamer_manager
     000016C4  _engine_gamer_manager_update       gamer_manager
     00001819  _engine_gamer_manager_stop         gamer_manager
     00001826  _engine_gamer_manager_updateX      gamer_manager
     0000198D  _engine_gamer_manager_draw         gamer_manager
     000019AF  _engine_gamer_manager_text         gamer_manager
     000019E6  _engine_gamer_manager_move         gamer_manager
     00001A00  _engine_gamer_manager_direction    gamer_manager
     00001A7B  _engine_hack_manager_init          hack_manager
     00001AA4  _engine_hack_manager_invert        hack_manager
     00001AF0  _engine_input_manager_update       input_manager
     00001AFD  _engine_input_manager_hold_up      input_manager
     00001B06  _engine_input_manager_hold_down    input_manager
     00001B0F  _engine_input_manager_hold_left    input_manager
     00001B18  _engine_input_manager_hold_right   input_manager
     00001B21  _engine_input_manager_hold_fire1   input_manager
     00001B2A  _engine_input_manager_hold_fire2   input_manager
     00001B33  _engine_input_manager_move_up      input_manager
     00001B3C  _engine_input_manager_move_down    input_manager
     00001B45  _engine_input_manager_move_left    input_manager
     00001B4E  _engine_input_manager_move_right   input_manager
     00001B57  _engine_input_manager_move_fire1   input_manager
     00001B60  _engine_input_manager_move_fire2   input_manager
     00001BC1  _engine_move_manager_check         move_manager
     00001BD5  _engine_screen_manager_init        screen_manager
     00001C67  _engine_screen_manager_update      screen_manager
     00001CAA  _engine_sprite_manager_draw        sprite_manager
     00001CC6  _engine_state_manager_init         state_manager
     00001CD0  _engine_state_manager_set_exits    state_manager
     00001CDE  _engine_state_manager_set_trees    state_manager
     00001CEC  _isSaveGamePresent                 storage_manager
     00001D1B  _readSaveGame                      storage_manager
     00001D43  _writeSaveGame                     storage_manager
ASxxxx Linker V03.00 + NoICE + sdld,  page 6.
Hexadecimal  [32-Bits]

Area                                    Addr        Size        Decimal Bytes (Attributes)
--------------------------------        ----        ----        ------- ----- ------------
_CODE                               00000200    00003ABE =       15038. bytes (REL,CON)

      Value  Global                              Global Defined In Module
      -----  --------------------------------   ------------------------
     00001D74  _getPoints                         storage_manager
     00001D78  _incPoints                         storage_manager
     00001D84  _engine_tile_manager_load_tile     tile_manager
     00001DD9  _engine_tile_manager_load_coll     tile_manager
     00001DF0  _engine_tile_manager_draw_tile     tile_manager
     00001E66  _engine_tile_manager_draw_blank    tile_manager
     00001EB9  _engine_tile_manager_draw_tree     tile_manager
     00001ED6  _engine_tile_manager_draw_candy    tile_manager
     00001EF5  _engine_tile_manager_draw_bonus    tile_manager
     00001FA6  _screen_none_screen_load           none_screen
     00001FA7  _screen_none_screen_update         none_screen
     00001FAE  _screen_splash_screen_load         splash_screen
     00001FD0  _screen_splash_screen_update       splash_screen
     00001FD7  _screen_intro_screen_load          intro_screen
     0000204E  _screen_intro_screen_update        intro_screen
     00002111  _screen_title_screen_load          title_screen
     00002142  _screen_title_screen_update        title_screen
     0000219B  _screen_load_screen_load           load_screen
     000021D1  _screen_load_screen_update         load_screen
     00002289  _screen_demo_screen_load           demo_screen
     000022BC  _screen_demo_screen_update         demo_screen
     0000232E  _screen_play_screen_load           play_screen
     000023C4  _screen_play_screen_update         play_screen
     000024CD  _screen_record_screen_load         record_screen
     000024E9  _screen_record_screen_update       record_screen
     000024F0  _screen_save_screen_load           save_screen
     0000250C  _screen_save_screen_update         save_screen
     00002513  _screen_test_screen_load           test_screen
     00002564  _screen_test_screen_update         test_screen
     00002592  _screen_func_screen_load           func_screen
     00002639  _screen_func_screen_update         func_screen
     0000268E  _font_tiles__palette__bin          gfx
     0000269E  _font_tiles__tilemap__bin          gfx
     0000271E  _font_tiles__tiles__psgcompr       gfx
     000029B5  _game_tiles__palette__bin          gfx
     000029C5  _game_tiles__tilemap__bin          gfx
     00002A95  _game_tiles__tiles__psgcompr       gfx
     00003020  _sprites__palette__bin             gfx
     00003030  _sprites__tiles__psgcompr          gfx
     00003572  __divuint                          
     0000357A  __divuchar                         
     00003581  __divu8                            
     00003584  __divu16                           
     000035B3  _UNSAFE_SMS_copySpritestoSAT       SMSlib_UNSAFE
     000035CB  _UNSAFE_SMS_VRAMmemcpy32           SMSlib_UNSAFE
     000035E8  _UNSAFE_SMS_VRAMmemcpy64           SMSlib_UNSAFE
     00003605  _UNSAFE_SMS_VRAMmemcpy128          SMSlib_UNSAFE
     00003622  _SMS_init                          SMSlib
     00003676  _VDPReg_init                       SMSlib
     00003681  _SMS_VDPType                       SMSlib
     00003689  _SMS_VDPturnOnFeature              SMSlib
ASxxxx Linker V03.00 + NoICE + sdld,  page 7.
Hexadecimal  [32-Bits]

Area                                    Addr        Size        Decimal Bytes (Attributes)
--------------------------------        ----        ----        ------- ----- ------------
_CODE                               00000200    00003ABE =       15038. bytes (REL,CON)

      Value  Global                              Global Defined In Module
      -----  --------------------------------   ------------------------
     000036A0  _SMS_VDPturnOffFeature             SMSlib
     000036B9  _SMS_setBGScrollX                  SMSlib
     000036C3  _SMS_setBGScrollY                  SMSlib
     000036CD  _SMS_setBackdropColor              SMSlib
     000036D7  _SMS_useFirstHalfTilesforSprites   SMSlib
     000036EB  _SMS_setSpriteMode                 SMSlib
     00003730  _SMS_setBGPaletteColor             SMSlib
     00003744  _SMS_setSpritePaletteColor         SMSlib
     00003758  _SMS_loadBGPalette                 SMSlib
     0000376C  _SMS_loadSpritePalette             SMSlib
     00003780  _SMS_setColor                      SMSlib
     00003784  _SMS_initSprites                   SMSlib
     0000378A  _SMS_addSprite                     SMSlib
     000037DF  _SMS_finalizeSprites               SMSlib
     000037F1  _SMS_copySpritestoSAT              SMSlib
     0000381A  _SMS_waitForVBlank                 SMSlib
     00003827  _SMS_getKeysStatus                 SMSlib
     0000382B  _SMS_getKeysPressed                SMSlib
     00003848  _SMS_getKeysHeld                   SMSlib
     0000385F  _SMS_getKeysReleased               SMSlib
     0000387C  _SMS_queryPauseRequested           SMSlib
     00003884  _SMS_resetPauseRequest             SMSlib
     0000388A  _SMS_setLineInterruptHandler       SMSlib
     0000389B  _SMS_setLineCounter                SMSlib
     000038AA  _SMS_getVCount                     SMSlib
     000038AE  _SMS_getHCount                     SMSlib
     000038B2  _SMS_isr                           SMSlib
     000038E8  _SMS_nmi_isr                       SMSlib
     000038FB  _rand                              rand
     0000394B  _srand                             rand
     00003968  _SMS_loadSTMcompressedTileMapAre   SMSlib_STMcomp
     00003B49  ___sdcc_call_hl                    
     00003B4A  _SMS_loadPSGaidencompressedTiles   SMSlib_PSGaiden
     00003C2C  __modschar                         
     00003C39  __modsint                          
     00003C45  __moduchar                         
     00003C51  __moduint                          
     00003C5C  __divsint                          
     00003C65  __divschar                         
     00003C6C  __div8                             
     00003C70  __div_signexte                     
     00003C74  __div16                            
     00003C9A  __get_remainder                    
     00003CA4  __mulint                           
     00003CAA  __mul16                            

ASxxxx Linker V03.00 + NoICE + sdld,  page 8.
Hexadecimal  [32-Bits]

Area                                    Addr        Size        Decimal Bytes (Attributes)
--------------------------------        ----        ----        ------- ----- ------------
_HEADER0                            00000000    00000006 =           6. bytes (ABS,CON)

      Value  Global                              Global Defined In Module
      -----  --------------------------------   ------------------------
     00000006  _SMS_crt0_RST08                    crt0

ASxxxx Linker V03.00 + NoICE + sdld,  page 9.
Hexadecimal  [32-Bits]

Area                                    Addr        Size        Decimal Bytes (Attributes)
--------------------------------        ----        ----        ------- ----- ------------
_HEADER1                            00000000    00000009 =           9. bytes (ABS,CON)

      Value  Global                              Global Defined In Module
      -----  --------------------------------   ------------------------
     00000011  _SMS_crt0_RST18                    crt0

ASxxxx Linker V03.00 + NoICE + sdld,  page 10.
Hexadecimal  [32-Bits]

Area                                    Addr        Size        Decimal Bytes (Attributes)
--------------------------------        ----        ----        ------- ----- ------------
_HEADER2                            00000000    0000000A =          10. bytes (ABS,CON)

      Value  Global                              Global Defined In Module
      -----  --------------------------------   ------------------------
ASxxxx Linker V03.00 + NoICE + sdld,  page 11.
Hexadecimal  [32-Bits]

Area                                    Addr        Size        Decimal Bytes (Attributes)
--------------------------------        ----        ----        ------- ----- ------------
_HEADER3                            00000000    00000003 =           3. bytes (ABS,CON)

      Value  Global                              Global Defined In Module
      -----  --------------------------------   ------------------------
ASxxxx Linker V03.00 + NoICE + sdld,  page 12.
Hexadecimal  [32-Bits]

Area                                    Addr        Size        Decimal Bytes (Attributes)
--------------------------------        ----        ----        ------- ----- ------------
_HEADER4                            00000000    00000003 =           3. bytes (ABS,CON)

      Value  Global                              Global Defined In Module
      -----  --------------------------------   ------------------------
ASxxxx Linker V03.00 + NoICE + sdld,  page 13.
Hexadecimal  [32-Bits]

Area                                    Addr        Size        Decimal Bytes (Attributes)
--------------------------------        ----        ----        ------- ----- ------------
_HEADER5                            00000000    0000012A =         298. bytes (ABS,CON)

      Value  Global                              Global Defined In Module
      -----  --------------------------------   ------------------------
     00000099  _OUTI128                           crt0
     00000119  _OUTI64                            crt0
     00000159  _OUTI32                            crt0
     00000199  _outi_block                        crt0

ASxxxx Linker V03.00 + NoICE + sdld,  page 14.
Hexadecimal  [32-Bits]

Area                                    Addr        Size        Decimal Bytes (Attributes)
--------------------------------        ----        ----        ------- ----- ------------
_HOME                               00003CBE    000002BD =         701. bytes (REL,CON)

      Value  Global                              Global Defined In Module
      -----  --------------------------------   ------------------------
     00003CBE  __modulong                         _modulong
     00003D7B  __divulong                         _divulong
     00003DF9  __mullong                          _mullong
ASxxxx Linker V03.00 + NoICE + sdld,  page 15.
Hexadecimal  [32-Bits]

Area                                    Addr        Size        Decimal Bytes (Attributes)
--------------------------------        ----        ----        ------- ----- ------------
_INITIALIZER                        00003F7B    0000000F =          15. bytes (REL,CON)

      Value  Global                              Global Defined In Module
      -----  --------------------------------   ------------------------
ASxxxx Linker V03.00 + NoICE + sdld,  page 16.
Hexadecimal  [32-Bits]

Area                                    Addr        Size        Decimal Bytes (Attributes)
--------------------------------        ----        ----        ------- ----- ------------
_GSINIT                             00003F8A    0000000F =          15. bytes (REL,CON)

      Value  Global                              Global Defined In Module
      -----  --------------------------------   ------------------------
     00003F8A  gsinit                             crt0

ASxxxx Linker V03.00 + NoICE + sdld,  page 17.
Hexadecimal  [32-Bits]

Area                                    Addr        Size        Decimal Bytes (Attributes)
--------------------------------        ----        ----        ------- ----- ------------
_GSFINAL                            00003F99    00000001 =           1. bytes (REL,CON)

      Value  Global                              Global Defined In Module
      -----  --------------------------------   ------------------------
ASxxxx Linker V03.00 + NoICE + sdld,  page 18.
Hexadecimal  [32-Bits]

Area                                    Addr        Size        Decimal Bytes (Attributes)
--------------------------------        ----        ----        ------- ----- ------------
_DATA                               0000C000    0000057C =        1404. bytes (REL,CON)

      Value  Global                              Global Defined In Module
      -----  --------------------------------   ------------------------
     0000C000  _PSGMusicStatus                    PSGlib
     0000C001  _PSGMusicStart                     PSGlib
     0000C003  _PSGMusicPointer                   PSGlib
     0000C005  _PSGMusicLoopPoint                 PSGlib
     0000C007  _PSGMusicSkipFrames                PSGlib
     0000C008  _PSGLoopFlag                       PSGlib
     0000C009  _PSGMusicLastLatch                 PSGlib
     0000C00A  _PSGMusicVolumeAttenuation         PSGlib
     0000C00B  _PSGMusicSubstringLen              PSGlib
     0000C00C  _PSGMusicSubstringRetAddr          PSGlib
     0000C00E  _PSGChan0Volume                    PSGlib
     0000C00F  _PSGChan1Volume                    PSGlib
     0000C010  _PSGChan2Volume                    PSGlib
     0000C011  _PSGChan3Volume                    PSGlib
     0000C012  _PSGChan2LowTone                   PSGlib
     0000C013  _PSGChan2HighTone                  PSGlib
     0000C014  _PSGChan3LowTone                   PSGlib
     0000C015  _PSGChannel2SFX                    PSGlib
     0000C016  _PSGChannel3SFX                    PSGlib
     0000C017  _PSGSFXChan2Volume                 PSGlib
     0000C018  _PSGSFXChan3Volume                 PSGlib
     0000C019  _PSGSFXStatus                      PSGlib
     0000C01A  _PSGSFXStart                       PSGlib
     0000C01C  _PSGSFXPointer                     PSGlib
     0000C01E  _PSGSFXLoopPoint                   PSGlib
     0000C020  _PSGSFXSkipFrames                  PSGlib
     0000C021  _PSGSFXLoopFlag                    PSGlib
     0000C022  _PSGSFXSubstringLen                PSGlib
     0000C023  _PSGSFXSubstringRetAddr            PSGlib
     0000C025  _global_board_object               board_manager
     0000C03D  _global_command_objects            command_manager
     0000C3D3  _global_delay_object               delay_manager
     0000C3D7  _global_enemy_objects              enemy_manager
     0000C40D  _global_event_object               event_manager
     0000C438  _global_frame_object               frame_manager
     0000C43C  _global_gamer_object               gamer_manager
     0000C44E  _global_hack_object                hack_manager
     0000C480  _global_state_object               state_manager
     0000C491  _VDPBlank                          SMSlib
     0000C492  _SMS_VDPFlags                      SMSlib
     0000C493  _PauseRequested                    SMSlib
     0000C494  _VDPType                           SMSlib
     0000C495  _KeysStatus                        SMSlib
     0000C497  _PreviousKeysStatus                SMSlib
     0000C499  _SpriteTableY                      SMSlib
     0000C4D9  _SpriteTableXN                     SMSlib
     0000C559  _SpriteNextFree                    SMSlib
     0000C55A  _SMS_theLineInterruptHandler       SMSlib
     0000C55C  _decompBuffer                      SMSlib_PSGaiden

ASxxxx Linker V03.00 + NoICE + sdld,  page 19.
Hexadecimal  [32-Bits]

Area                                    Addr        Size        Decimal Bytes (Attributes)
--------------------------------        ----        ----        ------- ----- ------------
_INITIALIZED                        0000C57C    0000000F =          15. bytes (REL,CON)

      Value  Global                              Global Defined In Module
      -----  --------------------------------   ------------------------
     0000C583  _VDPReg                            SMSlib
     0000C585  _spritesHeight                     SMSlib
     0000C586  _spritesWidth                      SMSlib
ASxxxx Linker V03.00 + NoICE + sdld,  page 20.
Hexadecimal  [32-Bits]

Area                                    Addr        Size        Decimal Bytes (Attributes)
--------------------------------        ----        ----        ------- ----- ------------
_CABS0                              00000000    00000010 =          16. bytes (ABS,CON)

      Value  Global                              Global Defined In Module
      -----  --------------------------------   ------------------------
     00007FF0  ___SMS__SEGA_signature             _sms_manager

ASxxxx Linker V03.00 + NoICE + sdld,  page 21.
Hexadecimal  [32-Bits]

Area                                    Addr        Size        Decimal Bytes (Attributes)
--------------------------------        ----        ----        ------- ----- ------------
_CABS1                              00000000    0000000E =          14. bytes (ABS,CON)

      Value  Global                              Global Defined In Module
      -----  --------------------------------   ------------------------
     00007FD2  ___SMS__SDSC_author                _sms_manager

ASxxxx Linker V03.00 + NoICE + sdld,  page 22.
Hexadecimal  [32-Bits]

Area                                    Addr        Size        Decimal Bytes (Attributes)
--------------------------------        ----        ----        ------- ----- ------------
_CABS2                              00000000    0000000E =          14. bytes (ABS,CON)

      Value  Global                              Global Defined In Module
      -----  --------------------------------   ------------------------
     00007FC4  ___SMS__SDSC_name                  _sms_manager

ASxxxx Linker V03.00 + NoICE + sdld,  page 23.
Hexadecimal  [32-Bits]

Area                                    Addr        Size        Decimal Bytes (Attributes)
--------------------------------        ----        ----        ------- ----- ------------
_CABS3                              00000000    00000038 =          56. bytes (ABS,CON)

      Value  Global                              Global Defined In Module
      -----  --------------------------------   ------------------------
     00007F8C  ___SMS__SDSC_descr                 _sms_manager

ASxxxx Linker V03.00 + NoICE + sdld,  page 24.
Hexadecimal  [32-Bits]

Area                                    Addr        Size        Decimal Bytes (Attributes)
--------------------------------        ----        ----        ------- ----- ------------
_CABS4                              00000000    00000010 =          16. bytes (ABS,CON)

      Value  Global                              Global Defined In Module
      -----  --------------------------------   ------------------------
     00007FE0  ___SMS__SDSC_signature             _sms_manager

ASxxxx Linker V03.00 + NoICE + sdld,  page 25.

Files Linked                              [ module(s) ]

..\crt0\crt0_sms.rel                      [ crt0 ]
main.rel                                  [ main ]
..\lib\PSGlib.rel                         [ PSGlib ]
devkit\_sms_manager.rel                   [ _sms_manager ]
devkit\_snd_manager.rel                   [ _snd_manager ]
engine\asm_manager.rel                    [ asm_manager ]
engine\actor_manager.rel                  [ actor_manager ]
engine\board_manager.rel                  [ board_manager ]
engine\command_manager.rel                [ command_manager ]
engine\content_manager.rel                [ content_manager ]
engine\delay_manager.rel                  [ delay_manager ]
engine\enemy_manager.rel                  [ enemy_manager ]
engine\enum_manager.rel                   [ enum_manager ]
engine\event_manager.rel                  [ event_manager ]
engine\font_manager.rel                   [ font_manager ]
engine\frame_manager.rel                  [ frame_manager ]
engine\gamer_manager.rel                  [ gamer_manager ]
engine\global_manager.rel                 [ global_manager ]
engine\hack_manager.rel                   [ hack_manager ]
engine\input_manager.rel                  [ input_manager ]
engine\mask_manager.rel                   [ mask_manager ]
engine\move_manager.rel                   [ move_manager ]
engine\screen_manager.rel                 [ screen_manager ]
engine\sprite_manager.rel                 [ sprite_manager ]
engine\state_manager.rel                  [ state_manager ]
engine\storage_manager.rel                [ storage_manager ]
engine\tile_manager.rel                   [ tile_manager ]
object\board_object.rel                   [ board_object ]
object\command_object.rel                 [ command_object ]
object\delay_object.rel                   [ delay_object ]
object\enemy_object.rel                   [ enemy_object ]
object\frame_object.rel                   [ frame_object ]
object\gamer_object.rel                   [ gamer_object ]
object\hack_object.rel                    [ hack_object ]
object\state_object.rel                   [ state_object ]
object\savegame_object.rel                [ savegame_object ]
screen\none_screen.rel                    [ none_screen ]
screen\splash_screen.rel                  [ splash_screen ]
screen\intro_screen.rel                   [ intro_screen ]
screen\title_screen.rel                   [ title_screen ]
screen\load_screen.rel                    [ load_screen ]
screen\demo_screen.rel                    [ demo_screen ]
screen\play_screen.rel                    [ play_screen ]
screen\record_screen.rel                  [ record_screen ]
screen\save_screen.rel                    [ save_screen ]
screen\test_screen.rel                    [ test_screen ]
screen\func_screen.rel                    [ func_screen ]
gfx.rel                                   [ gfx ]


Libraries Linked                          [ object file ]

C:\Program Files\SDCC\bin\..\lib\z80/z80.lib
                                          [ divunsigned.rel ]
..\lib\SMSlib.lib                         [ SMSlib_UNSAFE.rel ]
..\lib\SMSlib.lib                         [ SMSlib.rel ]
C:\Program Files\SDCC\bin\..\lib\z80/z80.lib
                                          [ rand.rel ]
..\lib\SMSlib.lib                         [ SMSlib_STMcomp.rel ]
C:\Program Files\SDCC\bin\..\lib\z80/z80.lib
                                          [ _modulong.rel ]
C:\Program Files\SDCC\bin\..\lib\z80/z80.lib
                                          [ _divulong.rel ]
C:\Program Files\SDCC\bin\..\lib\z80/z80.lib
                                          [ __sdcc_call_hl.rel ]
..\lib\SMSlib.lib                         [ SMSlib_PSGaiden.rel ]
C:\Program Files\SDCC\bin\..\lib\z80/z80.lib
                                          [ _mullong.rel ]
C:\Program Files\SDCC\bin\..\lib\z80/z80.lib
                                          [ modsigned.rel ]
C:\Program Files\SDCC\bin\..\lib\z80/z80.lib
                                          [ modunsigned.rel ]
C:\Program Files\SDCC\bin\..\lib\z80/z80.lib
                                          [ divsigned.rel ]
C:\Program Files\SDCC\bin\..\lib\z80/z80.lib
                                          [ mul.rel ]

ASxxxx Linker V03.00 + NoICE + sdld,  page 26.

User Base Address Definitions

_CODE = 0x0200
_DATA = 0xc000

