                              1 ;--------------------------------------------------------
                              2 ; File Created by SDCC : free open source ANSI-C Compiler
                              3 ; Version 3.6.9 #9960 (MINGW64)
                              4 ;--------------------------------------------------------
                              5 	.module content_manager
                              6 	.optsdcc -mz80
                              7 	
                              8 ;--------------------------------------------------------
                              9 ; Public variables in this module
                             10 ;--------------------------------------------------------
                             11 	.globl _devkit_SMS_loadSpritePalette
                             12 	.globl _devkit_SMS_loadBGPalette
                             13 	.globl _devkit_SMS_loadPSGaidencompressedTiles
                             14 	.globl _engine_content_manager_load_tiles
                             15 	.globl _engine_content_manager_load_sprites
                             16 ;--------------------------------------------------------
                             17 ; special function registers
                             18 ;--------------------------------------------------------
                             19 ;--------------------------------------------------------
                             20 ; ram data
                             21 ;--------------------------------------------------------
                             22 	.area _DATA
                             23 ;--------------------------------------------------------
                             24 ; ram data
                             25 ;--------------------------------------------------------
                             26 	.area _INITIALIZED
                             27 ;--------------------------------------------------------
                             28 ; absolute external ram data
                             29 ;--------------------------------------------------------
                             30 	.area _DABS (ABS)
                             31 ;--------------------------------------------------------
                             32 ; global & static initialisations
                             33 ;--------------------------------------------------------
                             34 	.area _HOME
                             35 	.area _GSINIT
                             36 	.area _GSFINAL
                             37 	.area _GSINIT
                             38 ;--------------------------------------------------------
                             39 ; Home
                             40 ;--------------------------------------------------------
                             41 	.area _HOME
                             42 	.area _HOME
                             43 ;--------------------------------------------------------
                             44 ; code
                             45 ;--------------------------------------------------------
                             46 	.area _CODE
                             47 ;content_manager.c:10: void engine_content_manager_load_tiles()
                             48 ;	---------------------------------
                             49 ; Function engine_content_manager_load_tiles
                             50 ; ---------------------------------
   0000                      51 _engine_content_manager_load_tiles::
                             52 ;content_manager.c:13: devkit_SMS_loadPSGaidencompressedTiles( tree_avoid__tiles__psgcompr, TREE_TILES );
   0000 21 40 00      [10]   53 	ld	hl, #0x0040
   0003 E5            [11]   54 	push	hl
   0004 21r00r00      [10]   55 	ld	hl, #_tree_avoid__tiles__psgcompr
   0007 E5            [11]   56 	push	hl
   0008 CDr00r00      [17]   57 	call	_devkit_SMS_loadPSGaidencompressedTiles
   000B F1            [10]   58 	pop	af
   000C F1            [10]   59 	pop	af
                             60 ;content_manager.c:14: devkit_SMS_loadBGPalette( ( void * ) tree_avoid__palette__bin );
   000D 01r00r00      [10]   61 	ld	bc, #_tree_avoid__palette__bin+0
   0010 C5            [11]   62 	push	bc
   0011 CDr00r00      [17]   63 	call	_devkit_SMS_loadBGPalette
                             64 ;content_manager.c:17: devkit_SMS_loadPSGaidencompressedTiles( font_tiles__tiles__psgcompr, FONT_TILES );
   0014 21 00 00      [10]   65 	ld	hl, #0x0000
   0017 E3            [19]   66 	ex	(sp),hl
   0018 21r00r00      [10]   67 	ld	hl, #_font_tiles__tiles__psgcompr
   001B E5            [11]   68 	push	hl
   001C CDr00r00      [17]   69 	call	_devkit_SMS_loadPSGaidencompressedTiles
   001F F1            [10]   70 	pop	af
   0020 F1            [10]   71 	pop	af
                             72 ;content_manager.c:18: devkit_SMS_loadBGPalette( ( void * ) font_tiles__palette__bin );
   0021 01r00r00      [10]   73 	ld	bc, #_font_tiles__palette__bin+0
   0024 C5            [11]   74 	push	bc
   0025 CDr00r00      [17]   75 	call	_devkit_SMS_loadBGPalette
                             76 ;content_manager.c:21: devkit_SMS_loadPSGaidencompressedTiles( game_title__tiles__psgcompr, GAME_TITLE );
   0028 21 40 00      [10]   77 	ld	hl, #0x0040
   002B E3            [19]   78 	ex	(sp),hl
   002C 21r00r00      [10]   79 	ld	hl, #_game_title__tiles__psgcompr
   002F E5            [11]   80 	push	hl
   0030 CDr00r00      [17]   81 	call	_devkit_SMS_loadPSGaidencompressedTiles
   0033 F1            [10]   82 	pop	af
   0034 F1            [10]   83 	pop	af
                             84 ;content_manager.c:22: devkit_SMS_loadBGPalette( ( void * ) game_title__palette__bin );
   0035 01r00r00      [10]   85 	ld	bc, #_game_title__palette__bin+0
   0038 C5            [11]   86 	push	bc
   0039 CDr00r00      [17]   87 	call	_devkit_SMS_loadBGPalette
   003C F1            [10]   88 	pop	af
   003D C9            [10]   89 	ret
                             90 ;content_manager.c:26: void engine_content_manager_load_sprites()
                             91 ;	---------------------------------
                             92 ; Function engine_content_manager_load_sprites
                             93 ; ---------------------------------
   003E                      94 _engine_content_manager_load_sprites::
                             95 ;content_manager.c:29: devkit_SMS_loadPSGaidencompressedTiles( sprites__tiles__psgcompr, SPRITE_TILES );
   003E 21 00 01      [10]   96 	ld	hl, #0x0100
   0041 E5            [11]   97 	push	hl
   0042 21r00r00      [10]   98 	ld	hl, #_sprites__tiles__psgcompr
   0045 E5            [11]   99 	push	hl
   0046 CDr00r00      [17]  100 	call	_devkit_SMS_loadPSGaidencompressedTiles
   0049 F1            [10]  101 	pop	af
   004A F1            [10]  102 	pop	af
                            103 ;content_manager.c:30: devkit_SMS_loadSpritePalette( ( void * ) sprites__palette__bin );
   004B 01r00r00      [10]  104 	ld	bc, #_sprites__palette__bin+0
   004E C5            [11]  105 	push	bc
   004F CDr00r00      [17]  106 	call	_devkit_SMS_loadSpritePalette
                            107 ;content_manager.c:32: devkit_SMS_loadPSGaidencompressedTiles( adriana__tiles__psgcompr, SPRITE_TILES + 64 );
   0052 21 40 01      [10]  108 	ld	hl, #0x0140
   0055 E3            [19]  109 	ex	(sp),hl
   0056 21r00r00      [10]  110 	ld	hl, #_adriana__tiles__psgcompr
   0059 E5            [11]  111 	push	hl
   005A CDr00r00      [17]  112 	call	_devkit_SMS_loadPSGaidencompressedTiles
   005D F1            [10]  113 	pop	af
   005E F1            [10]  114 	pop	af
   005F C9            [10]  115 	ret
                            116 	.area _CODE
                            117 	.area _INITIALIZER
                            118 	.area _CABS (ABS)
