ASxxxx Linker V03.00 + NoICE + sdld,  page 1.
Hexadecimal  [32-Bits]

Area                                    Addr        Size        Decimal Bytes (Attributes)
--------------------------------        ----        ----        ------- ----- ------------
.  .ABS.                            00000000    00000000 =           0. bytes (ABS,CON)

      Value  Global                              Global Defined In Module
      -----  --------------------------------   ------------------------
     00000000  .__.ABS.                           
     00000000  l__BSEG                         
     00000000  l__BSS                          
     00000000  l__CABS                         
     00000000  l__DABS                         
     00000000  l__HEADER                       
     00000000  l__HEAP                         
     00000000  s__CABS                         
     00000000  s__CABS0                        
     00000000  s__CABS1                        
     00000000  s__CABS2                        
     00000000  s__CABS3                        
     00000000  s__CABS4                        
     00000000  s__DABS                         
     00000000  s__HEADER                       
     00000000  s__HEADER0                      
     00000000  s__HEADER1                      
     00000000  s__HEADER2                      
     00000000  s__HEADER3                      
     00000000  s__HEADER4                      
     00000000  s__HEADER5                      
     00000001  l__GSFINAL                      
     00000003  l__HEADER3                      
     00000003  l__HEADER4                      
     00000006  l__HEADER0                      
     00000009  l__HEADER1                      
     0000000A  l__HEADER2                      
     0000000C  l__INITIALIZED                  
     0000000C  l__INITIALIZER                  
     0000000E  l__CABS1                        
     0000000E  l__CABS2                        
     0000000F  l__GSINIT                       
     00000010  l__CABS0                        
     00000010  l__CABS4                        
     00000038  l__CABS3                        
     0000012A  l__HEADER5                      
     00000200  s__CODE                         
     000002B2  l__DATA                         
     000002BD  l__HOME                         
     0000420F  l__CODE                         
     0000440F  s__HOME                         
     000046CC  s__INITIALIZER                  
     000046D8  s__GSINIT                       
     000046E7  s__GSFINAL                      
     00008000  _SMS_SRAM                          SMSlib_PSGaiden
     0000C000  s__DATA                         
     0000C2B2  s__INITIALIZED                  
     0000C2BE  s__BSEG                         
     0000C2BE  s__BSS                          
     0000C2BE  s__HEAP                         
ASxxxx Linker V03.00 + NoICE + sdld,  page 2.
Hexadecimal  [32-Bits]

Area                                    Addr        Size        Decimal Bytes (Attributes)
--------------------------------        ----        ----        ------- ----- ------------
.  .ABS.                            00000000    00000000 =           0. bytes (ABS,CON)

      Value  Global                              Global Defined In Module
      -----  --------------------------------   ------------------------
     0000FFFC  _SRAM_bank_to_be_mapped_on_slot2   SMSlib_PSGaiden
     0000FFFF  _ROM_bank_to_be_mapped_on_slot2    SMSlib_PSGaiden

ASxxxx Linker V03.00 + NoICE + sdld,  page 3.
Hexadecimal  [32-Bits]

Area                                    Addr        Size        Decimal Bytes (Attributes)
--------------------------------        ----        ----        ------- ----- ------------
_CODE                               00000200    0000420F =       16911. bytes (REL,CON)

      Value  Global                              Global Defined In Module
      -----  --------------------------------   ------------------------
     00000200  __clock                            crt0
     00000204  _exit                              crt0
     0000020A  _main                              main
     00000259  _PSGStop                           PSGlib
     00000280  _PSGResume                         PSGlib
     000002CC  _PSGPlay                           PSGlib
     000002F9  _PSGCancelLoop                     PSGlib
     000002FF  _PSGPlayNoRepeat                   PSGlib
     0000030E  _PSGGetStatus                      PSGlib
     00000316  _PSGSilenceChannels                PSGlib
     00000327  _PSGRestoreVolumes                 PSGlib
     000003F8  _PSGSetMusicVolumeAttenuation      PSGlib
     000004BD  _PSGSFXStop                        PSGlib
     00000576  _PSGSFXPlay                        PSGlib
     000005C3  _PSGSFXCancelLoop                  PSGlib
     000005C9  _PSGSFXGetStatus                   PSGlib
     000005D1  _PSGSFXPlayLoop                    PSGlib
     000005EB  _PSGFrame                          PSGlib
     00000704  _PSGSFXFrame                       PSGlib
     0000078A  _devkit_SMS_init                   _sms_manager
     0000078D  _devkit_SMS_displayOn              _sms_manager
     00000793  _devkit_SMS_displayOff             _sms_manager
     00000799  _devkit_SMS_mapROMBank             _sms_manager
     000007A2  _devkit_SMS_enableSRAM             _sms_manager
     000007A8  _devkit_SMS_enableSRAMBank         _sms_manager
     000007B7  _devkit_SMS_disableSRAM            _sms_manager
     000007BD  _devkit_SMS_SRAM                   _sms_manager
     000007C1  _devkit_SMS_setSpriteMode          _sms_manager
     000007CD  _devkit_SMS_useFirstHalfTilesfor   _sms_manager
     000007D2  _devkit_SMS_useFirstHalfTilesfor   _sms_manager
     000007D7  _devkit_SMS_VDPturnOnFeature       _sms_manager
     000007DE  _devkit_SMS_loadPSGaidencompress   _sms_manager
     000007F4  _devkit_SMS_loadSTMcompressedTil   _sms_manager
     00000815  _devkit_SMS_loadBGPalette          _sms_manager
     0000081C  _devkit_SMS_loadSpritePalette      _sms_manager
     00000823  _devkit_SMS_setSpritePaletteColo   _sms_manager
     0000084B  _devkit_SMS_setNextTileatXY        _sms_manager
     00000874  _devkit_SMS_setTile                _sms_manager
     00000882  _devkit_SMS_addSprite              _sms_manager
     0000089D  _devkit_SMS_addSprite_bulk4        _sms_manager
     00000909  _devkit_SMS_addSprite_bulk8        _sms_manager
     000009EB  _devkit_SMS_addSprite_bulk12       _sms_manager
     00000AF0  _devkit_SMS_initSprites            _sms_manager
     00000AF3  _devkit_SMS_finalizeSprites        _sms_manager
     00000AF6  _devkit_SMS_waitForVBlank          _sms_manager
     00000AF9  _devkit_SMS_copySpritestoSAT       _sms_manager
     00000AFC  _devkit_UNSAFE_SMS_copySpritesto   _sms_manager
     00000AFF  _devkit_SMS_queryPauseRequested    _sms_manager
     00000B02  _devkit_SMS_resetPauseRequest      _sms_manager
     00000B05  _devkit_isCollisionDetected        _sms_manager
ASxxxx Linker V03.00 + NoICE + sdld,  page 4.
Hexadecimal  [32-Bits]

Area                                    Addr        Size        Decimal Bytes (Attributes)
--------------------------------        ----        ----        ------- ----- ------------
_CODE                               00000200    0000420F =       16911. bytes (REL,CON)

      Value  Global                              Global Defined In Module
      -----  --------------------------------   ------------------------
     00000B0C  _devkit_SMS_getKeysStatus          _sms_manager
     00000B0F  _devkit_PORT_A_KEY_UP              _sms_manager
     00000B13  _devkit_PORT_A_KEY_DOWN            _sms_manager
     00000B17  _devkit_PORT_A_KEY_LEFT            _sms_manager
     00000B1B  _devkit_PORT_A_KEY_RIGHT           _sms_manager
     00000B1F  _devkit_PORT_A_KEY_1               _sms_manager
     00000B23  _devkit_PORT_A_KEY_2               _sms_manager
     00000B27  _devkit_SPRITEMODE_NORMAL          _sms_manager
     00000B2A  _devkit_VDPFEATURE_HIDEFIRSTCOL    _sms_manager
     00000B82  _devkit_PSGPlay                    _snd_manager
     00000B8C  _devkit_PSGCancelLoop              _snd_manager
     00000B8F  _devkit_PSGPlayNoRepeat            _snd_manager
     00000B99  _devkit_PSGStop                    _snd_manager
     00000B9C  _devkit_PSGResume                  _snd_manager
     00000B9F  _devkit_PSGGetStatus               _snd_manager
     00000BA2  _devkit_PSGSetMusicVolumeAttenua   _snd_manager
     00000BAE  _devkit_PSGSFXPlay                 _snd_manager
     00000BC3  _devkit_PSGSFXPlayLoop             _snd_manager
     00000BD8  _devkit_PSGSFXCancelLoop           _snd_manager
     00000BDB  _devkit_PSGSFXStop                 _snd_manager
     00000BDE  _devkit_PSGSFXGetStatus            _snd_manager
     00000BE1  _devkit_PSGSilenceChannels         _snd_manager
     00000BE4  _devkit_PSGRestoreVolumes          _snd_manager
     00000BE7  _devkit_PSGFrame                   _snd_manager
     00000BEA  _devkit_PSGSFXFrame                _snd_manager
     00000BED  _devkit_SFX_CHANNEL2               _snd_manager
     00000BF0  _devkit_SFX_CHANNEL3               _snd_manager
     00000BF3  _devkit_SFX_CHANNELS2AND3          _snd_manager
     00000BF6  _engine_asm_manager_clear_VRAM     asm_manager
     00000C0C  _engine_actor_manager_update       actor_manager
     00000C0D  _engine_actor_manager_exec_fire    actor_manager
     00000C3D  _engine_actor_manager_exec_jump    actor_manager
     00000C6D  _engine_actor_manager_exec_move    actor_manager
     00000CA8  _engine_actor_manager_exec_bank4   actor_manager
     00000CD9  _engine_actor_manager_exec_bank5   actor_manager
     00000D0A  _engine_actor_manager_exec_bank6   actor_manager
     00000D3B  _engine_actor_manager_exec_bank7   actor_manager
     00000D6C  _engine_actor_manager_undo_fire    actor_manager
     00000D97  _engine_actor_manager_undo_jump    actor_manager
     00000DC2  _engine_actor_manager_undo_move    actor_manager
     00000DED  _engine_actor_manager_undo_bank4   actor_manager
     00000E18  _engine_actor_manager_undo_bank5   actor_manager
     00000E43  _engine_actor_manager_undo_bank6   actor_manager
     00000E6E  _engine_actor_manager_undo_bank7   actor_manager
     00000EDC  _engine_board_manager_init         board_manager
     00000F08  _engine_board_manager_set_exit_t   board_manager
     00000F16  _engine_board_manager_set_tree_t   board_manager
     00000F24  _engine_board_manager_draw_edge    board_manager
     00000F5E  _engine_command_manager_init       command_manager
     00001009  _engine_command_manager_add        command_manager
     0000105F  _engine_command_manager_execute    command_manager
ASxxxx Linker V03.00 + NoICE + sdld,  page 5.
Hexadecimal  [32-Bits]

Area                                    Addr        Size        Decimal Bytes (Attributes)
--------------------------------        ----        ----        ------- ----- ------------
_CODE                               00000200    0000420F =       16911. bytes (REL,CON)

      Value  Global                              Global Defined In Module
      -----  --------------------------------   ------------------------
     00001126  _engine_command_manager_undo       command_manager
     00001204  _engine_command_manager_load       command_manager
     00001289  _engine_command_manager_save       command_manager
     000012DB  _engine_command_manager_align_un   command_manager
     0000130B  _engine_content_manager_load_til   content_manager
     00001335  _engine_content_manager_load_spr   content_manager
     0000134B  _engine_delay_manager_init         delay_manager
     00001354  _engine_delay_manager_load         delay_manager
     0000136D  _engine_delay_manager_update       delay_manager
     00001393  _engine_delay_manager_updateX      delay_manager
     000013BC  _engine_delay_manager_draw         delay_manager
     000013D2  _engine_enemy_manager_init         enemy_manager
     000014BF  _engine_enemy_manager_load         enemy_manager
     000014D4  _engine_enemy_manager_update       enemy_manager
     00001572  _engine_enemy_manager_move         enemy_manager
     00001595  _engine_enemy_manager_draw         enemy_manager
     00001670  _engine_event_manager_init         event_manager
     0000168F  _engine_event_manager_clear        event_manager
     00001695  _engine_event_manager_add_event    event_manager
     000016BC  _engine_event_manager_process_ev   event_manager
     00001725  _engine_event_manager_process_ev   event_manager
     00001741  _engine_event_manager_kidMove      event_manager
     00001772  _engine_event_manager_move1        event_manager
     000017D9  _engine_font_manager_draw_char     font_manager
     00001800  _engine_font_manager_draw_text     font_manager
     00001845  _engine_font_manager_draw_data     font_manager
     00001922  _engine_font_manager_draw_data_Z   font_manager
     000019A9  _engine_frame_manager_init         frame_manager
     000019B5  _engine_frame_manager_load         frame_manager
     000019C1  _engine_frame_manager_update       frame_manager
     000019E2  _engine_frame_manager_draw         frame_manager
     000019F8  _engine_gamer_manager_init         gamer_manager
     00001AC7  _engine_gamer_manager_update       gamer_manager
     00001C1C  _engine_gamer_manager_stop         gamer_manager
     00001C29  _engine_gamer_manager_draw         gamer_manager
     00001C5A  _engine_gamer_manager_text         gamer_manager
     00001C91  _engine_gamer_manager_move         gamer_manager
     00001CAB  _engine_gamer_manager_direction    gamer_manager
     00001D31  _engine_hack_manager_init          hack_manager
     00001D5A  _engine_hack_manager_invert        hack_manager
     00001DA6  _engine_input_manager_update       input_manager
     00001DB3  _engine_input_manager_hold_up      input_manager
     00001DBC  _engine_input_manager_hold_down    input_manager
     00001DC5  _engine_input_manager_hold_left    input_manager
     00001DCE  _engine_input_manager_hold_right   input_manager
     00001DD7  _engine_input_manager_hold_fire1   input_manager
     00001DE0  _engine_input_manager_hold_fire2   input_manager
     00001DE9  _engine_input_manager_move_up      input_manager
     00001DF2  _engine_input_manager_move_down    input_manager
     00001DFB  _engine_input_manager_move_left    input_manager
     00001E04  _engine_input_manager_move_right   input_manager
ASxxxx Linker V03.00 + NoICE + sdld,  page 6.
Hexadecimal  [32-Bits]

Area                                    Addr        Size        Decimal Bytes (Attributes)
--------------------------------        ----        ----        ------- ----- ------------
_CODE                               00000200    0000420F =       16911. bytes (REL,CON)

      Value  Global                              Global Defined In Module
      -----  --------------------------------   ------------------------
     00001E0D  _engine_input_manager_move_fire1   input_manager
     00001E16  _engine_input_manager_move_fire2   input_manager
     00001E77  _engine_move_manager_check         move_manager
     00001E8B  _engine_screen_manager_init        screen_manager
     00001F1D  _engine_screen_manager_update      screen_manager
     00001F60  _engine_sprite_manager_draw        sprite_manager
     00001FD3  _engine_state_manager_init         state_manager
     00001FDD  _engine_state_manager_set_exits    state_manager
     00001FEB  _engine_state_manager_set_trees    state_manager
     00001FF9  _engine_storage_manager_availabl   storage_manager
     00002028  _engine_storage_manager_read       storage_manager
     000020B9  _engine_storage_manager_write      storage_manager
     0000219E  _engine_tile_manager_load_tile     tile_manager
     000021F3  _engine_tile_manager_load_coll     tile_manager
     0000220A  _engine_tile_manager_draw_tile     tile_manager
     00002280  _engine_tile_manager_draw_blank    tile_manager
     000022D3  _engine_tile_manager_draw_tree     tile_manager
     000022F0  _engine_tile_manager_draw_candy    tile_manager
     0000230F  _engine_tile_manager_draw_bonus    tile_manager
     000023C0  _screen_none_screen_load           none_screen
     000023C1  _screen_none_screen_update         none_screen
     000023C8  _screen_splash_screen_load         splash_screen
     000023EA  _screen_splash_screen_update       splash_screen
     000023F1  _screen_intro_screen_load          intro_screen
     0000240E  _screen_intro_screen_update        intro_screen
     00002415  _screen_title_screen_load          title_screen
     000024E1  _screen_title_screen_update        title_screen
     0000252B  _screen_load_screen_load           load_screen
     00002561  _screen_load_screen_update         load_screen
     00002619  _screen_demo_screen_load           demo_screen
     00002672  _screen_demo_screen_update         demo_screen
     000026BC  _screen_play_screen_load           play_screen
     00002775  _screen_play_screen_update         play_screen
     000028F0  _screen_record_screen_load         record_screen
     00002949  _screen_record_screen_update       record_screen
     00002B69  _screen_save_screen_load           save_screen
     00002B91  _screen_save_screen_update         save_screen
     00002B9B  _screen_test_screen_load           test_screen
     00002BEB  _screen_test_screen_update         test_screen
     00002C53  _screen_func_screen_load           func_screen
     00002D17  _screen_func_screen_update         func_screen
     00002DDF  _font_tiles__palette__bin          gfx
     00002DEF  _font_tiles__tilemap__bin          gfx
     00002E6F  _font_tiles__tiles__psgcompr       gfx
     00003106  _game_tiles__palette__bin          gfx
     00003116  _game_tiles__tilemap__bin          gfx
     000031E6  _game_tiles__tiles__psgcompr       gfx
     00003771  _sprites__palette__bin             gfx
     00003781  _sprites__tiles__psgcompr          gfx
     00003CC3  __divuint                          
     00003CCB  __divuchar                         
ASxxxx Linker V03.00 + NoICE + sdld,  page 7.
Hexadecimal  [32-Bits]

Area                                    Addr        Size        Decimal Bytes (Attributes)
--------------------------------        ----        ----        ------- ----- ------------
_CODE                               00000200    0000420F =       16911. bytes (REL,CON)

      Value  Global                              Global Defined In Module
      -----  --------------------------------   ------------------------
     00003CD2  __divu8                            
     00003CD5  __divu16                           
     00003D04  _UNSAFE_SMS_copySpritestoSAT       SMSlib_UNSAFE
     00003D1C  _UNSAFE_SMS_VRAMmemcpy32           SMSlib_UNSAFE
     00003D39  _UNSAFE_SMS_VRAMmemcpy64           SMSlib_UNSAFE
     00003D56  _UNSAFE_SMS_VRAMmemcpy128          SMSlib_UNSAFE
     00003D73  _SMS_init                          SMSlib
     00003DC7  _VDPReg_init                       SMSlib
     00003DD2  _SMS_VDPType                       SMSlib
     00003DDA  _SMS_VDPturnOnFeature              SMSlib
     00003DF1  _SMS_VDPturnOffFeature             SMSlib
     00003E0A  _SMS_setBGScrollX                  SMSlib
     00003E14  _SMS_setBGScrollY                  SMSlib
     00003E1E  _SMS_setBackdropColor              SMSlib
     00003E28  _SMS_useFirstHalfTilesforSprites   SMSlib
     00003E3C  _SMS_setSpriteMode                 SMSlib
     00003E81  _SMS_setBGPaletteColor             SMSlib
     00003E95  _SMS_setSpritePaletteColor         SMSlib
     00003EA9  _SMS_loadBGPalette                 SMSlib
     00003EBD  _SMS_loadSpritePalette             SMSlib
     00003ED1  _SMS_setColor                      SMSlib
     00003ED5  _SMS_initSprites                   SMSlib
     00003EDB  _SMS_addSprite                     SMSlib
     00003F30  _SMS_finalizeSprites               SMSlib
     00003F42  _SMS_copySpritestoSAT              SMSlib
     00003F6B  _SMS_waitForVBlank                 SMSlib
     00003F78  _SMS_getKeysStatus                 SMSlib
     00003F7C  _SMS_getKeysPressed                SMSlib
     00003F99  _SMS_getKeysHeld                   SMSlib
     00003FB0  _SMS_getKeysReleased               SMSlib
     00003FCD  _SMS_queryPauseRequested           SMSlib
     00003FD5  _SMS_resetPauseRequest             SMSlib
     00003FDB  _SMS_setLineInterruptHandler       SMSlib
     00003FEC  _SMS_setLineCounter                SMSlib
     00003FFB  _SMS_getVCount                     SMSlib
     00003FFF  _SMS_getHCount                     SMSlib
     00004003  _SMS_isr                           SMSlib
     00004039  _SMS_nmi_isr                       SMSlib
     0000404C  _rand                              rand
     0000409C  _srand                             rand
     000040B9  _SMS_loadSTMcompressedTileMapAre   SMSlib_STMcomp
     0000429A  ___sdcc_call_hl                    
     0000429B  _SMS_loadPSGaidencompressedTiles   SMSlib_PSGaiden
     0000437D  __modschar                         
     0000438A  __modsint                          
     00004396  __moduchar                         
     000043A2  __moduint                          
     000043AD  __divsint                          
     000043B6  __divschar                         
     000043BD  __div8                             
     000043C1  __div_signexte                     
ASxxxx Linker V03.00 + NoICE + sdld,  page 8.
Hexadecimal  [32-Bits]

Area                                    Addr        Size        Decimal Bytes (Attributes)
--------------------------------        ----        ----        ------- ----- ------------
_CODE                               00000200    0000420F =       16911. bytes (REL,CON)

      Value  Global                              Global Defined In Module
      -----  --------------------------------   ------------------------
     000043C5  __div16                            
     000043EB  __get_remainder                    
     000043F5  __mulint                           
     000043FB  __mul16                            
ASxxxx Linker V03.00 + NoICE + sdld,  page 9.
Hexadecimal  [32-Bits]

Area                                    Addr        Size        Decimal Bytes (Attributes)
--------------------------------        ----        ----        ------- ----- ------------
_HEADER0                            00000000    00000006 =           6. bytes (ABS,CON)

      Value  Global                              Global Defined In Module
      -----  --------------------------------   ------------------------
     00000006  _SMS_crt0_RST08                    crt0

ASxxxx Linker V03.00 + NoICE + sdld,  page 10.
Hexadecimal  [32-Bits]

Area                                    Addr        Size        Decimal Bytes (Attributes)
--------------------------------        ----        ----        ------- ----- ------------
_HEADER1                            00000000    00000009 =           9. bytes (ABS,CON)

      Value  Global                              Global Defined In Module
      -----  --------------------------------   ------------------------
     00000011  _SMS_crt0_RST18                    crt0

ASxxxx Linker V03.00 + NoICE + sdld,  page 11.
Hexadecimal  [32-Bits]

Area                                    Addr        Size        Decimal Bytes (Attributes)
--------------------------------        ----        ----        ------- ----- ------------
_HEADER2                            00000000    0000000A =          10. bytes (ABS,CON)

      Value  Global                              Global Defined In Module
      -----  --------------------------------   ------------------------
ASxxxx Linker V03.00 + NoICE + sdld,  page 12.
Hexadecimal  [32-Bits]

Area                                    Addr        Size        Decimal Bytes (Attributes)
--------------------------------        ----        ----        ------- ----- ------------
_HEADER3                            00000000    00000003 =           3. bytes (ABS,CON)

      Value  Global                              Global Defined In Module
      -----  --------------------------------   ------------------------
ASxxxx Linker V03.00 + NoICE + sdld,  page 13.
Hexadecimal  [32-Bits]

Area                                    Addr        Size        Decimal Bytes (Attributes)
--------------------------------        ----        ----        ------- ----- ------------
_HEADER4                            00000000    00000003 =           3. bytes (ABS,CON)

      Value  Global                              Global Defined In Module
      -----  --------------------------------   ------------------------
ASxxxx Linker V03.00 + NoICE + sdld,  page 14.
Hexadecimal  [32-Bits]

Area                                    Addr        Size        Decimal Bytes (Attributes)
--------------------------------        ----        ----        ------- ----- ------------
_HEADER5                            00000000    0000012A =         298. bytes (ABS,CON)

      Value  Global                              Global Defined In Module
      -----  --------------------------------   ------------------------
     00000099  _OUTI128                           crt0
     00000119  _OUTI64                            crt0
     00000159  _OUTI32                            crt0
     00000199  _outi_block                        crt0

ASxxxx Linker V03.00 + NoICE + sdld,  page 15.
Hexadecimal  [32-Bits]

Area                                    Addr        Size        Decimal Bytes (Attributes)
--------------------------------        ----        ----        ------- ----- ------------
_HOME                               0000440F    000002BD =         701. bytes (REL,CON)

      Value  Global                              Global Defined In Module
      -----  --------------------------------   ------------------------
     0000440F  __modulong                         _modulong
     000044CC  __divulong                         _divulong
     0000454A  __mullong                          _mullong
ASxxxx Linker V03.00 + NoICE + sdld,  page 16.
Hexadecimal  [32-Bits]

Area                                    Addr        Size        Decimal Bytes (Attributes)
--------------------------------        ----        ----        ------- ----- ------------
_INITIALIZER                        000046CC    0000000C =          12. bytes (REL,CON)

      Value  Global                              Global Defined In Module
      -----  --------------------------------   ------------------------
ASxxxx Linker V03.00 + NoICE + sdld,  page 17.
Hexadecimal  [32-Bits]

Area                                    Addr        Size        Decimal Bytes (Attributes)
--------------------------------        ----        ----        ------- ----- ------------
_GSINIT                             000046D8    0000000F =          15. bytes (REL,CON)

      Value  Global                              Global Defined In Module
      -----  --------------------------------   ------------------------
     000046D8  gsinit                             crt0

ASxxxx Linker V03.00 + NoICE + sdld,  page 18.
Hexadecimal  [32-Bits]

Area                                    Addr        Size        Decimal Bytes (Attributes)
--------------------------------        ----        ----        ------- ----- ------------
_GSFINAL                            000046E7    00000001 =           1. bytes (REL,CON)

      Value  Global                              Global Defined In Module
      -----  --------------------------------   ------------------------
ASxxxx Linker V03.00 + NoICE + sdld,  page 19.
Hexadecimal  [32-Bits]

Area                                    Addr        Size        Decimal Bytes (Attributes)
--------------------------------        ----        ----        ------- ----- ------------
_DATA                               0000C000    000002B2 =         690. bytes (REL,CON)

      Value  Global                              Global Defined In Module
      -----  --------------------------------   ------------------------
     0000C000  _PSGMusicStatus                    PSGlib
     0000C001  _PSGMusicStart                     PSGlib
     0000C003  _PSGMusicPointer                   PSGlib
     0000C005  _PSGMusicLoopPoint                 PSGlib
     0000C007  _PSGMusicSkipFrames                PSGlib
     0000C008  _PSGLoopFlag                       PSGlib
     0000C009  _PSGMusicLastLatch                 PSGlib
     0000C00A  _PSGMusicVolumeAttenuation         PSGlib
     0000C00B  _PSGMusicSubstringLen              PSGlib
     0000C00C  _PSGMusicSubstringRetAddr          PSGlib
     0000C00E  _PSGChan0Volume                    PSGlib
     0000C00F  _PSGChan1Volume                    PSGlib
     0000C010  _PSGChan2Volume                    PSGlib
     0000C011  _PSGChan3Volume                    PSGlib
     0000C012  _PSGChan2LowTone                   PSGlib
     0000C013  _PSGChan2HighTone                  PSGlib
     0000C014  _PSGChan3LowTone                   PSGlib
     0000C015  _PSGChannel2SFX                    PSGlib
     0000C016  _PSGChannel3SFX                    PSGlib
     0000C017  _PSGSFXChan2Volume                 PSGlib
     0000C018  _PSGSFXChan3Volume                 PSGlib
     0000C019  _PSGSFXStatus                      PSGlib
     0000C01A  _PSGSFXStart                       PSGlib
     0000C01C  _PSGSFXPointer                     PSGlib
     0000C01E  _PSGSFXLoopPoint                   PSGlib
     0000C020  _PSGSFXSkipFrames                  PSGlib
     0000C021  _PSGSFXLoopFlag                    PSGlib
     0000C022  _PSGSFXSubstringLen                PSGlib
     0000C023  _PSGSFXSubstringRetAddr            PSGlib
     0000C025  _global_board_object               board_manager
     0000C03F  _global_command_object             command_manager
     0000C0EB  _global_delay_object               delay_manager
     0000C0EF  _global_enemy_objects              enemy_manager
     0000C125  _global_event_object               event_manager
     0000C150  _global_frame_object               frame_manager
     0000C154  _global_gamer_object               gamer_manager
     0000C16A  _global_hack_object                hack_manager
     0000C19C  _global_state_object               state_manager
     0000C19E  _global_savegame_object            storage_manager
     0000C1C7  _VDPBlank                          SMSlib
     0000C1C8  _SMS_VDPFlags                      SMSlib
     0000C1C9  _PauseRequested                    SMSlib
     0000C1CA  _VDPType                           SMSlib
     0000C1CB  _KeysStatus                        SMSlib
     0000C1CD  _PreviousKeysStatus                SMSlib
     0000C1CF  _SpriteTableY                      SMSlib
     0000C20F  _SpriteTableXN                     SMSlib
     0000C28F  _SpriteNextFree                    SMSlib
     0000C290  _SMS_theLineInterruptHandler       SMSlib
     0000C292  _decompBuffer                      SMSlib_PSGaiden

ASxxxx Linker V03.00 + NoICE + sdld,  page 20.
Hexadecimal  [32-Bits]

Area                                    Addr        Size        Decimal Bytes (Attributes)
--------------------------------        ----        ----        ------- ----- ------------
_INITIALIZED                        0000C2B2    0000000C =          12. bytes (REL,CON)

      Value  Global                              Global Defined In Module
      -----  --------------------------------   ------------------------
     0000C2B6  _VDPReg                            SMSlib
     0000C2B8  _spritesHeight                     SMSlib
     0000C2B9  _spritesWidth                      SMSlib
ASxxxx Linker V03.00 + NoICE + sdld,  page 21.
Hexadecimal  [32-Bits]

Area                                    Addr        Size        Decimal Bytes (Attributes)
--------------------------------        ----        ----        ------- ----- ------------
_CABS0                              00000000    00000010 =          16. bytes (ABS,CON)

      Value  Global                              Global Defined In Module
      -----  --------------------------------   ------------------------
     00007FF0  ___SMS__SEGA_signature             _sms_manager

ASxxxx Linker V03.00 + NoICE + sdld,  page 22.
Hexadecimal  [32-Bits]

Area                                    Addr        Size        Decimal Bytes (Attributes)
--------------------------------        ----        ----        ------- ----- ------------
_CABS1                              00000000    0000000E =          14. bytes (ABS,CON)

      Value  Global                              Global Defined In Module
      -----  --------------------------------   ------------------------
     00007FD2  ___SMS__SDSC_author                _sms_manager

ASxxxx Linker V03.00 + NoICE + sdld,  page 23.
Hexadecimal  [32-Bits]

Area                                    Addr        Size        Decimal Bytes (Attributes)
--------------------------------        ----        ----        ------- ----- ------------
_CABS2                              00000000    0000000E =          14. bytes (ABS,CON)

      Value  Global                              Global Defined In Module
      -----  --------------------------------   ------------------------
     00007FC4  ___SMS__SDSC_name                  _sms_manager

ASxxxx Linker V03.00 + NoICE + sdld,  page 24.
Hexadecimal  [32-Bits]

Area                                    Addr        Size        Decimal Bytes (Attributes)
--------------------------------        ----        ----        ------- ----- ------------
_CABS3                              00000000    00000038 =          56. bytes (ABS,CON)

      Value  Global                              Global Defined In Module
      -----  --------------------------------   ------------------------
     00007F8C  ___SMS__SDSC_descr                 _sms_manager

ASxxxx Linker V03.00 + NoICE + sdld,  page 25.
Hexadecimal  [32-Bits]

Area                                    Addr        Size        Decimal Bytes (Attributes)
--------------------------------        ----        ----        ------- ----- ------------
_CABS4                              00000000    00000010 =          16. bytes (ABS,CON)

      Value  Global                              Global Defined In Module
      -----  --------------------------------   ------------------------
     00007FE0  ___SMS__SDSC_signature             _sms_manager

ASxxxx Linker V03.00 + NoICE + sdld,  page 26.

Files Linked                              [ module(s) ]

..\crt0\crt0_sms.rel                      [ crt0 ]
main.rel                                  [ main ]
..\lib\PSGlib.rel                         [ PSGlib ]
devkit\_sms_manager.rel                   [ _sms_manager ]
devkit\_snd_manager.rel                   [ _snd_manager ]
engine\asm_manager.rel                    [ asm_manager ]
engine\actor_manager.rel                  [ actor_manager ]
engine\board_manager.rel                  [ board_manager ]
engine\command_manager.rel                [ command_manager ]
engine\content_manager.rel                [ content_manager ]
engine\delay_manager.rel                  [ delay_manager ]
engine\enemy_manager.rel                  [ enemy_manager ]
engine\enum_manager.rel                   [ enum_manager ]
engine\event_manager.rel                  [ event_manager ]
engine\font_manager.rel                   [ font_manager ]
engine\frame_manager.rel                  [ frame_manager ]
engine\gamer_manager.rel                  [ gamer_manager ]
engine\global_manager.rel                 [ global_manager ]
engine\hack_manager.rel                   [ hack_manager ]
engine\input_manager.rel                  [ input_manager ]
engine\mask_manager.rel                   [ mask_manager ]
engine\move_manager.rel                   [ move_manager ]
engine\screen_manager.rel                 [ screen_manager ]
engine\sprite_manager.rel                 [ sprite_manager ]
engine\state_manager.rel                  [ state_manager ]
engine\storage_manager.rel                [ storage_manager ]
engine\tile_manager.rel                   [ tile_manager ]
object\board_object.rel                   [ board_object ]
object\command_object.rel                 [ command_object ]
object\delay_object.rel                   [ delay_object ]
object\enemy_object.rel                   [ enemy_object ]
object\frame_object.rel                   [ frame_object ]
object\gamer_object.rel                   [ gamer_object ]
object\hack_object.rel                    [ hack_object ]
object\state_object.rel                   [ state_object ]
object\savegame_object.rel                [ savegame_object ]
screen\none_screen.rel                    [ none_screen ]
screen\splash_screen.rel                  [ splash_screen ]
screen\intro_screen.rel                   [ intro_screen ]
screen\title_screen.rel                   [ title_screen ]
screen\load_screen.rel                    [ load_screen ]
screen\demo_screen.rel                    [ demo_screen ]
screen\play_screen.rel                    [ play_screen ]
screen\record_screen.rel                  [ record_screen ]
screen\save_screen.rel                    [ save_screen ]
screen\test_screen.rel                    [ test_screen ]
screen\func_screen.rel                    [ func_screen ]
gfx.rel                                   [ gfx ]


Libraries Linked                          [ object file ]

C:\Program Files\SDCC\bin\..\lib\z80/z80.lib
                                          [ divunsigned.rel ]
..\lib\SMSlib.lib                         [ SMSlib_UNSAFE.rel ]
..\lib\SMSlib.lib                         [ SMSlib.rel ]
C:\Program Files\SDCC\bin\..\lib\z80/z80.lib
                                          [ rand.rel ]
..\lib\SMSlib.lib                         [ SMSlib_STMcomp.rel ]
C:\Program Files\SDCC\bin\..\lib\z80/z80.lib
                                          [ _modulong.rel ]
C:\Program Files\SDCC\bin\..\lib\z80/z80.lib
                                          [ _divulong.rel ]
C:\Program Files\SDCC\bin\..\lib\z80/z80.lib
                                          [ __sdcc_call_hl.rel ]
..\lib\SMSlib.lib                         [ SMSlib_PSGaiden.rel ]
C:\Program Files\SDCC\bin\..\lib\z80/z80.lib
                                          [ _mullong.rel ]
C:\Program Files\SDCC\bin\..\lib\z80/z80.lib
                                          [ modsigned.rel ]
C:\Program Files\SDCC\bin\..\lib\z80/z80.lib
                                          [ modunsigned.rel ]
C:\Program Files\SDCC\bin\..\lib\z80/z80.lib
                                          [ divsigned.rel ]
C:\Program Files\SDCC\bin\..\lib\z80/z80.lib
                                          [ mul.rel ]

ASxxxx Linker V03.00 + NoICE + sdld,  page 27.

User Base Address Definitions

_CODE = 0x0200
_DATA = 0xc000

