                              1 ;--------------------------------------------------------
                              2 ; File Created by SDCC : free open source ANSI-C Compiler
                              3 ; Version 3.6.9 #9960 (MINGW64)
                              4 ;--------------------------------------------------------
                              5 	.module gfx
                              6 	.optsdcc -mz80
                              7 	
                              8 ;--------------------------------------------------------
                              9 ; Public variables in this module
                             10 ;--------------------------------------------------------
                             11 	.globl _sprites__palette__bin
                             12 	.globl _font_tiles__tiles__psgcompr
                             13 	.globl _font_tiles__tilemap__bin
                             14 	.globl _font_tiles__palette__bin
                             15 	.globl _candymama__tiles__psgcompr
                             16 	.globl _candykids__tiles__psgcompr
                             17 ;--------------------------------------------------------
                             18 ; special function registers
                             19 ;--------------------------------------------------------
                             20 ;--------------------------------------------------------
                             21 ; ram data
                             22 ;--------------------------------------------------------
                             23 	.area _DATA
                             24 ;--------------------------------------------------------
                             25 ; ram data
                             26 ;--------------------------------------------------------
                             27 	.area _INITIALIZED
                             28 ;--------------------------------------------------------
                             29 ; absolute external ram data
                             30 ;--------------------------------------------------------
                             31 	.area _DABS (ABS)
                             32 ;--------------------------------------------------------
                             33 ; global & static initialisations
                             34 ;--------------------------------------------------------
                             35 	.area _HOME
                             36 	.area _GSINIT
                             37 	.area _GSFINAL
                             38 	.area _GSINIT
                             39 ;--------------------------------------------------------
                             40 ; Home
                             41 ;--------------------------------------------------------
                             42 	.area _HOME
                             43 	.area _HOME
                             44 ;--------------------------------------------------------
                             45 ; code
                             46 ;--------------------------------------------------------
                             47 	.area _CODE
                             48 	.area _CODE
   0000                      49 _candykids__tiles__psgcompr:
   0000 18                   50 	.db #0x18	; 24
   0001 00                   51 	.db #0x00	; 0
   0002 B0                   52 	.db #0xb0	; 176
   0003 F9                   53 	.db #0xf9	; 249
   0004 00                   54 	.db #0x00	; 0
   0005 0C                   55 	.db #0x0c	; 12
   0006 0C                   56 	.db #0x0c	; 12
   0007 03                   57 	.db #0x03	; 3
   0008 0F                   58 	.db #0x0f	; 15
   0009 1F                   59 	.db #0x1f	; 31
   000A 3F                   60 	.db #0x3f	; 63
   000B 33                   61 	.db #0x33	; 51	'3'
   000C 6D                   62 	.db #0x6d	; 109	'm'
   000D 6D                   63 	.db #0x6d	; 109	'm'
   000E 73                   64 	.db #0x73	; 115	's'
   000F B0                   65 	.db #0xb0	; 176
   0010 F9                   66 	.db #0xf9	; 249
   0011 00                   67 	.db #0x00	; 0
   0012 30                   68 	.db #0x30	; 48	'0'
   0013 30                   69 	.db #0x30	; 48	'0'
   0014 C0                   70 	.db #0xc0	; 192
   0015 F0                   71 	.db #0xf0	; 240
   0016 F8                   72 	.db #0xf8	; 248
   0017 FC                   73 	.db #0xfc	; 252
   0018 CC                   74 	.db #0xcc	; 204
   0019 B6                   75 	.db #0xb6	; 182
   001A B6                   76 	.db #0xb6	; 182
   001B CE                   77 	.db #0xce	; 206
   001C F0                   78 	.db #0xf0	; 240
   001D 00                   79 	.db #0x00	; 0
   001E 0C                   80 	.db #0x0c	; 12
   001F 07                   81 	.db #0x07	; 7
   0020 03                   82 	.db #0x03	; 3
   0021 00                   83 	.db #0x00	; 0
   0022 80                   84 	.db #0x80	; 128
   0023 40                   85 	.db #0x40	; 64
   0024 20                   86 	.db #0x20	; 32
   0025 7F                   87 	.db #0x7f	; 127
   0026 3F                   88 	.db #0x3f	; 63
   0027 3F                   89 	.db #0x3f	; 63
   0028 1F                   90 	.db #0x1f	; 31
   0029 8F                   91 	.db #0x8f	; 143
   002A D3                   92 	.db #0xd3	; 211
   002B E0                   93 	.db #0xe0	; 224
   002C 70                   94 	.db #0x70	; 112	'p'
   002D F0                   95 	.db #0xf0	; 240
   002E 00                   96 	.db #0x00	; 0
   002F 30                   97 	.db #0x30	; 48	'0'
   0030 E0                   98 	.db #0xe0	; 224
   0031 C0                   99 	.db #0xc0	; 192
   0032 00                  100 	.db #0x00	; 0
   0033 01                  101 	.db #0x01	; 1
   0034 02                  102 	.db #0x02	; 2
   0035 04                  103 	.db #0x04	; 4
   0036 FE                  104 	.db #0xfe	; 254
   0037 FC                  105 	.db #0xfc	; 252
   0038 FC                  106 	.db #0xfc	; 252
   0039 F8                  107 	.db #0xf8	; 248
   003A F1                  108 	.db #0xf1	; 241
   003B CB                  109 	.db #0xcb	; 203
   003C 07                  110 	.db #0x07	; 7
   003D 0E                  111 	.db #0x0e	; 14
   003E B0                  112 	.db #0xb0	; 176
   003F F9                  113 	.db #0xf9	; 249
   0040 00                  114 	.db #0x00	; 0
   0041 0C                  115 	.db #0x0c	; 12
   0042 0C                  116 	.db #0x0c	; 12
   0043 03                  117 	.db #0x03	; 3
   0044 0F                  118 	.db #0x0f	; 15
   0045 1F                  119 	.db #0x1f	; 31
   0046 3F                  120 	.db #0x3f	; 63
   0047 33                  121 	.db #0x33	; 51	'3'
   0048 6D                  122 	.db #0x6d	; 109	'm'
   0049 6D                  123 	.db #0x6d	; 109	'm'
   004A 73                  124 	.db #0x73	; 115	's'
   004B B0                  125 	.db #0xb0	; 176
   004C F9                  126 	.db #0xf9	; 249
   004D 00                  127 	.db #0x00	; 0
   004E 30                  128 	.db #0x30	; 48	'0'
   004F 30                  129 	.db #0x30	; 48	'0'
   0050 C0                  130 	.db #0xc0	; 192
   0051 F0                  131 	.db #0xf0	; 240
   0052 F8                  132 	.db #0xf8	; 248
   0053 FC                  133 	.db #0xfc	; 252
   0054 CC                  134 	.db #0xcc	; 204
   0055 B6                  135 	.db #0xb6	; 182
   0056 B6                  136 	.db #0xb6	; 182
   0057 CE                  137 	.db #0xce	; 206
   0058 B0                  138 	.db #0xb0	; 176
   0059 8D                  139 	.db #0x8d	; 141
   005A 00                  140 	.db #0x00	; 0
   005B 0C                  141 	.db #0x0c	; 12
   005C 07                  142 	.db #0x07	; 7
   005D 03                  143 	.db #0x03	; 3
   005E 18                  144 	.db #0x18	; 24
   005F 7F                  145 	.db #0x7f	; 127
   0060 3F                  146 	.db #0x3f	; 63
   0061 3F                  147 	.db #0x3f	; 63
   0062 1F                  148 	.db #0x1f	; 31
   0063 0F                  149 	.db #0x0f	; 15
   0064 03                  150 	.db #0x03	; 3
   0065 7E                  151 	.db #0x7e	; 126
   0066 38                  152 	.db #0x38	; 56	'8'
   0067 B0                  153 	.db #0xb0	; 176
   0068 8D                  154 	.db #0x8d	; 141
   0069 00                  155 	.db #0x00	; 0
   006A 30                  156 	.db #0x30	; 48	'0'
   006B E0                  157 	.db #0xe0	; 224
   006C C0                  158 	.db #0xc0	; 192
   006D 18                  159 	.db #0x18	; 24
   006E FE                  160 	.db #0xfe	; 254
   006F FC                  161 	.db #0xfc	; 252
   0070 FC                  162 	.db #0xfc	; 252
   0071 F8                  163 	.db #0xf8	; 248
   0072 F0                  164 	.db #0xf0	; 240
   0073 C0                  165 	.db #0xc0	; 192
   0074 7E                  166 	.db #0x7e	; 126
   0075 1C                  167 	.db #0x1c	; 28
   0076 E0                  168 	.db #0xe0	; 224
   0077 03                  169 	.db #0x03	; 3
   0078 0F                  170 	.db #0x0f	; 15
   0079 1F                  171 	.db #0x1f	; 31
   007A 3F                  172 	.db #0x3f	; 63
   007B 33                  173 	.db #0x33	; 51	'3'
   007C 61                  174 	.db #0x61	; 97	'a'
   007D 61                  175 	.db #0x61	; 97	'a'
   007E 73                  176 	.db #0x73	; 115	's'
   007F 20                  177 	.db #0x20	; 32
   0080 F9                  178 	.db #0xf9	; 249
   0081 6D                  179 	.db #0x6d	; 109	'm'
   0082 6D                  180 	.db #0x6d	; 109	'm'
   0083 E0                  181 	.db #0xe0	; 224
   0084 C0                  182 	.db #0xc0	; 192
   0085 F0                  183 	.db #0xf0	; 240
   0086 F8                  184 	.db #0xf8	; 248
   0087 FC                  185 	.db #0xfc	; 252
   0088 CC                  186 	.db #0xcc	; 204
   0089 86                  187 	.db #0x86	; 134
   008A 86                  188 	.db #0x86	; 134
   008B CE                  189 	.db #0xce	; 206
   008C 20                  190 	.db #0x20	; 32
   008D F9                  191 	.db #0xf9	; 249
   008E B6                  192 	.db #0xb6	; 182
   008F B6                  193 	.db #0xb6	; 182
   0090 F0                  194 	.db #0xf0	; 240
   0091 7F                  195 	.db #0x7f	; 127
   0092 33                  196 	.db #0x33	; 51	'3'
   0093 38                  197 	.db #0x38	; 56	'8'
   0094 1C                  198 	.db #0x1c	; 28
   0095 8F                  199 	.db #0x8f	; 143
   0096 53                  200 	.db #0x53	; 83	'S'
   0097 A0                  201 	.db #0xa0	; 160
   0098 50                  202 	.db #0x50	; 80	'P'
   0099 7F                  203 	.db #0x7f	; 127
   009A 3F                  204 	.db #0x3f	; 63
   009B 3F                  205 	.db #0x3f	; 63
   009C 1F                  206 	.db #0x1f	; 31
   009D 8F                  207 	.db #0x8f	; 143
   009E D3                  208 	.db #0xd3	; 211
   009F E0                  209 	.db #0xe0	; 224
   00A0 70                  210 	.db #0x70	; 112	'p'
   00A1 F0                  211 	.db #0xf0	; 240
   00A2 FE                  212 	.db #0xfe	; 254
   00A3 CC                  213 	.db #0xcc	; 204
   00A4 1C                  214 	.db #0x1c	; 28
   00A5 38                  215 	.db #0x38	; 56	'8'
   00A6 F1                  216 	.db #0xf1	; 241
   00A7 CA                  217 	.db #0xca	; 202
   00A8 05                  218 	.db #0x05	; 5
   00A9 0A                  219 	.db #0x0a	; 10
   00AA FE                  220 	.db #0xfe	; 254
   00AB FC                  221 	.db #0xfc	; 252
   00AC FC                  222 	.db #0xfc	; 252
   00AD F8                  223 	.db #0xf8	; 248
   00AE F1                  224 	.db #0xf1	; 241
   00AF CB                  225 	.db #0xcb	; 203
   00B0 07                  226 	.db #0x07	; 7
   00B1 0E                  227 	.db #0x0e	; 14
   00B2 E0                  228 	.db #0xe0	; 224
   00B3 03                  229 	.db #0x03	; 3
   00B4 0F                  230 	.db #0x0f	; 15
   00B5 1F                  231 	.db #0x1f	; 31
   00B6 3F                  232 	.db #0x3f	; 63
   00B7 33                  233 	.db #0x33	; 51	'3'
   00B8 61                  234 	.db #0x61	; 97	'a'
   00B9 61                  235 	.db #0x61	; 97	'a'
   00BA 73                  236 	.db #0x73	; 115	's'
   00BB 20                  237 	.db #0x20	; 32
   00BC F9                  238 	.db #0xf9	; 249
   00BD 6D                  239 	.db #0x6d	; 109	'm'
   00BE 6D                  240 	.db #0x6d	; 109	'm'
   00BF E0                  241 	.db #0xe0	; 224
   00C0 C0                  242 	.db #0xc0	; 192
   00C1 F0                  243 	.db #0xf0	; 240
   00C2 F8                  244 	.db #0xf8	; 248
   00C3 FC                  245 	.db #0xfc	; 252
   00C4 CC                  246 	.db #0xcc	; 204
   00C5 86                  247 	.db #0x86	; 134
   00C6 86                  248 	.db #0x86	; 134
   00C7 CE                  249 	.db #0xce	; 206
   00C8 20                  250 	.db #0x20	; 32
   00C9 F9                  251 	.db #0xf9	; 249
   00CA B6                  252 	.db #0xb6	; 182
   00CB B6                  253 	.db #0xb6	; 182
   00CC E0                  254 	.db #0xe0	; 224
   00CD 7F                  255 	.db #0x7f	; 127
   00CE 33                  256 	.db #0x33	; 51	'3'
   00CF 38                  257 	.db #0x38	; 56	'8'
   00D0 1C                  258 	.db #0x1c	; 28
   00D1 0F                  259 	.db #0x0f	; 15
   00D2 03                  260 	.db #0x03	; 3
   00D3 66                  261 	.db #0x66	; 102	'f'
   00D4 38                  262 	.db #0x38	; 56	'8'
   00D5 20                  263 	.db #0x20	; 32
   00D6 8D                  264 	.db #0x8d	; 141
   00D7 3F                  265 	.db #0x3f	; 63
   00D8 3F                  266 	.db #0x3f	; 63
   00D9 1F                  267 	.db #0x1f	; 31
   00DA 7E                  268 	.db #0x7e	; 126
   00DB E0                  269 	.db #0xe0	; 224
   00DC FE                  270 	.db #0xfe	; 254
   00DD CC                  271 	.db #0xcc	; 204
   00DE 1C                  272 	.db #0x1c	; 28
   00DF 38                  273 	.db #0x38	; 56	'8'
   00E0 F0                  274 	.db #0xf0	; 240
   00E1 C0                  275 	.db #0xc0	; 192
   00E2 66                  276 	.db #0x66	; 102	'f'
   00E3 1C                  277 	.db #0x1c	; 28
   00E4 20                  278 	.db #0x20	; 32
   00E5 8D                  279 	.db #0x8d	; 141
   00E6 FC                  280 	.db #0xfc	; 252
   00E7 FC                  281 	.db #0xfc	; 252
   00E8 F8                  282 	.db #0xf8	; 248
   00E9 7E                  283 	.db #0x7e	; 126
   00EA 0C                  284 	.db #0x0c	; 12
   00EB 03                  285 	.db #0x03	; 3
   00EC 0F                  286 	.db #0x0f	; 15
   00ED 1F                  287 	.db #0x1f	; 31
   00EE 3F                  288 	.db #0x3f	; 63
   00EF 33                  289 	.db #0x33	; 51	'3'
   00F0 31                  290 	.db #0x31	; 49	'1'
   00F1 31                  291 	.db #0x31	; 49	'1'
   00F2 13                  292 	.db #0x13	; 19
   00F3 0C                  293 	.db #0x0c	; 12
   00F4 C0                  294 	.db #0xc0	; 192
   00F5 F0                  295 	.db #0xf0	; 240
   00F6 F8                  296 	.db #0xf8	; 248
   00F7 FC                  297 	.db #0xfc	; 252
   00F8 CC                  298 	.db #0xcc	; 204
   00F9 8C                  299 	.db #0x8c	; 140
   00FA 8C                  300 	.db #0x8c	; 140
   00FB C8                  301 	.db #0xc8	; 200
   00FC 8C                  302 	.db #0x8c	; 140
   00FD E8                  303 	.db #0xe8	; 232
   00FE 00                  304 	.db #0x00	; 0
   00FF 05                  305 	.db #0x05	; 5
   0100 80                  306 	.db #0x80	; 128
   0101 40                  307 	.db #0x40	; 64
   0102 A0                  308 	.db #0xa0	; 160
   0103 1E                  309 	.db #0x1e	; 30
   0104 1C                  310 	.db #0x1c	; 28
   0105 0F                  311 	.db #0x0f	; 15
   0106 0A                  312 	.db #0x0a	; 10
   0107 8F                  313 	.db #0x8f	; 143
   0108 53                  314 	.db #0x53	; 83	'S'
   0109 A0                  315 	.db #0xa0	; 160
   010A 50                  316 	.db #0x50	; 80	'P'
   010B 8C                  317 	.db #0x8c	; 140
   010C E8                  318 	.db #0xe8	; 232
   010D 00                  319 	.db #0x00	; 0
   010E A0                  320 	.db #0xa0	; 160
   010F 01                  321 	.db #0x01	; 1
   0110 02                  322 	.db #0x02	; 2
   0111 05                  323 	.db #0x05	; 5
   0112 78                  324 	.db #0x78	; 120	'x'
   0113 38                  325 	.db #0x38	; 56	'8'
   0114 F0                  326 	.db #0xf0	; 240
   0115 50                  327 	.db #0x50	; 80	'P'
   0116 F1                  328 	.db #0xf1	; 241
   0117 CA                  329 	.db #0xca	; 202
   0118 05                  330 	.db #0x05	; 5
   0119 0A                  331 	.db #0x0a	; 10
   011A 0C                  332 	.db #0x0c	; 12
   011B 03                  333 	.db #0x03	; 3
   011C 0F                  334 	.db #0x0f	; 15
   011D 1F                  335 	.db #0x1f	; 31
   011E 3F                  336 	.db #0x3f	; 63
   011F 33                  337 	.db #0x33	; 51	'3'
   0120 31                  338 	.db #0x31	; 49	'1'
   0121 31                  339 	.db #0x31	; 49	'1'
   0122 13                  340 	.db #0x13	; 19
   0123 0C                  341 	.db #0x0c	; 12
   0124 C0                  342 	.db #0xc0	; 192
   0125 F0                  343 	.db #0xf0	; 240
   0126 F8                  344 	.db #0xf8	; 248
   0127 FC                  345 	.db #0xfc	; 252
   0128 CC                  346 	.db #0xcc	; 204
   0129 8C                  347 	.db #0x8c	; 140
   012A 8C                  348 	.db #0x8c	; 140
   012B C8                  349 	.db #0xc8	; 200
   012C 8C                  350 	.db #0x8c	; 140
   012D EF                  351 	.db #0xef	; 239
   012E 00                  352 	.db #0x00	; 0
   012F 05                  353 	.db #0x05	; 5
   0130 1E                  354 	.db #0x1e	; 30
   0131 1C                  355 	.db #0x1c	; 28
   0132 0F                  356 	.db #0x0f	; 15
   0133 0A                  357 	.db #0x0a	; 10
   0134 0F                  358 	.db #0x0f	; 15
   0135 03                  359 	.db #0x03	; 3
   0136 00                  360 	.db #0x00	; 0
   0137 00                  361 	.db #0x00	; 0
   0138 8C                  362 	.db #0x8c	; 140
   0139 EF                  363 	.db #0xef	; 239
   013A 00                  364 	.db #0x00	; 0
   013B A0                  365 	.db #0xa0	; 160
   013C 78                  366 	.db #0x78	; 120	'x'
   013D 38                  367 	.db #0x38	; 56	'8'
   013E F0                  368 	.db #0xf0	; 240
   013F 50                  369 	.db #0x50	; 80	'P'
   0140 F0                  370 	.db #0xf0	; 240
   0141 C0                  371 	.db #0xc0	; 192
   0142 00                  372 	.db #0x00	; 0
   0143 00                  373 	.db #0x00	; 0
   0144                     374 _candymama__tiles__psgcompr:
   0144 18                  375 	.db #0x18	; 24
   0145 00                  376 	.db #0x00	; 0
   0146 B0                  377 	.db #0xb0	; 176
   0147 F9                  378 	.db #0xf9	; 249
   0148 00                  379 	.db #0x00	; 0
   0149 0C                  380 	.db #0x0c	; 12
   014A 0C                  381 	.db #0x0c	; 12
   014B 03                  382 	.db #0x03	; 3
   014C 0F                  383 	.db #0x0f	; 15
   014D 1F                  384 	.db #0x1f	; 31
   014E 3F                  385 	.db #0x3f	; 63
   014F 33                  386 	.db #0x33	; 51	'3'
   0150 6D                  387 	.db #0x6d	; 109	'm'
   0151 6D                  388 	.db #0x6d	; 109	'm'
   0152 73                  389 	.db #0x73	; 115	's'
   0153 B0                  390 	.db #0xb0	; 176
   0154 F9                  391 	.db #0xf9	; 249
   0155 00                  392 	.db #0x00	; 0
   0156 30                  393 	.db #0x30	; 48	'0'
   0157 30                  394 	.db #0x30	; 48	'0'
   0158 C0                  395 	.db #0xc0	; 192
   0159 F0                  396 	.db #0xf0	; 240
   015A F8                  397 	.db #0xf8	; 248
   015B FC                  398 	.db #0xfc	; 252
   015C CC                  399 	.db #0xcc	; 204
   015D B6                  400 	.db #0xb6	; 182
   015E B6                  401 	.db #0xb6	; 182
   015F CE                  402 	.db #0xce	; 206
   0160 F0                  403 	.db #0xf0	; 240
   0161 00                  404 	.db #0x00	; 0
   0162 0C                  405 	.db #0x0c	; 12
   0163 07                  406 	.db #0x07	; 7
   0164 03                  407 	.db #0x03	; 3
   0165 00                  408 	.db #0x00	; 0
   0166 80                  409 	.db #0x80	; 128
   0167 40                  410 	.db #0x40	; 64
   0168 20                  411 	.db #0x20	; 32
   0169 7F                  412 	.db #0x7f	; 127
   016A 3F                  413 	.db #0x3f	; 63
   016B 3F                  414 	.db #0x3f	; 63
   016C 1F                  415 	.db #0x1f	; 31
   016D 8F                  416 	.db #0x8f	; 143
   016E D3                  417 	.db #0xd3	; 211
   016F E0                  418 	.db #0xe0	; 224
   0170 70                  419 	.db #0x70	; 112	'p'
   0171 F0                  420 	.db #0xf0	; 240
   0172 00                  421 	.db #0x00	; 0
   0173 30                  422 	.db #0x30	; 48	'0'
   0174 E0                  423 	.db #0xe0	; 224
   0175 C0                  424 	.db #0xc0	; 192
   0176 00                  425 	.db #0x00	; 0
   0177 01                  426 	.db #0x01	; 1
   0178 02                  427 	.db #0x02	; 2
   0179 04                  428 	.db #0x04	; 4
   017A FE                  429 	.db #0xfe	; 254
   017B FC                  430 	.db #0xfc	; 252
   017C FC                  431 	.db #0xfc	; 252
   017D F8                  432 	.db #0xf8	; 248
   017E F1                  433 	.db #0xf1	; 241
   017F CB                  434 	.db #0xcb	; 203
   0180 07                  435 	.db #0x07	; 7
   0181 0E                  436 	.db #0x0e	; 14
   0182 B0                  437 	.db #0xb0	; 176
   0183 F9                  438 	.db #0xf9	; 249
   0184 00                  439 	.db #0x00	; 0
   0185 0C                  440 	.db #0x0c	; 12
   0186 0C                  441 	.db #0x0c	; 12
   0187 03                  442 	.db #0x03	; 3
   0188 0F                  443 	.db #0x0f	; 15
   0189 1F                  444 	.db #0x1f	; 31
   018A 3F                  445 	.db #0x3f	; 63
   018B 33                  446 	.db #0x33	; 51	'3'
   018C 6D                  447 	.db #0x6d	; 109	'm'
   018D 6D                  448 	.db #0x6d	; 109	'm'
   018E 73                  449 	.db #0x73	; 115	's'
   018F B0                  450 	.db #0xb0	; 176
   0190 F9                  451 	.db #0xf9	; 249
   0191 00                  452 	.db #0x00	; 0
   0192 30                  453 	.db #0x30	; 48	'0'
   0193 30                  454 	.db #0x30	; 48	'0'
   0194 C0                  455 	.db #0xc0	; 192
   0195 F0                  456 	.db #0xf0	; 240
   0196 F8                  457 	.db #0xf8	; 248
   0197 FC                  458 	.db #0xfc	; 252
   0198 CC                  459 	.db #0xcc	; 204
   0199 B6                  460 	.db #0xb6	; 182
   019A B6                  461 	.db #0xb6	; 182
   019B CE                  462 	.db #0xce	; 206
   019C B0                  463 	.db #0xb0	; 176
   019D 8D                  464 	.db #0x8d	; 141
   019E 00                  465 	.db #0x00	; 0
   019F 0C                  466 	.db #0x0c	; 12
   01A0 07                  467 	.db #0x07	; 7
   01A1 03                  468 	.db #0x03	; 3
   01A2 18                  469 	.db #0x18	; 24
   01A3 7F                  470 	.db #0x7f	; 127
   01A4 3F                  471 	.db #0x3f	; 63
   01A5 3F                  472 	.db #0x3f	; 63
   01A6 1F                  473 	.db #0x1f	; 31
   01A7 0F                  474 	.db #0x0f	; 15
   01A8 03                  475 	.db #0x03	; 3
   01A9 7E                  476 	.db #0x7e	; 126
   01AA 38                  477 	.db #0x38	; 56	'8'
   01AB B0                  478 	.db #0xb0	; 176
   01AC 8D                  479 	.db #0x8d	; 141
   01AD 00                  480 	.db #0x00	; 0
   01AE 30                  481 	.db #0x30	; 48	'0'
   01AF E0                  482 	.db #0xe0	; 224
   01B0 C0                  483 	.db #0xc0	; 192
   01B1 18                  484 	.db #0x18	; 24
   01B2 FE                  485 	.db #0xfe	; 254
   01B3 FC                  486 	.db #0xfc	; 252
   01B4 FC                  487 	.db #0xfc	; 252
   01B5 F8                  488 	.db #0xf8	; 248
   01B6 F0                  489 	.db #0xf0	; 240
   01B7 C0                  490 	.db #0xc0	; 192
   01B8 7E                  491 	.db #0x7e	; 126
   01B9 1C                  492 	.db #0x1c	; 28
   01BA E0                  493 	.db #0xe0	; 224
   01BB 03                  494 	.db #0x03	; 3
   01BC 0F                  495 	.db #0x0f	; 15
   01BD 1F                  496 	.db #0x1f	; 31
   01BE 3F                  497 	.db #0x3f	; 63
   01BF 33                  498 	.db #0x33	; 51	'3'
   01C0 61                  499 	.db #0x61	; 97	'a'
   01C1 61                  500 	.db #0x61	; 97	'a'
   01C2 73                  501 	.db #0x73	; 115	's'
   01C3 20                  502 	.db #0x20	; 32
   01C4 F9                  503 	.db #0xf9	; 249
   01C5 6D                  504 	.db #0x6d	; 109	'm'
   01C6 6D                  505 	.db #0x6d	; 109	'm'
   01C7 E0                  506 	.db #0xe0	; 224
   01C8 C0                  507 	.db #0xc0	; 192
   01C9 F0                  508 	.db #0xf0	; 240
   01CA F8                  509 	.db #0xf8	; 248
   01CB FC                  510 	.db #0xfc	; 252
   01CC CC                  511 	.db #0xcc	; 204
   01CD 86                  512 	.db #0x86	; 134
   01CE 86                  513 	.db #0x86	; 134
   01CF CE                  514 	.db #0xce	; 206
   01D0 20                  515 	.db #0x20	; 32
   01D1 F9                  516 	.db #0xf9	; 249
   01D2 B6                  517 	.db #0xb6	; 182
   01D3 B6                  518 	.db #0xb6	; 182
   01D4 F0                  519 	.db #0xf0	; 240
   01D5 7F                  520 	.db #0x7f	; 127
   01D6 33                  521 	.db #0x33	; 51	'3'
   01D7 38                  522 	.db #0x38	; 56	'8'
   01D8 1C                  523 	.db #0x1c	; 28
   01D9 8F                  524 	.db #0x8f	; 143
   01DA 53                  525 	.db #0x53	; 83	'S'
   01DB A0                  526 	.db #0xa0	; 160
   01DC 50                  527 	.db #0x50	; 80	'P'
   01DD 7F                  528 	.db #0x7f	; 127
   01DE 3F                  529 	.db #0x3f	; 63
   01DF 3F                  530 	.db #0x3f	; 63
   01E0 1F                  531 	.db #0x1f	; 31
   01E1 8F                  532 	.db #0x8f	; 143
   01E2 D3                  533 	.db #0xd3	; 211
   01E3 E0                  534 	.db #0xe0	; 224
   01E4 70                  535 	.db #0x70	; 112	'p'
   01E5 F0                  536 	.db #0xf0	; 240
   01E6 FE                  537 	.db #0xfe	; 254
   01E7 CC                  538 	.db #0xcc	; 204
   01E8 1C                  539 	.db #0x1c	; 28
   01E9 38                  540 	.db #0x38	; 56	'8'
   01EA F1                  541 	.db #0xf1	; 241
   01EB CA                  542 	.db #0xca	; 202
   01EC 05                  543 	.db #0x05	; 5
   01ED 0A                  544 	.db #0x0a	; 10
   01EE FE                  545 	.db #0xfe	; 254
   01EF FC                  546 	.db #0xfc	; 252
   01F0 FC                  547 	.db #0xfc	; 252
   01F1 F8                  548 	.db #0xf8	; 248
   01F2 F1                  549 	.db #0xf1	; 241
   01F3 CB                  550 	.db #0xcb	; 203
   01F4 07                  551 	.db #0x07	; 7
   01F5 0E                  552 	.db #0x0e	; 14
   01F6 E0                  553 	.db #0xe0	; 224
   01F7 03                  554 	.db #0x03	; 3
   01F8 0F                  555 	.db #0x0f	; 15
   01F9 1F                  556 	.db #0x1f	; 31
   01FA 3F                  557 	.db #0x3f	; 63
   01FB 33                  558 	.db #0x33	; 51	'3'
   01FC 61                  559 	.db #0x61	; 97	'a'
   01FD 61                  560 	.db #0x61	; 97	'a'
   01FE 73                  561 	.db #0x73	; 115	's'
   01FF 20                  562 	.db #0x20	; 32
   0200 F9                  563 	.db #0xf9	; 249
   0201 6D                  564 	.db #0x6d	; 109	'm'
   0202 6D                  565 	.db #0x6d	; 109	'm'
   0203 E0                  566 	.db #0xe0	; 224
   0204 C0                  567 	.db #0xc0	; 192
   0205 F0                  568 	.db #0xf0	; 240
   0206 F8                  569 	.db #0xf8	; 248
   0207 FC                  570 	.db #0xfc	; 252
   0208 CC                  571 	.db #0xcc	; 204
   0209 86                  572 	.db #0x86	; 134
   020A 86                  573 	.db #0x86	; 134
   020B CE                  574 	.db #0xce	; 206
   020C 20                  575 	.db #0x20	; 32
   020D F9                  576 	.db #0xf9	; 249
   020E B6                  577 	.db #0xb6	; 182
   020F B6                  578 	.db #0xb6	; 182
   0210 E0                  579 	.db #0xe0	; 224
   0211 7F                  580 	.db #0x7f	; 127
   0212 33                  581 	.db #0x33	; 51	'3'
   0213 38                  582 	.db #0x38	; 56	'8'
   0214 1C                  583 	.db #0x1c	; 28
   0215 0F                  584 	.db #0x0f	; 15
   0216 03                  585 	.db #0x03	; 3
   0217 66                  586 	.db #0x66	; 102	'f'
   0218 38                  587 	.db #0x38	; 56	'8'
   0219 20                  588 	.db #0x20	; 32
   021A 8D                  589 	.db #0x8d	; 141
   021B 3F                  590 	.db #0x3f	; 63
   021C 3F                  591 	.db #0x3f	; 63
   021D 1F                  592 	.db #0x1f	; 31
   021E 7E                  593 	.db #0x7e	; 126
   021F E0                  594 	.db #0xe0	; 224
   0220 FE                  595 	.db #0xfe	; 254
   0221 CC                  596 	.db #0xcc	; 204
   0222 1C                  597 	.db #0x1c	; 28
   0223 38                  598 	.db #0x38	; 56	'8'
   0224 F0                  599 	.db #0xf0	; 240
   0225 C0                  600 	.db #0xc0	; 192
   0226 66                  601 	.db #0x66	; 102	'f'
   0227 1C                  602 	.db #0x1c	; 28
   0228 20                  603 	.db #0x20	; 32
   0229 8D                  604 	.db #0x8d	; 141
   022A FC                  605 	.db #0xfc	; 252
   022B FC                  606 	.db #0xfc	; 252
   022C F8                  607 	.db #0xf8	; 248
   022D 7E                  608 	.db #0x7e	; 126
   022E 0C                  609 	.db #0x0c	; 12
   022F 03                  610 	.db #0x03	; 3
   0230 0F                  611 	.db #0x0f	; 15
   0231 1F                  612 	.db #0x1f	; 31
   0232 3F                  613 	.db #0x3f	; 63
   0233 33                  614 	.db #0x33	; 51	'3'
   0234 31                  615 	.db #0x31	; 49	'1'
   0235 31                  616 	.db #0x31	; 49	'1'
   0236 13                  617 	.db #0x13	; 19
   0237 0C                  618 	.db #0x0c	; 12
   0238 C0                  619 	.db #0xc0	; 192
   0239 F0                  620 	.db #0xf0	; 240
   023A F8                  621 	.db #0xf8	; 248
   023B FC                  622 	.db #0xfc	; 252
   023C CC                  623 	.db #0xcc	; 204
   023D 8C                  624 	.db #0x8c	; 140
   023E 8C                  625 	.db #0x8c	; 140
   023F C8                  626 	.db #0xc8	; 200
   0240 8C                  627 	.db #0x8c	; 140
   0241 E8                  628 	.db #0xe8	; 232
   0242 00                  629 	.db #0x00	; 0
   0243 05                  630 	.db #0x05	; 5
   0244 80                  631 	.db #0x80	; 128
   0245 40                  632 	.db #0x40	; 64
   0246 A0                  633 	.db #0xa0	; 160
   0247 1E                  634 	.db #0x1e	; 30
   0248 1C                  635 	.db #0x1c	; 28
   0249 0F                  636 	.db #0x0f	; 15
   024A 0A                  637 	.db #0x0a	; 10
   024B 8F                  638 	.db #0x8f	; 143
   024C 53                  639 	.db #0x53	; 83	'S'
   024D A0                  640 	.db #0xa0	; 160
   024E 50                  641 	.db #0x50	; 80	'P'
   024F 8C                  642 	.db #0x8c	; 140
   0250 E8                  643 	.db #0xe8	; 232
   0251 00                  644 	.db #0x00	; 0
   0252 A0                  645 	.db #0xa0	; 160
   0253 01                  646 	.db #0x01	; 1
   0254 02                  647 	.db #0x02	; 2
   0255 05                  648 	.db #0x05	; 5
   0256 78                  649 	.db #0x78	; 120	'x'
   0257 38                  650 	.db #0x38	; 56	'8'
   0258 F0                  651 	.db #0xf0	; 240
   0259 50                  652 	.db #0x50	; 80	'P'
   025A F1                  653 	.db #0xf1	; 241
   025B CA                  654 	.db #0xca	; 202
   025C 05                  655 	.db #0x05	; 5
   025D 0A                  656 	.db #0x0a	; 10
   025E 0C                  657 	.db #0x0c	; 12
   025F 03                  658 	.db #0x03	; 3
   0260 0F                  659 	.db #0x0f	; 15
   0261 1F                  660 	.db #0x1f	; 31
   0262 3F                  661 	.db #0x3f	; 63
   0263 33                  662 	.db #0x33	; 51	'3'
   0264 31                  663 	.db #0x31	; 49	'1'
   0265 31                  664 	.db #0x31	; 49	'1'
   0266 13                  665 	.db #0x13	; 19
   0267 0C                  666 	.db #0x0c	; 12
   0268 C0                  667 	.db #0xc0	; 192
   0269 F0                  668 	.db #0xf0	; 240
   026A F8                  669 	.db #0xf8	; 248
   026B FC                  670 	.db #0xfc	; 252
   026C CC                  671 	.db #0xcc	; 204
   026D 8C                  672 	.db #0x8c	; 140
   026E 8C                  673 	.db #0x8c	; 140
   026F C8                  674 	.db #0xc8	; 200
   0270 8C                  675 	.db #0x8c	; 140
   0271 EF                  676 	.db #0xef	; 239
   0272 00                  677 	.db #0x00	; 0
   0273 05                  678 	.db #0x05	; 5
   0274 1E                  679 	.db #0x1e	; 30
   0275 1C                  680 	.db #0x1c	; 28
   0276 0F                  681 	.db #0x0f	; 15
   0277 0A                  682 	.db #0x0a	; 10
   0278 0F                  683 	.db #0x0f	; 15
   0279 03                  684 	.db #0x03	; 3
   027A 00                  685 	.db #0x00	; 0
   027B 00                  686 	.db #0x00	; 0
   027C 8C                  687 	.db #0x8c	; 140
   027D EF                  688 	.db #0xef	; 239
   027E 00                  689 	.db #0x00	; 0
   027F A0                  690 	.db #0xa0	; 160
   0280 78                  691 	.db #0x78	; 120	'x'
   0281 38                  692 	.db #0x38	; 56	'8'
   0282 F0                  693 	.db #0xf0	; 240
   0283 50                  694 	.db #0x50	; 80	'P'
   0284 F0                  695 	.db #0xf0	; 240
   0285 C0                  696 	.db #0xc0	; 192
   0286 00                  697 	.db #0x00	; 0
   0287 00                  698 	.db #0x00	; 0
   0288                     699 _font_tiles__palette__bin:
   0288 00                  700 	.db #0x00	; 0
   0289 02                  701 	.db #0x02	; 2
   028A 08                  702 	.db #0x08	; 8
   028B 0A                  703 	.db #0x0a	; 10
   028C 20                  704 	.db #0x20	; 32
   028D 22                  705 	.db #0x22	; 34
   028E 28                  706 	.db #0x28	; 40
   028F 2A                  707 	.db #0x2a	; 42
   0290 3F                  708 	.db #0x3f	; 63
   0291 03                  709 	.db #0x03	; 3
   0292 0C                  710 	.db #0x0c	; 12
   0293 0F                  711 	.db #0x0f	; 15
   0294 30                  712 	.db #0x30	; 48	'0'
   0295 33                  713 	.db #0x33	; 51	'3'
   0296 3C                  714 	.db #0x3c	; 60
   0297 3F                  715 	.db #0x3f	; 63
   0298                     716 _font_tiles__tilemap__bin:
   0298 00                  717 	.db #0x00	; 0
   0299 00                  718 	.db #0x00	; 0
   029A 01                  719 	.db #0x01	; 1
   029B 00                  720 	.db #0x00	; 0
   029C 02                  721 	.db #0x02	; 2
   029D 00                  722 	.db #0x00	; 0
   029E 03                  723 	.db #0x03	; 3
   029F 00                  724 	.db #0x00	; 0
   02A0 04                  725 	.db #0x04	; 4
   02A1 00                  726 	.db #0x00	; 0
   02A2 05                  727 	.db #0x05	; 5
   02A3 00                  728 	.db #0x00	; 0
   02A4 06                  729 	.db #0x06	; 6
   02A5 00                  730 	.db #0x00	; 0
   02A6 07                  731 	.db #0x07	; 7
   02A7 00                  732 	.db #0x00	; 0
   02A8 08                  733 	.db #0x08	; 8
   02A9 00                  734 	.db #0x00	; 0
   02AA 09                  735 	.db #0x09	; 9
   02AB 00                  736 	.db #0x00	; 0
   02AC 0A                  737 	.db #0x0a	; 10
   02AD 00                  738 	.db #0x00	; 0
   02AE 0B                  739 	.db #0x0b	; 11
   02AF 00                  740 	.db #0x00	; 0
   02B0 0C                  741 	.db #0x0c	; 12
   02B1 00                  742 	.db #0x00	; 0
   02B2 0D                  743 	.db #0x0d	; 13
   02B3 00                  744 	.db #0x00	; 0
   02B4 0E                  745 	.db #0x0e	; 14
   02B5 00                  746 	.db #0x00	; 0
   02B6 0F                  747 	.db #0x0f	; 15
   02B7 00                  748 	.db #0x00	; 0
   02B8 10                  749 	.db #0x10	; 16
   02B9 00                  750 	.db #0x00	; 0
   02BA 11                  751 	.db #0x11	; 17
   02BB 00                  752 	.db #0x00	; 0
   02BC 12                  753 	.db #0x12	; 18
   02BD 00                  754 	.db #0x00	; 0
   02BE 13                  755 	.db #0x13	; 19
   02BF 00                  756 	.db #0x00	; 0
   02C0 14                  757 	.db #0x14	; 20
   02C1 00                  758 	.db #0x00	; 0
   02C2 15                  759 	.db #0x15	; 21
   02C3 00                  760 	.db #0x00	; 0
   02C4 16                  761 	.db #0x16	; 22
   02C5 00                  762 	.db #0x00	; 0
   02C6 17                  763 	.db #0x17	; 23
   02C7 00                  764 	.db #0x00	; 0
   02C8 18                  765 	.db #0x18	; 24
   02C9 00                  766 	.db #0x00	; 0
   02CA 19                  767 	.db #0x19	; 25
   02CB 00                  768 	.db #0x00	; 0
   02CC 1A                  769 	.db #0x1a	; 26
   02CD 00                  770 	.db #0x00	; 0
   02CE 1B                  771 	.db #0x1b	; 27
   02CF 00                  772 	.db #0x00	; 0
   02D0 1C                  773 	.db #0x1c	; 28
   02D1 00                  774 	.db #0x00	; 0
   02D2 1D                  775 	.db #0x1d	; 29
   02D3 00                  776 	.db #0x00	; 0
   02D4 1E                  777 	.db #0x1e	; 30
   02D5 00                  778 	.db #0x00	; 0
   02D6 1F                  779 	.db #0x1f	; 31
   02D7 00                  780 	.db #0x00	; 0
   02D8 20                  781 	.db #0x20	; 32
   02D9 00                  782 	.db #0x00	; 0
   02DA 21                  783 	.db #0x21	; 33
   02DB 00                  784 	.db #0x00	; 0
   02DC 22                  785 	.db #0x22	; 34
   02DD 00                  786 	.db #0x00	; 0
   02DE 23                  787 	.db #0x23	; 35
   02DF 00                  788 	.db #0x00	; 0
   02E0 24                  789 	.db #0x24	; 36
   02E1 00                  790 	.db #0x00	; 0
   02E2 25                  791 	.db #0x25	; 37
   02E3 00                  792 	.db #0x00	; 0
   02E4 26                  793 	.db #0x26	; 38
   02E5 00                  794 	.db #0x00	; 0
   02E6 27                  795 	.db #0x27	; 39
   02E7 00                  796 	.db #0x00	; 0
   02E8 28                  797 	.db #0x28	; 40
   02E9 00                  798 	.db #0x00	; 0
   02EA 29                  799 	.db #0x29	; 41
   02EB 00                  800 	.db #0x00	; 0
   02EC 2A                  801 	.db #0x2a	; 42
   02ED 00                  802 	.db #0x00	; 0
   02EE 2B                  803 	.db #0x2b	; 43
   02EF 00                  804 	.db #0x00	; 0
   02F0 2C                  805 	.db #0x2c	; 44
   02F1 00                  806 	.db #0x00	; 0
   02F2 2D                  807 	.db #0x2d	; 45
   02F3 00                  808 	.db #0x00	; 0
   02F4 2E                  809 	.db #0x2e	; 46
   02F5 00                  810 	.db #0x00	; 0
   02F6 2F                  811 	.db #0x2f	; 47
   02F7 00                  812 	.db #0x00	; 0
   02F8 30                  813 	.db #0x30	; 48	'0'
   02F9 00                  814 	.db #0x00	; 0
   02FA 31                  815 	.db #0x31	; 49	'1'
   02FB 00                  816 	.db #0x00	; 0
   02FC 32                  817 	.db #0x32	; 50	'2'
   02FD 00                  818 	.db #0x00	; 0
   02FE 33                  819 	.db #0x33	; 51	'3'
   02FF 00                  820 	.db #0x00	; 0
   0300 34                  821 	.db #0x34	; 52	'4'
   0301 00                  822 	.db #0x00	; 0
   0302 35                  823 	.db #0x35	; 53	'5'
   0303 00                  824 	.db #0x00	; 0
   0304 36                  825 	.db #0x36	; 54	'6'
   0305 00                  826 	.db #0x00	; 0
   0306 37                  827 	.db #0x37	; 55	'7'
   0307 00                  828 	.db #0x00	; 0
   0308 38                  829 	.db #0x38	; 56	'8'
   0309 00                  830 	.db #0x00	; 0
   030A 39                  831 	.db #0x39	; 57	'9'
   030B 00                  832 	.db #0x00	; 0
   030C 3A                  833 	.db #0x3a	; 58
   030D 00                  834 	.db #0x00	; 0
   030E 3B                  835 	.db #0x3b	; 59
   030F 00                  836 	.db #0x00	; 0
   0310 3C                  837 	.db #0x3c	; 60
   0311 00                  838 	.db #0x00	; 0
   0312 3D                  839 	.db #0x3d	; 61
   0313 00                  840 	.db #0x00	; 0
   0314 3E                  841 	.db #0x3e	; 62
   0315 00                  842 	.db #0x00	; 0
   0316 3F                  843 	.db #0x3f	; 63
   0317 00                  844 	.db #0x00	; 0
   0318                     845 _font_tiles__tiles__psgcompr:
   0318 40                  846 	.db #0x40	; 64
   0319 00                  847 	.db #0x00	; 0
   031A 00                  848 	.db #0x00	; 0
   031B AA                  849 	.db #0xaa	; 170
   031C 1A                  850 	.db #0x1a	; 26
   031D 18                  851 	.db #0x18	; 24
   031E 1C                  852 	.db #0x1c	; 28
   031F 1C                  853 	.db #0x1c	; 28
   0320 1C                  854 	.db #0x1c	; 28
   0321 00                  855 	.db #0x00	; 0
   0322 00                  856 	.db #0x00	; 0
   0323 00                  857 	.db #0x00	; 0
   0324 00                  858 	.db #0x00	; 0
   0325 00                  859 	.db #0x00	; 0
   0326 AA                  860 	.db #0xaa	; 170
   0327 1F                  861 	.db #0x1f	; 31
   0328 00                  862 	.db #0x00	; 0
   0329 36                  863 	.db #0x36	; 54	'6'
   032A 36                  864 	.db #0x36	; 54	'6'
   032B 24                  865 	.db #0x24	; 36
   032C 00                  866 	.db #0x00	; 0
   032D 00                  867 	.db #0x00	; 0
   032E 00                  868 	.db #0x00	; 0
   032F AA                  869 	.db #0xaa	; 170
   0330 D6                  870 	.db #0xd6	; 214
   0331 36                  871 	.db #0x36	; 54	'6'
   0332 7F                  872 	.db #0x7f	; 127
   0333 7F                  873 	.db #0x7f	; 127
   0334 00                  874 	.db #0x00	; 0
   0335 00                  875 	.db #0x00	; 0
   0336 00                  876 	.db #0x00	; 0
   0337 00                  877 	.db #0x00	; 0
   0338 AA                  878 	.db #0xaa	; 170
   0339 54                  879 	.db #0x54	; 84	'T'
   033A 3E                  880 	.db #0x3e	; 62
   033B 08                  881 	.db #0x08	; 8
   033C 68                  882 	.db #0x68	; 104	'h'
   033D 0B                  883 	.db #0x0b	; 11
   033E 08                  884 	.db #0x08	; 8
   033F 00                  885 	.db #0x00	; 0
   0340 00                  886 	.db #0x00	; 0
   0341 00                  887 	.db #0x00	; 0
   0342 00                  888 	.db #0x00	; 0
   0343 EA                  889 	.db #0xea	; 234
   0344 21                  890 	.db #0x21	; 33
   0345 52                  891 	.db #0x52	; 82	'R'
   0346 24                  892 	.db #0x24	; 36
   0347 08                  893 	.db #0x08	; 8
   0348 12                  894 	.db #0x12	; 18
   0349 25                  895 	.db #0x25	; 37
   034A 42                  896 	.db #0x42	; 66	'B'
   034B 00                  897 	.db #0x00	; 0
   034C 00                  898 	.db #0x00	; 0
   034D 00                  899 	.db #0x00	; 0
   034E 00                  900 	.db #0x00	; 0
   034F EA                  901 	.db #0xea	; 234
   0350 18                  902 	.db #0x18	; 24
   0351 24                  903 	.db #0x24	; 36
   0352 34                  904 	.db #0x34	; 52	'4'
   0353 38                  905 	.db #0x38	; 56	'8'
   0354 4D                  906 	.db #0x4d	; 77	'M'
   0355 46                  907 	.db #0x46	; 70	'F'
   0356 3D                  908 	.db #0x3d	; 61
   0357 00                  909 	.db #0x00	; 0
   0358 00                  910 	.db #0x00	; 0
   0359 00                  911 	.db #0x00	; 0
   035A 00                  912 	.db #0x00	; 0
   035B AA                  913 	.db #0xaa	; 170
   035C 0F                  914 	.db #0x0f	; 15
   035D 00                  915 	.db #0x00	; 0
   035E 30                  916 	.db #0x30	; 48	'0'
   035F 30                  917 	.db #0x30	; 48	'0'
   0360 10                  918 	.db #0x10	; 16
   0361 20                  919 	.db #0x20	; 32
   0362 00                  920 	.db #0x00	; 0
   0363 00                  921 	.db #0x00	; 0
   0364 00                  922 	.db #0x00	; 0
   0365 AA                  923 	.db #0xaa	; 170
   0366 38                  924 	.db #0x38	; 56	'8'
   0367 30                  925 	.db #0x30	; 48	'0'
   0368 0C                  926 	.db #0x0c	; 12
   0369 18                  927 	.db #0x18	; 24
   036A 18                  928 	.db #0x18	; 24
   036B 0C                  929 	.db #0x0c	; 12
   036C 00                  930 	.db #0x00	; 0
   036D 00                  931 	.db #0x00	; 0
   036E 00                  932 	.db #0x00	; 0
   036F 00                  933 	.db #0x00	; 0
   0370 AA                  934 	.db #0xaa	; 170
   0371 38                  935 	.db #0x38	; 56	'8'
   0372 06                  936 	.db #0x06	; 6
   0373 18                  937 	.db #0x18	; 24
   0374 0C                  938 	.db #0x0c	; 12
   0375 0C                  939 	.db #0x0c	; 12
   0376 18                  940 	.db #0x18	; 24
   0377 00                  941 	.db #0x00	; 0
   0378 00                  942 	.db #0x00	; 0
   0379 00                  943 	.db #0x00	; 0
   037A 00                  944 	.db #0x00	; 0
   037B AA                  945 	.db #0xaa	; 170
   037C 83                  946 	.db #0x83	; 131
   037D 00                  947 	.db #0x00	; 0
   037E 22                  948 	.db #0x22	; 34
   037F 14                  949 	.db #0x14	; 20
   0380 08                  950 	.db #0x08	; 8
   0381 14                  951 	.db #0x14	; 20
   0382 22                  952 	.db #0x22	; 34
   0383 00                  953 	.db #0x00	; 0
   0384 00                  954 	.db #0x00	; 0
   0385 00                  955 	.db #0x00	; 0
   0386 AA                  956 	.db #0xaa	; 170
   0387 6C                  957 	.db #0x6c	; 108	'l'
   0388 08                  958 	.db #0x08	; 8
   0389 00                  959 	.db #0x00	; 0
   038A 3E                  960 	.db #0x3e	; 62
   038B 00                  961 	.db #0x00	; 0
   038C 00                  962 	.db #0x00	; 0
   038D 00                  963 	.db #0x00	; 0
   038E 00                  964 	.db #0x00	; 0
   038F 00                  965 	.db #0x00	; 0
   0390 AA                  966 	.db #0xaa	; 170
   0391 F1                  967 	.db #0xf1	; 241
   0392 00                  968 	.db #0x00	; 0
   0393 18                  969 	.db #0x18	; 24
   0394 18                  970 	.db #0x18	; 24
   0395 30                  971 	.db #0x30	; 48	'0'
   0396 00                  972 	.db #0x00	; 0
   0397 00                  973 	.db #0x00	; 0
   0398 00                  974 	.db #0x00	; 0
   0399 AA                  975 	.db #0xaa	; 170
   039A EF                  976 	.db #0xef	; 239
   039B 00                  977 	.db #0x00	; 0
   039C 3E                  978 	.db #0x3e	; 62
   039D 00                  979 	.db #0x00	; 0
   039E 00                  980 	.db #0x00	; 0
   039F 00                  981 	.db #0x00	; 0
   03A0 AA                  982 	.db #0xaa	; 170
   03A1 F9                  983 	.db #0xf9	; 249
   03A2 00                  984 	.db #0x00	; 0
   03A3 18                  985 	.db #0x18	; 24
   03A4 18                  986 	.db #0x18	; 24
   03A5 00                  987 	.db #0x00	; 0
   03A6 00                  988 	.db #0x00	; 0
   03A7 00                  989 	.db #0x00	; 0
   03A8 EA                  990 	.db #0xea	; 234
   03A9 01                  991 	.db #0x01	; 1
   03AA 02                  992 	.db #0x02	; 2
   03AB 04                  993 	.db #0x04	; 4
   03AC 08                  994 	.db #0x08	; 8
   03AD 10                  995 	.db #0x10	; 16
   03AE 20                  996 	.db #0x20	; 32
   03AF 40                  997 	.db #0x40	; 64
   03B0 00                  998 	.db #0x00	; 0
   03B1 00                  999 	.db #0x00	; 0
   03B2 00                 1000 	.db #0x00	; 0
   03B3 00                 1001 	.db #0x00	; 0
   03B4 AA                 1002 	.db #0xaa	; 170
   03B5 38                 1003 	.db #0x38	; 56	'8'
   03B6 63                 1004 	.db #0x63	; 99	'c'
   03B7 1C                 1005 	.db #0x1c	; 28
   03B8 26                 1006 	.db #0x26	; 38
   03B9 32                 1007 	.db #0x32	; 50	'2'
   03BA 1C                 1008 	.db #0x1c	; 28
   03BB 00                 1009 	.db #0x00	; 0
   03BC 00                 1010 	.db #0x00	; 0
   03BD 00                 1011 	.db #0x00	; 0
   03BE 00                 1012 	.db #0x00	; 0
   03BF AA                 1013 	.db #0xaa	; 170
   03C0 BC                 1014 	.db #0xbc	; 188
   03C1 0C                 1015 	.db #0x0c	; 12
   03C2 1C                 1016 	.db #0x1c	; 28
   03C3 3F                 1017 	.db #0x3f	; 63
   03C4 00                 1018 	.db #0x00	; 0
   03C5 00                 1019 	.db #0x00	; 0
   03C6 00                 1020 	.db #0x00	; 0
   03C7 00                 1021 	.db #0x00	; 0
   03C8 EA                 1022 	.db #0xea	; 234
   03C9 3E                 1023 	.db #0x3e	; 62
   03CA 63                 1024 	.db #0x63	; 99	'c'
   03CB 07                 1025 	.db #0x07	; 7
   03CC 1E                 1026 	.db #0x1e	; 30
   03CD 3C                 1027 	.db #0x3c	; 60
   03CE 70                 1028 	.db #0x70	; 112	'p'
   03CF 7F                 1029 	.db #0x7f	; 127
   03D0 00                 1030 	.db #0x00	; 0
   03D1 00                 1031 	.db #0x00	; 0
   03D2 00                 1032 	.db #0x00	; 0
   03D3 00                 1033 	.db #0x00	; 0
   03D4 EA                 1034 	.db #0xea	; 234
   03D5 3F                 1035 	.db #0x3f	; 63
   03D6 06                 1036 	.db #0x06	; 6
   03D7 0C                 1037 	.db #0x0c	; 12
   03D8 1E                 1038 	.db #0x1e	; 30
   03D9 03                 1039 	.db #0x03	; 3
   03DA 63                 1040 	.db #0x63	; 99	'c'
   03DB 3E                 1041 	.db #0x3e	; 62
   03DC 00                 1042 	.db #0x00	; 0
   03DD 00                 1043 	.db #0x00	; 0
   03DE 00                 1044 	.db #0x00	; 0
   03DF 00                 1045 	.db #0x00	; 0
   03E0 EA                 1046 	.db #0xea	; 234
   03E1 0E                 1047 	.db #0x0e	; 14
   03E2 1E                 1048 	.db #0x1e	; 30
   03E3 36                 1049 	.db #0x36	; 54	'6'
   03E4 66                 1050 	.db #0x66	; 102	'f'
   03E5 7F                 1051 	.db #0x7f	; 127
   03E6 06                 1052 	.db #0x06	; 6
   03E7 06                 1053 	.db #0x06	; 6
   03E8 00                 1054 	.db #0x00	; 0
   03E9 00                 1055 	.db #0x00	; 0
   03EA 00                 1056 	.db #0x00	; 0
   03EB 00                 1057 	.db #0x00	; 0
   03EC EA                 1058 	.db #0xea	; 234
   03ED 7E                 1059 	.db #0x7e	; 126
   03EE 60                 1060 	.db #0x60	; 96
   03EF 7E                 1061 	.db #0x7e	; 126
   03F0 03                 1062 	.db #0x03	; 3
   03F1 03                 1063 	.db #0x03	; 3
   03F2 63                 1064 	.db #0x63	; 99	'c'
   03F3 3E                 1065 	.db #0x3e	; 62
   03F4 00                 1066 	.db #0x00	; 0
   03F5 00                 1067 	.db #0x00	; 0
   03F6 00                 1068 	.db #0x00	; 0
   03F7 00                 1069 	.db #0x00	; 0
   03F8 EA                 1070 	.db #0xea	; 234
   03F9 1E                 1071 	.db #0x1e	; 30
   03FA 30                 1072 	.db #0x30	; 48	'0'
   03FB 60                 1073 	.db #0x60	; 96
   03FC 7E                 1074 	.db #0x7e	; 126
   03FD 63                 1075 	.db #0x63	; 99	'c'
   03FE 63                 1076 	.db #0x63	; 99	'c'
   03FF 3E                 1077 	.db #0x3e	; 62
   0400 00                 1078 	.db #0x00	; 0
   0401 00                 1079 	.db #0x00	; 0
   0402 00                 1080 	.db #0x00	; 0
   0403 00                 1081 	.db #0x00	; 0
   0404 AA                 1082 	.db #0xaa	; 170
   0405 0E                 1083 	.db #0x0e	; 14
   0406 18                 1084 	.db #0x18	; 24
   0407 7F                 1085 	.db #0x7f	; 127
   0408 63                 1086 	.db #0x63	; 99	'c'
   0409 06                 1087 	.db #0x06	; 6
   040A 0C                 1088 	.db #0x0c	; 12
   040B 00                 1089 	.db #0x00	; 0
   040C 00                 1090 	.db #0x00	; 0
   040D 00                 1091 	.db #0x00	; 0
   040E 00                 1092 	.db #0x00	; 0
   040F EA                 1093 	.db #0xea	; 234
   0410 3C                 1094 	.db #0x3c	; 60
   0411 62                 1095 	.db #0x62	; 98	'b'
   0412 72                 1096 	.db #0x72	; 114	'r'
   0413 3C                 1097 	.db #0x3c	; 60
   0414 4F                 1098 	.db #0x4f	; 79	'O'
   0415 43                 1099 	.db #0x43	; 67	'C'
   0416 3E                 1100 	.db #0x3e	; 62
   0417 00                 1101 	.db #0x00	; 0
   0418 00                 1102 	.db #0x00	; 0
   0419 00                 1103 	.db #0x00	; 0
   041A 00                 1104 	.db #0x00	; 0
   041B EA                 1105 	.db #0xea	; 234
   041C 3E                 1106 	.db #0x3e	; 62
   041D 63                 1107 	.db #0x63	; 99	'c'
   041E 63                 1108 	.db #0x63	; 99	'c'
   041F 3F                 1109 	.db #0x3f	; 63
   0420 03                 1110 	.db #0x03	; 3
   0421 06                 1111 	.db #0x06	; 6
   0422 3C                 1112 	.db #0x3c	; 60
   0423 00                 1113 	.db #0x00	; 0
   0424 00                 1114 	.db #0x00	; 0
   0425 00                 1115 	.db #0x00	; 0
   0426 00                 1116 	.db #0x00	; 0
   0427 AA                 1117 	.db #0xaa	; 170
   0428 93                 1118 	.db #0x93	; 147
   0429 00                 1119 	.db #0x00	; 0
   042A 18                 1120 	.db #0x18	; 24
   042B 18                 1121 	.db #0x18	; 24
   042C 18                 1122 	.db #0x18	; 24
   042D 18                 1123 	.db #0x18	; 24
   042E 00                 1124 	.db #0x00	; 0
   042F 00                 1125 	.db #0x00	; 0
   0430 00                 1126 	.db #0x00	; 0
   0431 AA                 1127 	.db #0xaa	; 170
   0432 6C                 1128 	.db #0x6c	; 108	'l'
   0433 18                 1129 	.db #0x18	; 24
   0434 00                 1130 	.db #0x00	; 0
   0435 00                 1131 	.db #0x00	; 0
   0436 30                 1132 	.db #0x30	; 48	'0'
   0437 00                 1133 	.db #0x00	; 0
   0438 00                 1134 	.db #0x00	; 0
   0439 00                 1135 	.db #0x00	; 0
   043A 00                 1136 	.db #0x00	; 0
   043B EA                 1137 	.db #0xea	; 234
   043C 06                 1138 	.db #0x06	; 6
   043D 0C                 1139 	.db #0x0c	; 12
   043E 18                 1140 	.db #0x18	; 24
   043F 30                 1141 	.db #0x30	; 48	'0'
   0440 18                 1142 	.db #0x18	; 24
   0441 0C                 1143 	.db #0x0c	; 12
   0442 06                 1144 	.db #0x06	; 6
   0443 00                 1145 	.db #0x00	; 0
   0444 00                 1146 	.db #0x00	; 0
   0445 00                 1147 	.db #0x00	; 0
   0446 00                 1148 	.db #0x00	; 0
   0447 AA                 1149 	.db #0xaa	; 170
   0448 D7                 1150 	.db #0xd7	; 215
   0449 00                 1151 	.db #0x00	; 0
   044A 3E                 1152 	.db #0x3e	; 62
   044B 3E                 1153 	.db #0x3e	; 62
   044C 00                 1154 	.db #0x00	; 0
   044D 00                 1155 	.db #0x00	; 0
   044E 00                 1156 	.db #0x00	; 0
   044F EA                 1157 	.db #0xea	; 234
   0450 30                 1158 	.db #0x30	; 48	'0'
   0451 18                 1159 	.db #0x18	; 24
   0452 0C                 1160 	.db #0x0c	; 12
   0453 06                 1161 	.db #0x06	; 6
   0454 0C                 1162 	.db #0x0c	; 12
   0455 18                 1163 	.db #0x18	; 24
   0456 30                 1164 	.db #0x30	; 48	'0'
   0457 00                 1165 	.db #0x00	; 0
   0458 00                 1166 	.db #0x00	; 0
   0459 00                 1167 	.db #0x00	; 0
   045A 00                 1168 	.db #0x00	; 0
   045B EA                 1169 	.db #0xea	; 234
   045C 3E                 1170 	.db #0x3e	; 62
   045D 7F                 1171 	.db #0x7f	; 127
   045E 63                 1172 	.db #0x63	; 99	'c'
   045F 06                 1173 	.db #0x06	; 6
   0460 1C                 1174 	.db #0x1c	; 28
   0461 00                 1175 	.db #0x00	; 0
   0462 1C                 1176 	.db #0x1c	; 28
   0463 00                 1177 	.db #0x00	; 0
   0464 00                 1178 	.db #0x00	; 0
   0465 00                 1179 	.db #0x00	; 0
   0466 00                 1180 	.db #0x00	; 0
   0467 EA                 1181 	.db #0xea	; 234
   0468 1E                 1182 	.db #0x1e	; 30
   0469 33                 1183 	.db #0x33	; 51	'3'
   046A 67                 1184 	.db #0x67	; 103	'g'
   046B 67                 1185 	.db #0x67	; 103	'g'
   046C 60                 1186 	.db #0x60	; 96
   046D 33                 1187 	.db #0x33	; 51	'3'
   046E 1E                 1188 	.db #0x1e	; 30
   046F 00                 1189 	.db #0x00	; 0
   0470 00                 1190 	.db #0x00	; 0
   0471 00                 1191 	.db #0x00	; 0
   0472 00                 1192 	.db #0x00	; 0
   0473 AA                 1193 	.db #0xaa	; 170
   0474 36                 1194 	.db #0x36	; 54	'6'
   0475 63                 1195 	.db #0x63	; 99	'c'
   0476 1C                 1196 	.db #0x1c	; 28
   0477 36                 1197 	.db #0x36	; 54	'6'
   0478 7F                 1198 	.db #0x7f	; 127
   0479 00                 1199 	.db #0x00	; 0
   047A 00                 1200 	.db #0x00	; 0
   047B 00                 1201 	.db #0x00	; 0
   047C 00                 1202 	.db #0x00	; 0
   047D AA                 1203 	.db #0xaa	; 170
   047E 6C                 1204 	.db #0x6c	; 108	'l'
   047F 63                 1205 	.db #0x63	; 99	'c'
   0480 7E                 1206 	.db #0x7e	; 126
   0481 7E                 1207 	.db #0x7e	; 126
   0482 7E                 1208 	.db #0x7e	; 126
   0483 00                 1209 	.db #0x00	; 0
   0484 00                 1210 	.db #0x00	; 0
   0485 00                 1211 	.db #0x00	; 0
   0486 00                 1212 	.db #0x00	; 0
   0487 AA                 1213 	.db #0xaa	; 170
   0488 38                 1214 	.db #0x38	; 56	'8'
   0489 60                 1215 	.db #0x60	; 96
   048A 1E                 1216 	.db #0x1e	; 30
   048B 33                 1217 	.db #0x33	; 51	'3'
   048C 33                 1218 	.db #0x33	; 51	'3'
   048D 1E                 1219 	.db #0x1e	; 30
   048E 00                 1220 	.db #0x00	; 0
   048F 00                 1221 	.db #0x00	; 0
   0490 00                 1222 	.db #0x00	; 0
   0491 00                 1223 	.db #0x00	; 0
   0492 AA                 1224 	.db #0xaa	; 170
   0493 38                 1225 	.db #0x38	; 56	'8'
   0494 63                 1226 	.db #0x63	; 99	'c'
   0495 7C                 1227 	.db #0x7c	; 124
   0496 66                 1228 	.db #0x66	; 102	'f'
   0497 66                 1229 	.db #0x66	; 102	'f'
   0498 7C                 1230 	.db #0x7c	; 124
   0499 00                 1231 	.db #0x00	; 0
   049A 00                 1232 	.db #0x00	; 0
   049B 00                 1233 	.db #0x00	; 0
   049C 00                 1234 	.db #0x00	; 0
   049D AA                 1235 	.db #0xaa	; 170
   049E 6C                 1236 	.db #0x6c	; 108	'l'
   049F 60                 1237 	.db #0x60	; 96
   04A0 7F                 1238 	.db #0x7f	; 127
   04A1 7E                 1239 	.db #0x7e	; 126
   04A2 7F                 1240 	.db #0x7f	; 127
   04A3 00                 1241 	.db #0x00	; 0
   04A4 00                 1242 	.db #0x00	; 0
   04A5 00                 1243 	.db #0x00	; 0
   04A6 00                 1244 	.db #0x00	; 0
   04A7 AA                 1245 	.db #0xaa	; 170
   04A8 6E                 1246 	.db #0x6e	; 110	'n'
   04A9 60                 1247 	.db #0x60	; 96
   04AA 7F                 1248 	.db #0x7f	; 127
   04AB 7E                 1249 	.db #0x7e	; 126
   04AC 00                 1250 	.db #0x00	; 0
   04AD 00                 1251 	.db #0x00	; 0
   04AE 00                 1252 	.db #0x00	; 0
   04AF 00                 1253 	.db #0x00	; 0
   04B0 EA                 1254 	.db #0xea	; 234
   04B1 1F                 1255 	.db #0x1f	; 31
   04B2 30                 1256 	.db #0x30	; 48	'0'
   04B3 60                 1257 	.db #0x60	; 96
   04B4 67                 1258 	.db #0x67	; 103	'g'
   04B5 63                 1259 	.db #0x63	; 99	'c'
   04B6 33                 1260 	.db #0x33	; 51	'3'
   04B7 1F                 1261 	.db #0x1f	; 31
   04B8 00                 1262 	.db #0x00	; 0
   04B9 00                 1263 	.db #0x00	; 0
   04BA 00                 1264 	.db #0x00	; 0
   04BB 00                 1265 	.db #0x00	; 0
   04BC AA                 1266 	.db #0xaa	; 170
   04BD EE                 1267 	.db #0xee	; 238
   04BE 63                 1268 	.db #0x63	; 99	'c'
   04BF 7F                 1269 	.db #0x7f	; 127
   04C0 00                 1270 	.db #0x00	; 0
   04C1 00                 1271 	.db #0x00	; 0
   04C2 00                 1272 	.db #0x00	; 0
   04C3 00                 1273 	.db #0x00	; 0
   04C4 AA                 1274 	.db #0xaa	; 170
   04C5 7C                 1275 	.db #0x7c	; 124
   04C6 0C                 1276 	.db #0x0c	; 12
   04C7 3F                 1277 	.db #0x3f	; 63
   04C8 3F                 1278 	.db #0x3f	; 63
   04C9 00                 1279 	.db #0x00	; 0
   04CA 00                 1280 	.db #0x00	; 0
   04CB 00                 1281 	.db #0x00	; 0
   04CC 00                 1282 	.db #0x00	; 0
   04CD AA                 1283 	.db #0xaa	; 170
   04CE F8                 1284 	.db #0xf8	; 248
   04CF 03                 1285 	.db #0x03	; 3
   04D0 63                 1286 	.db #0x63	; 99	'c'
   04D1 3E                 1287 	.db #0x3e	; 62
   04D2 00                 1288 	.db #0x00	; 0
   04D3 00                 1289 	.db #0x00	; 0
   04D4 00                 1290 	.db #0x00	; 0
   04D5 00                 1291 	.db #0x00	; 0
   04D6 EA                 1292 	.db #0xea	; 234
   04D7 63                 1293 	.db #0x63	; 99	'c'
   04D8 66                 1294 	.db #0x66	; 102	'f'
   04D9 6C                 1295 	.db #0x6c	; 108	'l'
   04DA 78                 1296 	.db #0x78	; 120	'x'
   04DB 7C                 1297 	.db #0x7c	; 124
   04DC 6E                 1298 	.db #0x6e	; 110	'n'
   04DD 67                 1299 	.db #0x67	; 103	'g'
   04DE 00                 1300 	.db #0x00	; 0
   04DF 00                 1301 	.db #0x00	; 0
   04E0 00                 1302 	.db #0x00	; 0
   04E1 00                 1303 	.db #0x00	; 0
   04E2 AA                 1304 	.db #0xaa	; 170
   04E3 FC                 1305 	.db #0xfc	; 252
   04E4 60                 1306 	.db #0x60	; 96
   04E5 7F                 1307 	.db #0x7f	; 127
   04E6 00                 1308 	.db #0x00	; 0
   04E7 00                 1309 	.db #0x00	; 0
   04E8 00                 1310 	.db #0x00	; 0
   04E9 00                 1311 	.db #0x00	; 0
   04EA AA                 1312 	.db #0xaa	; 170
   04EB 86                 1313 	.db #0x86	; 134
   04EC 63                 1314 	.db #0x63	; 99	'c'
   04ED 77                 1315 	.db #0x77	; 119	'w'
   04EE 7F                 1316 	.db #0x7f	; 127
   04EF 7F                 1317 	.db #0x7f	; 127
   04F0 6B                 1318 	.db #0x6b	; 107	'k'
   04F1 00                 1319 	.db #0x00	; 0
   04F2 00                 1320 	.db #0x00	; 0
   04F3 00                 1321 	.db #0x00	; 0
   04F4 00                 1322 	.db #0x00	; 0
   04F5 EA                 1323 	.db #0xea	; 234
   04F6 63                 1324 	.db #0x63	; 99	'c'
   04F7 73                 1325 	.db #0x73	; 115	's'
   04F8 7B                 1326 	.db #0x7b	; 123
   04F9 7F                 1327 	.db #0x7f	; 127
   04FA 6F                 1328 	.db #0x6f	; 111	'o'
   04FB 67                 1329 	.db #0x67	; 103	'g'
   04FC 63                 1330 	.db #0x63	; 99	'c'
   04FD 00                 1331 	.db #0x00	; 0
   04FE 00                 1332 	.db #0x00	; 0
   04FF 00                 1333 	.db #0x00	; 0
   0500 00                 1334 	.db #0x00	; 0
   0501 AA                 1335 	.db #0xaa	; 170
   0502 7C                 1336 	.db #0x7c	; 124
   0503 63                 1337 	.db #0x63	; 99	'c'
   0504 3E                 1338 	.db #0x3e	; 62
   0505 3E                 1339 	.db #0x3e	; 62
   0506 00                 1340 	.db #0x00	; 0
   0507 00                 1341 	.db #0x00	; 0
   0508 00                 1342 	.db #0x00	; 0
   0509 00                 1343 	.db #0x00	; 0
   050A AA                 1344 	.db #0xaa	; 170
   050B 70                 1345 	.db #0x70	; 112	'p'
   050C 63                 1346 	.db #0x63	; 99	'c'
   050D 7E                 1347 	.db #0x7e	; 126
   050E 7E                 1348 	.db #0x7e	; 126
   050F 60                 1349 	.db #0x60	; 96
   0510 60                 1350 	.db #0x60	; 96
   0511 00                 1351 	.db #0x00	; 0
   0512 00                 1352 	.db #0x00	; 0
   0513 00                 1353 	.db #0x00	; 0
   0514 00                 1354 	.db #0x00	; 0
   0515 AA                 1355 	.db #0xaa	; 170
   0516 70                 1356 	.db #0x70	; 112	'p'
   0517 63                 1357 	.db #0x63	; 99	'c'
   0518 3E                 1358 	.db #0x3e	; 62
   0519 6F                 1359 	.db #0x6f	; 111	'o'
   051A 66                 1360 	.db #0x66	; 102	'f'
   051B 3D                 1361 	.db #0x3d	; 61
   051C 00                 1362 	.db #0x00	; 0
   051D 00                 1363 	.db #0x00	; 0
   051E 00                 1364 	.db #0x00	; 0
   051F 00                 1365 	.db #0x00	; 0
   0520 EA                 1366 	.db #0xea	; 234
   0521 7E                 1367 	.db #0x7e	; 126
   0522 63                 1368 	.db #0x63	; 99	'c'
   0523 63                 1369 	.db #0x63	; 99	'c'
   0524 67                 1370 	.db #0x67	; 103	'g'
   0525 7C                 1371 	.db #0x7c	; 124
   0526 6E                 1372 	.db #0x6e	; 110	'n'
   0527 67                 1373 	.db #0x67	; 103	'g'
   0528 00                 1374 	.db #0x00	; 0
   0529 00                 1375 	.db #0x00	; 0
   052A 00                 1376 	.db #0x00	; 0
   052B 00                 1377 	.db #0x00	; 0
   052C EA                 1378 	.db #0xea	; 234
   052D 3C                 1379 	.db #0x3c	; 60
   052E 66                 1380 	.db #0x66	; 102	'f'
   052F 60                 1381 	.db #0x60	; 96
   0530 3E                 1382 	.db #0x3e	; 62
   0531 03                 1383 	.db #0x03	; 3
   0532 63                 1384 	.db #0x63	; 99	'c'
   0533 3E                 1385 	.db #0x3e	; 62
   0534 00                 1386 	.db #0x00	; 0
   0535 00                 1387 	.db #0x00	; 0
   0536 00                 1388 	.db #0x00	; 0
   0537 00                 1389 	.db #0x00	; 0
   0538 AA                 1390 	.db #0xaa	; 170
   0539 7E                 1391 	.db #0x7e	; 126
   053A 0C                 1392 	.db #0x0c	; 12
   053B 3F                 1393 	.db #0x3f	; 63
   053C 00                 1394 	.db #0x00	; 0
   053D 00                 1395 	.db #0x00	; 0
   053E 00                 1396 	.db #0x00	; 0
   053F 00                 1397 	.db #0x00	; 0
   0540 AA                 1398 	.db #0xaa	; 170
   0541 FC                 1399 	.db #0xfc	; 252
   0542 63                 1400 	.db #0x63	; 99	'c'
   0543 3E                 1401 	.db #0x3e	; 62
   0544 00                 1402 	.db #0x00	; 0
   0545 00                 1403 	.db #0x00	; 0
   0546 00                 1404 	.db #0x00	; 0
   0547 00                 1405 	.db #0x00	; 0
   0548 AA                 1406 	.db #0xaa	; 170
   0549 E0                 1407 	.db #0xe0	; 224
   054A 63                 1408 	.db #0x63	; 99	'c'
   054B 77                 1409 	.db #0x77	; 119	'w'
   054C 3E                 1410 	.db #0x3e	; 62
   054D 1C                 1411 	.db #0x1c	; 28
   054E 08                 1412 	.db #0x08	; 8
   054F 00                 1413 	.db #0x00	; 0
   0550 00                 1414 	.db #0x00	; 0
   0551 00                 1415 	.db #0x00	; 0
   0552 00                 1416 	.db #0x00	; 0
   0553 AA                 1417 	.db #0xaa	; 170
   0554 C2                 1418 	.db #0xc2	; 194
   0555 63                 1419 	.db #0x63	; 99	'c'
   0556 6B                 1420 	.db #0x6b	; 107	'k'
   0557 7F                 1421 	.db #0x7f	; 127
   0558 7F                 1422 	.db #0x7f	; 127
   0559 77                 1423 	.db #0x77	; 119	'w'
   055A 00                 1424 	.db #0x00	; 0
   055B 00                 1425 	.db #0x00	; 0
   055C 00                 1426 	.db #0x00	; 0
   055D 00                 1427 	.db #0x00	; 0
   055E EA                 1428 	.db #0xea	; 234
   055F 63                 1429 	.db #0x63	; 99	'c'
   0560 77                 1430 	.db #0x77	; 119	'w'
   0561 3E                 1431 	.db #0x3e	; 62
   0562 1C                 1432 	.db #0x1c	; 28
   0563 3E                 1433 	.db #0x3e	; 62
   0564 77                 1434 	.db #0x77	; 119	'w'
   0565 63                 1435 	.db #0x63	; 99	'c'
   0566 00                 1436 	.db #0x00	; 0
   0567 00                 1437 	.db #0x00	; 0
   0568 00                 1438 	.db #0x00	; 0
   0569 00                 1439 	.db #0x00	; 0
   056A AA                 1440 	.db #0xaa	; 170
   056B 0E                 1441 	.db #0x0e	; 14
   056C 0C                 1442 	.db #0x0c	; 12
   056D 33                 1443 	.db #0x33	; 51	'3'
   056E 33                 1444 	.db #0x33	; 51	'3'
   056F 33                 1445 	.db #0x33	; 51	'3'
   0570 1E                 1446 	.db #0x1e	; 30
   0571 00                 1447 	.db #0x00	; 0
   0572 00                 1448 	.db #0x00	; 0
   0573 00                 1449 	.db #0x00	; 0
   0574 00                 1450 	.db #0x00	; 0
   0575 EA                 1451 	.db #0xea	; 234
   0576 7F                 1452 	.db #0x7f	; 127
   0577 07                 1453 	.db #0x07	; 7
   0578 0E                 1454 	.db #0x0e	; 14
   0579 1C                 1455 	.db #0x1c	; 28
   057A 38                 1456 	.db #0x38	; 56	'8'
   057B 70                 1457 	.db #0x70	; 112	'p'
   057C 7F                 1458 	.db #0x7f	; 127
   057D 00                 1459 	.db #0x00	; 0
   057E 00                 1460 	.db #0x00	; 0
   057F 00                 1461 	.db #0x00	; 0
   0580 00                 1462 	.db #0x00	; 0
   0581 AA                 1463 	.db #0xaa	; 170
   0582 7C                 1464 	.db #0x7c	; 124
   0583 18                 1465 	.db #0x18	; 24
   0584 1E                 1466 	.db #0x1e	; 30
   0585 1E                 1467 	.db #0x1e	; 30
   0586 00                 1468 	.db #0x00	; 0
   0587 00                 1469 	.db #0x00	; 0
   0588 00                 1470 	.db #0x00	; 0
   0589 00                 1471 	.db #0x00	; 0
   058A EA                 1472 	.db #0xea	; 234
   058B 40                 1473 	.db #0x40	; 64
   058C 20                 1474 	.db #0x20	; 32
   058D 10                 1475 	.db #0x10	; 16
   058E 08                 1476 	.db #0x08	; 8
   058F 04                 1477 	.db #0x04	; 4
   0590 02                 1478 	.db #0x02	; 2
   0591 01                 1479 	.db #0x01	; 1
   0592 00                 1480 	.db #0x00	; 0
   0593 00                 1481 	.db #0x00	; 0
   0594 00                 1482 	.db #0x00	; 0
   0595 00                 1483 	.db #0x00	; 0
   0596 AA                 1484 	.db #0xaa	; 170
   0597 7C                 1485 	.db #0x7c	; 124
   0598 0C                 1486 	.db #0x0c	; 12
   0599 3C                 1487 	.db #0x3c	; 60
   059A 3C                 1488 	.db #0x3c	; 60
   059B 00                 1489 	.db #0x00	; 0
   059C 00                 1490 	.db #0x00	; 0
   059D 00                 1491 	.db #0x00	; 0
   059E 00                 1492 	.db #0x00	; 0
   059F AA                 1493 	.db #0xaa	; 170
   05A0 1F                 1494 	.db #0x1f	; 31
   05A1 00                 1495 	.db #0x00	; 0
   05A2 08                 1496 	.db #0x08	; 8
   05A3 14                 1497 	.db #0x14	; 20
   05A4 2A                 1498 	.db #0x2a	; 42
   05A5 00                 1499 	.db #0x00	; 0
   05A6 00                 1500 	.db #0x00	; 0
   05A7 00                 1501 	.db #0x00	; 0
   05A8 AA                 1502 	.db #0xaa	; 170
   05A9 FE                 1503 	.db #0xfe	; 254
   05AA 00                 1504 	.db #0x00	; 0
   05AB 7F                 1505 	.db #0x7f	; 127
   05AC 00                 1506 	.db #0x00	; 0
   05AD 00                 1507 	.db #0x00	; 0
   05AE 00                 1508 	.db #0x00	; 0
   05AF                    1509 _sprites__palette__bin:
   05AF 00                 1510 	.db #0x00	; 0
   05B0 30                 1511 	.db #0x30	; 48	'0'
   05B1 02                 1512 	.db #0x02	; 2
   05B2 22                 1513 	.db #0x22	; 34
   05B3 2A                 1514 	.db #0x2a	; 42
   05B4 2A                 1515 	.db #0x2a	; 42
   05B5 0B                 1516 	.db #0x0b	; 11
   05B6 0B                 1517 	.db #0x0b	; 11
   05B7 0C                 1518 	.db #0x0c	; 12
   05B8 3F                 1519 	.db #0x3f	; 63
   05B9 3C                 1520 	.db #0x3c	; 60
   05BA 0F                 1521 	.db #0x0f	; 15
   05BB 0F                 1522 	.db #0x0f	; 15
   05BC 3F                 1523 	.db #0x3f	; 63
   05BD 3F                 1524 	.db #0x3f	; 63
   05BE 00                 1525 	.db #0x00	; 0
                           1526 	.area _INITIALIZER
                           1527 	.area _CABS (ABS)
