ASxxxx Linker V03.00 + NoICE + sdld,  page 1.
Hexadecimal  [32-Bits]

Area                                    Addr        Size        Decimal Bytes (Attributes)
--------------------------------        ----        ----        ------- ----- ------------
.  .ABS.                            00000000    00000000 =           0. bytes (ABS,CON)

      Value  Global                              Global Defined In Module
      -----  --------------------------------   ------------------------
     00000000  .__.ABS.                           
     00000000  l__BSEG                         
     00000000  l__BSS                          
     00000000  l__CABS                         
     00000000  l__DABS                         
     00000000  l__HEADER                       
     00000000  l__HEAP                         
     00000000  l__HOME                         
     00000000  s__CABS                         
     00000000  s__CABS0                        
     00000000  s__CABS1                        
     00000000  s__CABS2                        
     00000000  s__CABS3                        
     00000000  s__CABS4                        
     00000000  s__DABS                         
     00000000  s__HEADER                       
     00000000  s__HEADER0                      
     00000000  s__HEADER1                      
     00000000  s__HEADER2                      
     00000000  s__HEADER3                      
     00000000  s__HEADER4                      
     00000000  s__HEADER5                      
     00000001  l__GSFINAL                      
     00000003  l__HEADER3                      
     00000003  l__HEADER4                      
     00000006  l__HEADER0                      
     00000008  l__INITIALIZED                  
     00000008  l__INITIALIZER                  
     00000009  l__HEADER1                      
     0000000A  l__HEADER2                      
     0000000E  l__CABS1                        
     0000000E  l__CABS2                        
     0000000F  l__GSINIT                       
     00000010  l__CABS0                        
     00000010  l__CABS4                        
     00000038  l__CABS3                        
     00000110  l__DATA                         
     0000012A  l__HEADER5                      
     00000200  s__CODE                         
     00001AEA  l__CODE                         
     00001CEA  s__HOME                         
     00001CEA  s__INITIALIZER                  
     00001CF2  s__GSINIT                       
     00001D01  s__GSFINAL                      
     00008000  _SMS_SRAM                          SMSlib_PSGaiden
     0000C000  s__DATA                         
     0000C110  s__INITIALIZED                  
     0000C118  s__BSEG                         
     0000C118  s__BSS                          
     0000C118  s__HEAP                         
ASxxxx Linker V03.00 + NoICE + sdld,  page 2.
Hexadecimal  [32-Bits]

Area                                    Addr        Size        Decimal Bytes (Attributes)
--------------------------------        ----        ----        ------- ----- ------------
.  .ABS.                            00000000    00000000 =           0. bytes (ABS,CON)

      Value  Global                              Global Defined In Module
      -----  --------------------------------   ------------------------
     0000FFFC  _SRAM_bank_to_be_mapped_on_slot2   SMSlib_PSGaiden
     0000FFFF  _ROM_bank_to_be_mapped_on_slot2    SMSlib_PSGaiden

ASxxxx Linker V03.00 + NoICE + sdld,  page 3.
Hexadecimal  [32-Bits]

Area                                    Addr        Size        Decimal Bytes (Attributes)
--------------------------------        ----        ----        ------- ----- ------------
_CODE                               00000200    00001AEA =        6890. bytes (REL,CON)

      Value  Global                              Global Defined In Module
      -----  --------------------------------   ------------------------
     00000200  __clock                            crt0
     00000204  _exit                              crt0
     0000020A  _main                              main
     0000024E  _PSGStop                           PSGlib
     00000275  _PSGResume                         PSGlib
     000002C1  _PSGPlay                           PSGlib
     000002EE  _PSGCancelLoop                     PSGlib
     000002F4  _PSGPlayNoRepeat                   PSGlib
     00000303  _PSGGetStatus                      PSGlib
     0000030B  _PSGSilenceChannels                PSGlib
     0000031C  _PSGRestoreVolumes                 PSGlib
     000003ED  _PSGSetMusicVolumeAttenuation      PSGlib
     000004B2  _PSGSFXStop                        PSGlib
     0000056B  _PSGSFXPlay                        PSGlib
     000005B8  _PSGSFXCancelLoop                  PSGlib
     000005BE  _PSGSFXGetStatus                   PSGlib
     000005C6  _PSGSFXPlayLoop                    PSGlib
     000005E0  _PSGFrame                          PSGlib
     000006F9  _PSGSFXFrame                       PSGlib
     0000077F  _devkit_SMS_init                   _sms_manager
     00000782  _devkit_SMS_displayOn              _sms_manager
     00000788  _devkit_SMS_displayOff             _sms_manager
     0000078E  _devkit_SMS_mapROMBank             _sms_manager
     00000797  _devkit_SMS_enableSRAM             _sms_manager
     0000079D  _devkit_SMS_enableSRAMBank         _sms_manager
     000007AC  _devkit_SMS_disableSRAM            _sms_manager
     000007B2  _devkit_SMS_setSpriteMode          _sms_manager
     000007BE  _devkit_SMS_useFirstHalfTilesfor   _sms_manager
     000007C3  _devkit_SMS_useFirstHalfTilesfor   _sms_manager
     000007C8  _devkit_SMS_VDPturnOnFeature       _sms_manager
     000007CF  _devkit_SMS_loadPSGaidencompress   _sms_manager
     000007E5  _devkit_SMS_loadSTMcompressedTil   _sms_manager
     00000806  _devkit_SMS_loadBGPalette          _sms_manager
     0000080D  _devkit_SMS_loadSpritePalette      _sms_manager
     00000814  _devkit_SMS_setSpritePaletteColo   _sms_manager
     0000083C  _devkit_SMS_setNextTileatXY        _sms_manager
     00000865  _devkit_SMS_setTile                _sms_manager
     00000873  _devkit_SMS_addSprite              _sms_manager
     0000088E  _devkit_SMS_addSprite_bulk8        _sms_manager
     0000096A  _devkit_SMS_addSprite_bulk12       _sms_manager
     00000A6D  _devkit_SMS_initSprites            _sms_manager
     00000A70  _devkit_SMS_finalizeSprites        _sms_manager
     00000A73  _devkit_SMS_waitForVBlank          _sms_manager
     00000A76  _devkit_SMS_copySpritestoSAT       _sms_manager
     00000A79  _devkit_UNSAFE_SMS_copySpritesto   _sms_manager
     00000A7C  _devkit_SMS_queryPauseRequested    _sms_manager
     00000A7F  _devkit_SMS_resetPauseRequest      _sms_manager
     00000A82  _devkit_isCollisionDetected        _sms_manager
     00000A89  _devkit_SMS_getKeysStatus          _sms_manager
     00000A8C  _devkit_PORT_A_KEY_UP              _sms_manager
ASxxxx Linker V03.00 + NoICE + sdld,  page 4.
Hexadecimal  [32-Bits]

Area                                    Addr        Size        Decimal Bytes (Attributes)
--------------------------------        ----        ----        ------- ----- ------------
_CODE                               00000200    00001AEA =        6890. bytes (REL,CON)

      Value  Global                              Global Defined In Module
      -----  --------------------------------   ------------------------
     00000A90  _devkit_PORT_A_KEY_DOWN            _sms_manager
     00000A94  _devkit_PORT_A_KEY_LEFT            _sms_manager
     00000A98  _devkit_PORT_A_KEY_RIGHT           _sms_manager
     00000A9C  _devkit_PORT_A_KEY_1               _sms_manager
     00000AA0  _devkit_PORT_A_KEY_2               _sms_manager
     00000AA4  _devkit_SPRITEMODE_NORMAL          _sms_manager
     00000AA7  _devkit_VDPFEATURE_HIDEFIRSTCOL    _sms_manager
     00000AFF  _devkit_PSGPlay                    _snd_manager
     00000B09  _devkit_PSGCancelLoop              _snd_manager
     00000B0C  _devkit_PSGPlayNoRepeat            _snd_manager
     00000B16  _devkit_PSGStop                    _snd_manager
     00000B19  _devkit_PSGResume                  _snd_manager
     00000B1C  _devkit_PSGGetStatus               _snd_manager
     00000B1F  _devkit_PSGSetMusicVolumeAttenua   _snd_manager
     00000B2B  _devkit_PSGSFXPlay                 _snd_manager
     00000B40  _devkit_PSGSFXPlayLoop             _snd_manager
     00000B55  _devkit_PSGSFXCancelLoop           _snd_manager
     00000B58  _devkit_PSGSFXStop                 _snd_manager
     00000B5B  _devkit_PSGSFXGetStatus            _snd_manager
     00000B5E  _devkit_PSGSilenceChannels         _snd_manager
     00000B61  _devkit_PSGRestoreVolumes          _snd_manager
     00000B64  _devkit_PSGFrame                   _snd_manager
     00000B67  _devkit_PSGSFXFrame                _snd_manager
     00000B6A  _devkit_SFX_CHANNEL2               _snd_manager
     00000B6D  _devkit_SFX_CHANNEL3               _snd_manager
     00000B70  _devkit_SFX_CHANNELS2AND3          _snd_manager
     00000B73  _engine_asm_manager_clear_VRAM     asm_manager
     00000B89  _engine_content_manager_load_til   content_manager
     00000B9F  _engine_content_manager_load_spr   content_manager
     00000BB5  _engine_font_manager_draw_char     font_manager
     00000BDC  _engine_font_manager_draw_text     font_manager
     00000C21  _engine_font_manager_draw_data     font_manager
     00000CCC  _engine_font_manager_draw_data_Z   font_manager
     00000D53  _engine_input_manager_update       input_manager
     00000D60  _engine_input_manager_hold_up      input_manager
     00000D69  _engine_input_manager_hold_down    input_manager
     00000D72  _engine_input_manager_hold_left    input_manager
     00000D7B  _engine_input_manager_hold_right   input_manager
     00000D84  _engine_input_manager_hold_fire1   input_manager
     00000D8D  _engine_input_manager_hold_fire2   input_manager
     00000D96  _engine_input_manager_move_up      input_manager
     00000D9F  _engine_input_manager_move_down    input_manager
     00000DA8  _engine_input_manager_move_left    input_manager
     00000DB1  _engine_input_manager_move_right   input_manager
     00000DBA  _engine_input_manager_move_fire1   input_manager
     00000DC3  _engine_input_manager_move_fire2   input_manager
     00000E16  _engine_screen_manager_init        screen_manager
     00000E3B  _engine_screen_manager_update      screen_manager
     00000F0D  _font_tiles__palette__bin          gfx
     00000F1D  _font_tiles__tilemap__bin          gfx
     00000F9D  _font_tiles__tiles__psgcompr       gfx
ASxxxx Linker V03.00 + NoICE + sdld,  page 5.
Hexadecimal  [32-Bits]

Area                                    Addr        Size        Decimal Bytes (Attributes)
--------------------------------        ----        ----        ------- ----- ------------
_CODE                               00000200    00001AEA =        6890. bytes (REL,CON)

      Value  Global                              Global Defined In Module
      -----  --------------------------------   ------------------------
     00001234  _sprites__palette__bin             gfx
     00001244  _sprites__tiles__psgcompr          gfx
     00001686  __divuint                          
     0000168E  __divuchar                         
     00001695  __divu8                            
     00001698  __divu16                           
     000016C7  _UNSAFE_SMS_copySpritestoSAT       SMSlib_UNSAFE
     000016DF  _UNSAFE_SMS_VRAMmemcpy32           SMSlib_UNSAFE
     000016FC  _UNSAFE_SMS_VRAMmemcpy64           SMSlib_UNSAFE
     00001719  _UNSAFE_SMS_VRAMmemcpy128          SMSlib_UNSAFE
     00001736  _SMS_init                          SMSlib
     0000178A  _VDPReg_init                       SMSlib
     00001795  _SMS_VDPType                       SMSlib
     0000179D  _SMS_VDPturnOnFeature              SMSlib
     000017B4  _SMS_VDPturnOffFeature             SMSlib
     000017CD  _SMS_setBGScrollX                  SMSlib
     000017D7  _SMS_setBGScrollY                  SMSlib
     000017E1  _SMS_setBackdropColor              SMSlib
     000017EB  _SMS_useFirstHalfTilesforSprites   SMSlib
     000017FF  _SMS_setSpriteMode                 SMSlib
     00001844  _SMS_setBGPaletteColor             SMSlib
     00001858  _SMS_setSpritePaletteColor         SMSlib
     0000186C  _SMS_loadBGPalette                 SMSlib
     00001880  _SMS_loadSpritePalette             SMSlib
     00001894  _SMS_setColor                      SMSlib
     00001898  _SMS_initSprites                   SMSlib
     0000189E  _SMS_addSprite                     SMSlib
     000018F3  _SMS_finalizeSprites               SMSlib
     00001905  _SMS_copySpritestoSAT              SMSlib
     0000192E  _SMS_waitForVBlank                 SMSlib
     0000193B  _SMS_getKeysStatus                 SMSlib
     0000193F  _SMS_getKeysPressed                SMSlib
     0000195C  _SMS_getKeysHeld                   SMSlib
     00001973  _SMS_getKeysReleased               SMSlib
     00001990  _SMS_queryPauseRequested           SMSlib
     00001998  _SMS_resetPauseRequest             SMSlib
     0000199E  _SMS_setLineInterruptHandler       SMSlib
     000019AF  _SMS_setLineCounter                SMSlib
     000019BE  _SMS_getVCount                     SMSlib
     000019C2  _SMS_getHCount                     SMSlib
     000019C6  _SMS_isr                           SMSlib
     000019FC  _SMS_nmi_isr                       SMSlib
     00001A0F  _SMS_loadSTMcompressedTileMapAre   SMSlib_STMcomp
     00001BF0  ___sdcc_call_hl                    
     00001BF1  _SMS_loadPSGaidencompressedTiles   SMSlib_PSGaiden
     00001CD3  __moduchar                         
     00001CDF  __moduint                          

ASxxxx Linker V03.00 + NoICE + sdld,  page 6.
Hexadecimal  [32-Bits]

Area                                    Addr        Size        Decimal Bytes (Attributes)
--------------------------------        ----        ----        ------- ----- ------------
_HEADER0                            00000000    00000006 =           6. bytes (ABS,CON)

      Value  Global                              Global Defined In Module
      -----  --------------------------------   ------------------------
     00000006  _SMS_crt0_RST08                    crt0

ASxxxx Linker V03.00 + NoICE + sdld,  page 7.
Hexadecimal  [32-Bits]

Area                                    Addr        Size        Decimal Bytes (Attributes)
--------------------------------        ----        ----        ------- ----- ------------
_HEADER1                            00000000    00000009 =           9. bytes (ABS,CON)

      Value  Global                              Global Defined In Module
      -----  --------------------------------   ------------------------
     00000011  _SMS_crt0_RST18                    crt0

ASxxxx Linker V03.00 + NoICE + sdld,  page 8.
Hexadecimal  [32-Bits]

Area                                    Addr        Size        Decimal Bytes (Attributes)
--------------------------------        ----        ----        ------- ----- ------------
_HEADER2                            00000000    0000000A =          10. bytes (ABS,CON)

      Value  Global                              Global Defined In Module
      -----  --------------------------------   ------------------------
ASxxxx Linker V03.00 + NoICE + sdld,  page 9.
Hexadecimal  [32-Bits]

Area                                    Addr        Size        Decimal Bytes (Attributes)
--------------------------------        ----        ----        ------- ----- ------------
_HEADER3                            00000000    00000003 =           3. bytes (ABS,CON)

      Value  Global                              Global Defined In Module
      -----  --------------------------------   ------------------------
ASxxxx Linker V03.00 + NoICE + sdld,  page 10.
Hexadecimal  [32-Bits]

Area                                    Addr        Size        Decimal Bytes (Attributes)
--------------------------------        ----        ----        ------- ----- ------------
_HEADER4                            00000000    00000003 =           3. bytes (ABS,CON)

      Value  Global                              Global Defined In Module
      -----  --------------------------------   ------------------------
ASxxxx Linker V03.00 + NoICE + sdld,  page 11.
Hexadecimal  [32-Bits]

Area                                    Addr        Size        Decimal Bytes (Attributes)
--------------------------------        ----        ----        ------- ----- ------------
_HEADER5                            00000000    0000012A =         298. bytes (ABS,CON)

      Value  Global                              Global Defined In Module
      -----  --------------------------------   ------------------------
     00000099  _OUTI128                           crt0
     00000119  _OUTI64                            crt0
     00000159  _OUTI32                            crt0
     00000199  _outi_block                        crt0

ASxxxx Linker V03.00 + NoICE + sdld,  page 12.
Hexadecimal  [32-Bits]

Area                                    Addr        Size        Decimal Bytes (Attributes)
--------------------------------        ----        ----        ------- ----- ------------
_INITIALIZER                        00001CEA    00000008 =           8. bytes (REL,CON)

      Value  Global                              Global Defined In Module
      -----  --------------------------------   ------------------------
ASxxxx Linker V03.00 + NoICE + sdld,  page 13.
Hexadecimal  [32-Bits]

Area                                    Addr        Size        Decimal Bytes (Attributes)
--------------------------------        ----        ----        ------- ----- ------------
_GSINIT                             00001CF2    0000000F =          15. bytes (REL,CON)

      Value  Global                              Global Defined In Module
      -----  --------------------------------   ------------------------
     00001CF2  gsinit                             crt0

ASxxxx Linker V03.00 + NoICE + sdld,  page 14.
Hexadecimal  [32-Bits]

Area                                    Addr        Size        Decimal Bytes (Attributes)
--------------------------------        ----        ----        ------- ----- ------------
_GSFINAL                            00001D01    00000001 =           1. bytes (REL,CON)

      Value  Global                              Global Defined In Module
      -----  --------------------------------   ------------------------
ASxxxx Linker V03.00 + NoICE + sdld,  page 15.
Hexadecimal  [32-Bits]

Area                                    Addr        Size        Decimal Bytes (Attributes)
--------------------------------        ----        ----        ------- ----- ------------
_DATA                               0000C000    00000110 =         272. bytes (REL,CON)

      Value  Global                              Global Defined In Module
      -----  --------------------------------   ------------------------
     0000C000  _PSGMusicStatus                    PSGlib
     0000C001  _PSGMusicStart                     PSGlib
     0000C003  _PSGMusicPointer                   PSGlib
     0000C005  _PSGMusicLoopPoint                 PSGlib
     0000C007  _PSGMusicSkipFrames                PSGlib
     0000C008  _PSGLoopFlag                       PSGlib
     0000C009  _PSGMusicLastLatch                 PSGlib
     0000C00A  _PSGMusicVolumeAttenuation         PSGlib
     0000C00B  _PSGMusicSubstringLen              PSGlib
     0000C00C  _PSGMusicSubstringRetAddr          PSGlib
     0000C00E  _PSGChan0Volume                    PSGlib
     0000C00F  _PSGChan1Volume                    PSGlib
     0000C010  _PSGChan2Volume                    PSGlib
     0000C011  _PSGChan3Volume                    PSGlib
     0000C012  _PSGChan2LowTone                   PSGlib
     0000C013  _PSGChan2HighTone                  PSGlib
     0000C014  _PSGChan3LowTone                   PSGlib
     0000C015  _PSGChannel2SFX                    PSGlib
     0000C016  _PSGChannel3SFX                    PSGlib
     0000C017  _PSGSFXChan2Volume                 PSGlib
     0000C018  _PSGSFXChan3Volume                 PSGlib
     0000C019  _PSGSFXStatus                      PSGlib
     0000C01A  _PSGSFXStart                       PSGlib
     0000C01C  _PSGSFXPointer                     PSGlib
     0000C01E  _PSGSFXLoopPoint                   PSGlib
     0000C020  _PSGSFXSkipFrames                  PSGlib
     0000C021  _PSGSFXLoopFlag                    PSGlib
     0000C022  _PSGSFXSubstringLen                PSGlib
     0000C023  _PSGSFXSubstringRetAddr            PSGlib
     0000C025  _VDPBlank                          SMSlib
     0000C026  _SMS_VDPFlags                      SMSlib
     0000C027  _PauseRequested                    SMSlib
     0000C028  _VDPType                           SMSlib
     0000C029  _KeysStatus                        SMSlib
     0000C02B  _PreviousKeysStatus                SMSlib
     0000C02D  _SpriteTableY                      SMSlib
     0000C06D  _SpriteTableXN                     SMSlib
     0000C0ED  _SpriteNextFree                    SMSlib
     0000C0EE  _SMS_theLineInterruptHandler       SMSlib
     0000C0F0  _decompBuffer                      SMSlib_PSGaiden

ASxxxx Linker V03.00 + NoICE + sdld,  page 16.
Hexadecimal  [32-Bits]

Area                                    Addr        Size        Decimal Bytes (Attributes)
--------------------------------        ----        ----        ------- ----- ------------
_INITIALIZED                        0000C110    00000008 =           8. bytes (REL,CON)

      Value  Global                              Global Defined In Module
      -----  --------------------------------   ------------------------
     0000C114  _VDPReg                            SMSlib
     0000C116  _spritesHeight                     SMSlib
     0000C117  _spritesWidth                      SMSlib
ASxxxx Linker V03.00 + NoICE + sdld,  page 17.
Hexadecimal  [32-Bits]

Area                                    Addr        Size        Decimal Bytes (Attributes)
--------------------------------        ----        ----        ------- ----- ------------
_CABS0                              00000000    00000010 =          16. bytes (ABS,CON)

      Value  Global                              Global Defined In Module
      -----  --------------------------------   ------------------------
     00007FF0  ___SMS__SEGA_signature             _sms_manager

ASxxxx Linker V03.00 + NoICE + sdld,  page 18.
Hexadecimal  [32-Bits]

Area                                    Addr        Size        Decimal Bytes (Attributes)
--------------------------------        ----        ----        ------- ----- ------------
_CABS1                              00000000    0000000E =          14. bytes (ABS,CON)

      Value  Global                              Global Defined In Module
      -----  --------------------------------   ------------------------
     00007FD2  ___SMS__SDSC_author                _sms_manager

ASxxxx Linker V03.00 + NoICE + sdld,  page 19.
Hexadecimal  [32-Bits]

Area                                    Addr        Size        Decimal Bytes (Attributes)
--------------------------------        ----        ----        ------- ----- ------------
_CABS2                              00000000    0000000E =          14. bytes (ABS,CON)

      Value  Global                              Global Defined In Module
      -----  --------------------------------   ------------------------
     00007FC4  ___SMS__SDSC_name                  _sms_manager

ASxxxx Linker V03.00 + NoICE + sdld,  page 20.
Hexadecimal  [32-Bits]

Area                                    Addr        Size        Decimal Bytes (Attributes)
--------------------------------        ----        ----        ------- ----- ------------
_CABS3                              00000000    00000038 =          56. bytes (ABS,CON)

      Value  Global                              Global Defined In Module
      -----  --------------------------------   ------------------------
     00007F8C  ___SMS__SDSC_descr                 _sms_manager

ASxxxx Linker V03.00 + NoICE + sdld,  page 21.
Hexadecimal  [32-Bits]

Area                                    Addr        Size        Decimal Bytes (Attributes)
--------------------------------        ----        ----        ------- ----- ------------
_CABS4                              00000000    00000010 =          16. bytes (ABS,CON)

      Value  Global                              Global Defined In Module
      -----  --------------------------------   ------------------------
     00007FE0  ___SMS__SDSC_signature             _sms_manager

ASxxxx Linker V03.00 + NoICE + sdld,  page 22.

Files Linked                              [ module(s) ]

..\crt0\crt0_sms.rel                      [ crt0 ]
main.rel                                  [ main ]
..\lib\PSGlib.rel                         [ PSGlib ]
devkit\_sms_manager.rel                   [ _sms_manager ]
devkit\_snd_manager.rel                   [ _snd_manager ]
engine\asm_manager.rel                    [ asm_manager ]
engine\content_manager.rel                [ content_manager ]
engine\font_manager.rel                   [ font_manager ]
engine\input_manager.rel                  [ input_manager ]
engine\screen_manager.rel                 [ screen_manager ]
gfx.rel                                   [ gfx ]


Libraries Linked                          [ object file ]

C:\Program Files\SDCC\bin\..\lib\z80/z80.lib
                                          [ divunsigned.rel ]
..\lib\SMSlib.lib                         [ SMSlib_UNSAFE.rel ]
..\lib\SMSlib.lib                         [ SMSlib.rel ]
..\lib\SMSlib.lib                         [ SMSlib_STMcomp.rel ]
C:\Program Files\SDCC\bin\..\lib\z80/z80.lib
                                          [ __sdcc_call_hl.rel ]
..\lib\SMSlib.lib                         [ SMSlib_PSGaiden.rel ]
C:\Program Files\SDCC\bin\..\lib\z80/z80.lib
                                          [ modunsigned.rel ]

ASxxxx Linker V03.00 + NoICE + sdld,  page 23.

User Base Address Definitions

_CODE = 0x0200
_DATA = 0xc000

