ASxxxx Linker V03.00 + NoICE + sdld,  page 1.
Hexadecimal  [32-Bits]

Area                                    Addr        Size        Decimal Bytes (Attributes)
--------------------------------        ----        ----        ------- ----- ------------
.  .ABS.                            00000000    00000000 =           0. bytes (ABS,CON)

      Value  Global                              Global Defined In Module
      -----  --------------------------------   ------------------------
     00000000  .__.ABS.                           
     00000000  l__BSEG                         
     00000000  l__BSS                          
     00000000  l__CABS                         
     00000000  l__DABS                         
     00000000  l__HEADER                       
     00000000  l__HEAP                         
     00000000  l__HOME                         
     00000000  s__CABS                         
     00000000  s__CABS0                        
     00000000  s__CABS1                        
     00000000  s__CABS2                        
     00000000  s__CABS3                        
     00000000  s__CABS4                        
     00000000  s__DABS                         
     00000000  s__HEADER                       
     00000000  s__HEADER0                      
     00000000  s__HEADER1                      
     00000000  s__HEADER2                      
     00000000  s__HEADER3                      
     00000000  s__HEADER4                      
     00000000  s__HEADER5                      
     00000001  l__GSFINAL                      
     00000003  l__HEADER3                      
     00000003  l__HEADER4                      
     00000006  l__HEADER0                      
     00000009  l__HEADER1                      
     0000000A  l__HEADER2                      
     0000000A  l__INITIALIZED                  
     0000000A  l__INITIALIZER                  
     0000000E  l__CABS1                        
     0000000E  l__CABS2                        
     0000000F  l__GSINIT                       
     00000010  l__CABS0                        
     00000010  l__CABS4                        
     00000038  l__CABS3                        
     00000078  l__BANK2                        
     0000012A  l__HEADER5                      
     000001F8  l__DATA                         
     00000200  s__CODE                         
     000027A9  l__CODE                         
     000029A9  s__HOME                         
     000029A9  s__INITIALIZER                  
     000029B3  s__GSINIT                       
     000029C2  s__GSFINAL                      
     00008000  _SMS_SRAM                          SMSlib_PSGaiden
     00008000  s__BANK2                        
     0000C000  s__DATA                         
     0000C1F8  s__INITIALIZED                  
     0000C202  s__BSEG                         
ASxxxx Linker V03.00 + NoICE + sdld,  page 2.
Hexadecimal  [32-Bits]

Area                                    Addr        Size        Decimal Bytes (Attributes)
--------------------------------        ----        ----        ------- ----- ------------
.  .ABS.                            00000000    00000000 =           0. bytes (ABS,CON)

      Value  Global                              Global Defined In Module
      -----  --------------------------------   ------------------------
     0000C202  s__BSS                          
     0000C202  s__HEAP                         
     0000FFFC  _SRAM_bank_to_be_mapped_on_slot2   SMSlib_PSGaiden
     0000FFFF  _ROM_bank_to_be_mapped_on_slot2    SMSlib_PSGaiden
ASxxxx Linker V03.00 + NoICE + sdld,  page 3.
Hexadecimal  [32-Bits]

Area                                    Addr        Size        Decimal Bytes (Attributes)
--------------------------------        ----        ----        ------- ----- ------------
_CODE                               00000200    000027A9 =       10153. bytes (REL,CON)

      Value  Global                              Global Defined In Module
      -----  --------------------------------   ------------------------
     00000200  __clock                            crt0
     00000204  _exit                              crt0
     0000020A  _main                              main
     0000024B  _PSGStop                           PSGlib
     00000272  _PSGResume                         PSGlib
     000002BE  _PSGPlay                           PSGlib
     000002EB  _PSGCancelLoop                     PSGlib
     000002F1  _PSGPlayNoRepeat                   PSGlib
     00000300  _PSGGetStatus                      PSGlib
     00000308  _PSGSilenceChannels                PSGlib
     00000319  _PSGRestoreVolumes                 PSGlib
     000003EA  _PSGSetMusicVolumeAttenuation      PSGlib
     000004AF  _PSGSFXStop                        PSGlib
     00000568  _PSGSFXPlay                        PSGlib
     000005B5  _PSGSFXCancelLoop                  PSGlib
     000005BB  _PSGSFXGetStatus                   PSGlib
     000005C3  _PSGSFXPlayLoop                    PSGlib
     000005DD  _PSGFrame                          PSGlib
     000006F6  _PSGSFXFrame                       PSGlib
     0000077C  _devkit_SMS_init                   _sms_manager
     0000077F  _devkit_SMS_displayOn              _sms_manager
     00000785  _devkit_SMS_displayOff             _sms_manager
     0000078B  _devkit_SMS_mapROMBank             _sms_manager
     00000794  _devkit_SMS_enableSRAM             _sms_manager
     0000079A  _devkit_SMS_enableSRAMBank         _sms_manager
     000007A9  _devkit_SMS_disableSRAM            _sms_manager
     000007AF  _devkit_SMS_setSpriteMode          _sms_manager
     000007BB  _devkit_SMS_useFirstHalfTilesfor   _sms_manager
     000007C0  _devkit_SMS_useFirstHalfTilesfor   _sms_manager
     000007C5  _devkit_SMS_VDPturnOnFeature       _sms_manager
     000007CC  _devkit_SMS_loadPSGaidencompress   _sms_manager
     000007E2  _devkit_SMS_loadSTMcompressedTil   _sms_manager
     00000803  _devkit_SMS_loadBGPalette          _sms_manager
     0000080A  _devkit_SMS_loadSpritePalette      _sms_manager
     00000811  _devkit_SMS_setSpritePaletteColo   _sms_manager
     00000839  _devkit_SMS_setNextTileatXY        _sms_manager
     00000862  _devkit_SMS_setTile                _sms_manager
     00000870  _devkit_SMS_addSprite              _sms_manager
     0000088B  _devkit_SMS_addSprite_bulk8        _sms_manager
     00000967  _devkit_SMS_addSprite_bulk12       _sms_manager
     00000A6A  _devkit_SMS_initSprites            _sms_manager
     00000A6D  _devkit_SMS_finalizeSprites        _sms_manager
     00000A70  _devkit_SMS_waitForVBlank          _sms_manager
     00000A73  _devkit_SMS_copySpritestoSAT       _sms_manager
     00000A76  _devkit_UNSAFE_SMS_copySpritesto   _sms_manager
     00000A79  _devkit_SMS_queryPauseRequested    _sms_manager
     00000A7C  _devkit_SMS_resetPauseRequest      _sms_manager
     00000A7F  _devkit_isCollisionDetected        _sms_manager
     00000A86  _devkit_SMS_getKeysStatus          _sms_manager
     00000A89  _devkit_PORT_A_KEY_UP              _sms_manager
ASxxxx Linker V03.00 + NoICE + sdld,  page 4.
Hexadecimal  [32-Bits]

Area                                    Addr        Size        Decimal Bytes (Attributes)
--------------------------------        ----        ----        ------- ----- ------------
_CODE                               00000200    000027A9 =       10153. bytes (REL,CON)

      Value  Global                              Global Defined In Module
      -----  --------------------------------   ------------------------
     00000A8D  _devkit_PORT_A_KEY_DOWN            _sms_manager
     00000A91  _devkit_PORT_A_KEY_LEFT            _sms_manager
     00000A95  _devkit_PORT_A_KEY_RIGHT           _sms_manager
     00000A99  _devkit_PORT_A_KEY_1               _sms_manager
     00000A9D  _devkit_PORT_A_KEY_2               _sms_manager
     00000AA1  _devkit_SPRITEMODE_NORMAL          _sms_manager
     00000AA4  _devkit_VDPFEATURE_HIDEFIRSTCOL    _sms_manager
     00000AFC  _devkit_PSGPlay                    _snd_manager
     00000B06  _devkit_PSGCancelLoop              _snd_manager
     00000B09  _devkit_PSGPlayNoRepeat            _snd_manager
     00000B13  _devkit_PSGStop                    _snd_manager
     00000B16  _devkit_PSGResume                  _snd_manager
     00000B19  _devkit_PSGGetStatus               _snd_manager
     00000B1C  _devkit_PSGSetMusicVolumeAttenua   _snd_manager
     00000B28  _devkit_PSGSFXPlay                 _snd_manager
     00000B3D  _devkit_PSGSFXPlayLoop             _snd_manager
     00000B52  _devkit_PSGSFXCancelLoop           _snd_manager
     00000B55  _devkit_PSGSFXStop                 _snd_manager
     00000B58  _devkit_PSGSFXGetStatus            _snd_manager
     00000B5B  _devkit_PSGSilenceChannels         _snd_manager
     00000B5E  _devkit_PSGRestoreVolumes          _snd_manager
     00000B61  _devkit_PSGFrame                   _snd_manager
     00000B64  _devkit_PSGSFXFrame                _snd_manager
     00000B67  _devkit_SFX_CHANNEL2               _snd_manager
     00000B6A  _devkit_SFX_CHANNEL3               _snd_manager
     00000B6D  _devkit_SFX_CHANNELS2AND3          _snd_manager
     00000B70  _engine_asm_manager_clear_VRAM     asm_manager
     00000B86  _engine_content_manager_load_til   content_manager
     00000BB0  _engine_content_manager_load_spr   content_manager
     00000BD2  _engine_font_manager_draw_char     font_manager
     00000BF9  _engine_font_manager_draw_text     font_manager
     00000C3E  _engine_font_manager_draw_data     font_manager
     00000CE9  _engine_font_manager_draw_data_Z   font_manager
     00000D70  _engine_input_manager_update       input_manager
     00000D7D  _engine_input_manager_hold_up      input_manager
     00000D86  _engine_input_manager_hold_down    input_manager
     00000D8F  _engine_input_manager_hold_left    input_manager
     00000D98  _engine_input_manager_hold_right   input_manager
     00000DA1  _engine_input_manager_hold_fire1   input_manager
     00000DAA  _engine_input_manager_hold_fire2   input_manager
     00000DB3  _engine_input_manager_move_up      input_manager
     00000DBC  _engine_input_manager_move_down    input_manager
     00000DC5  _engine_input_manager_move_left    input_manager
     00000DCE  _engine_input_manager_move_right   input_manager
     00000DD7  _engine_input_manager_move_fire1   input_manager
     00000DE0  _engine_input_manager_move_fire2   input_manager
     00000E33  _engine_level_manager_init_level   level_manager
     00000E43  _engine_level_manager_load_level   level_manager
     00000E72  _engine_level_manager_draw_level   level_manager
     00000FF3  _engine_screen_manager_init        screen_manager
     00001049  _engine_screen_manager_update      screen_manager
ASxxxx Linker V03.00 + NoICE + sdld,  page 5.
Hexadecimal  [32-Bits]

Area                                    Addr        Size        Decimal Bytes (Attributes)
--------------------------------        ----        ----        ------- ----- ------------
_CODE                               00000200    000027A9 =       10153. bytes (REL,CON)

      Value  Global                              Global Defined In Module
      -----  --------------------------------   ------------------------
     0000108C  _engine_tile_manager_load_tile     tile_manager
     000010E1  _engine_tile_manager_load_coll     tile_manager
     00001104  _engine_tile_manager_draw_loop     tile_manager
     00001145  _engine_tile_manager_draw_tile     tile_manager
     000011C0  _levelAAsize                       level_object
     000011C1  _levelAAbank                       level_object
     000011C2  _screen_none_screen_load           none_screen
     000011C3  _screen_none_screen_update         none_screen
     000011CA  _screen_splash_screen_load         splash_screen
     000011EC  _screen_splash_screen_update       splash_screen
     000011F3  _screen_intro_screen_load          intro_screen
     000011F4  _screen_intro_screen_update        intro_screen
     000011FB  _screen_load_screen_load           load_screen
     00001209  _screen_load_screen_update         load_screen
     00001210  _screen_test_screen_load           test_screen
     00001211  _screen_test_screen_update         test_screen
     00001218  _screen_func_screen_load           func_screen
     00001219  _screen_func_screen_update         func_screen
     00001220  _adriana__palette__bin             gfx
     00001230  _adriana__tiles__psgcompr          gfx
     0000126E  _font_tiles__palette__bin          gfx
     0000127E  _font_tiles__tilemap__bin          gfx
     000012FE  _font_tiles__tiles__psgcompr       gfx
     00001595  _game_title__palette__bin          gfx
     000015A5  _game_title__tilemap__bin          gfx
     00001675  _game_title__tiles__psgcompr       gfx
     00001E40  _sprites__palette__bin             gfx
     00001E50  _sprites__tiles__psgcompr          gfx
     00002236  _tree_avoid__palette__bin          gfx
     00002246  _tree_avoid__tilemap__bin          gfx
     0000224E  _tree_avoid__tiles__psgcompr       gfx
     000022A0  _tree_death__palette__bin          gfx
     000022B0  _tree_death__tilemap__bin          gfx
     000022B8  _tree_death__tiles__psgcompr       gfx
     0000232B  __divuint                          
     00002333  __divuchar                         
     0000233A  __divu8                            
     0000233D  __divu16                           
     0000236C  _UNSAFE_SMS_copySpritestoSAT       SMSlib_UNSAFE
     00002384  _UNSAFE_SMS_VRAMmemcpy32           SMSlib_UNSAFE
     000023A1  _UNSAFE_SMS_VRAMmemcpy64           SMSlib_UNSAFE
     000023BE  _UNSAFE_SMS_VRAMmemcpy128          SMSlib_UNSAFE
     000023DB  _SMS_init                          SMSlib
     0000242F  _VDPReg_init                       SMSlib
     0000243A  _SMS_VDPType                       SMSlib
     00002442  _SMS_VDPturnOnFeature              SMSlib
     00002459  _SMS_VDPturnOffFeature             SMSlib
     00002472  _SMS_setBGScrollX                  SMSlib
     0000247C  _SMS_setBGScrollY                  SMSlib
     00002486  _SMS_setBackdropColor              SMSlib
     00002490  _SMS_useFirstHalfTilesforSprites   SMSlib
ASxxxx Linker V03.00 + NoICE + sdld,  page 6.
Hexadecimal  [32-Bits]

Area                                    Addr        Size        Decimal Bytes (Attributes)
--------------------------------        ----        ----        ------- ----- ------------
_CODE                               00000200    000027A9 =       10153. bytes (REL,CON)

      Value  Global                              Global Defined In Module
      -----  --------------------------------   ------------------------
     000024A4  _SMS_setSpriteMode                 SMSlib
     000024E9  _SMS_setBGPaletteColor             SMSlib
     000024FD  _SMS_setSpritePaletteColor         SMSlib
     00002511  _SMS_loadBGPalette                 SMSlib
     00002525  _SMS_loadSpritePalette             SMSlib
     00002539  _SMS_setColor                      SMSlib
     0000253D  _SMS_initSprites                   SMSlib
     00002543  _SMS_addSprite                     SMSlib
     00002598  _SMS_finalizeSprites               SMSlib
     000025AA  _SMS_copySpritestoSAT              SMSlib
     000025D3  _SMS_waitForVBlank                 SMSlib
     000025E0  _SMS_getKeysStatus                 SMSlib
     000025E4  _SMS_getKeysPressed                SMSlib
     00002601  _SMS_getKeysHeld                   SMSlib
     00002618  _SMS_getKeysReleased               SMSlib
     00002635  _SMS_queryPauseRequested           SMSlib
     0000263D  _SMS_resetPauseRequest             SMSlib
     00002643  _SMS_setLineInterruptHandler       SMSlib
     00002654  _SMS_setLineCounter                SMSlib
     00002663  _SMS_getVCount                     SMSlib
     00002667  _SMS_getHCount                     SMSlib
     0000266B  _SMS_isr                           SMSlib
     000026A1  _SMS_nmi_isr                       SMSlib
     000026B4  __mulint                           
     000026BA  __mul16                            
     000026CE  _SMS_loadSTMcompressedTileMapAre   SMSlib_STMcomp
     000028AF  ___sdcc_call_hl                    
     000028B0  _SMS_loadPSGaidencompressedTiles   SMSlib_PSGaiden
     00002992  __moduchar                         
     0000299E  __moduint                          

ASxxxx Linker V03.00 + NoICE + sdld,  page 7.
Hexadecimal  [32-Bits]

Area                                    Addr        Size        Decimal Bytes (Attributes)
--------------------------------        ----        ----        ------- ----- ------------
_HEADER0                            00000000    00000006 =           6. bytes (ABS,CON)

      Value  Global                              Global Defined In Module
      -----  --------------------------------   ------------------------
     00000006  _SMS_crt0_RST08                    crt0

ASxxxx Linker V03.00 + NoICE + sdld,  page 8.
Hexadecimal  [32-Bits]

Area                                    Addr        Size        Decimal Bytes (Attributes)
--------------------------------        ----        ----        ------- ----- ------------
_HEADER1                            00000000    00000009 =           9. bytes (ABS,CON)

      Value  Global                              Global Defined In Module
      -----  --------------------------------   ------------------------
     00000011  _SMS_crt0_RST18                    crt0

ASxxxx Linker V03.00 + NoICE + sdld,  page 9.
Hexadecimal  [32-Bits]

Area                                    Addr        Size        Decimal Bytes (Attributes)
--------------------------------        ----        ----        ------- ----- ------------
_HEADER2                            00000000    0000000A =          10. bytes (ABS,CON)

      Value  Global                              Global Defined In Module
      -----  --------------------------------   ------------------------
ASxxxx Linker V03.00 + NoICE + sdld,  page 10.
Hexadecimal  [32-Bits]

Area                                    Addr        Size        Decimal Bytes (Attributes)
--------------------------------        ----        ----        ------- ----- ------------
_HEADER3                            00000000    00000003 =           3. bytes (ABS,CON)

      Value  Global                              Global Defined In Module
      -----  --------------------------------   ------------------------
ASxxxx Linker V03.00 + NoICE + sdld,  page 11.
Hexadecimal  [32-Bits]

Area                                    Addr        Size        Decimal Bytes (Attributes)
--------------------------------        ----        ----        ------- ----- ------------
_HEADER4                            00000000    00000003 =           3. bytes (ABS,CON)

      Value  Global                              Global Defined In Module
      -----  --------------------------------   ------------------------
ASxxxx Linker V03.00 + NoICE + sdld,  page 12.
Hexadecimal  [32-Bits]

Area                                    Addr        Size        Decimal Bytes (Attributes)
--------------------------------        ----        ----        ------- ----- ------------
_HEADER5                            00000000    0000012A =         298. bytes (ABS,CON)

      Value  Global                              Global Defined In Module
      -----  --------------------------------   ------------------------
     00000099  _OUTI128                           crt0
     00000119  _OUTI64                            crt0
     00000159  _OUTI32                            crt0
     00000199  _outi_block                        crt0

ASxxxx Linker V03.00 + NoICE + sdld,  page 13.
Hexadecimal  [32-Bits]

Area                                    Addr        Size        Decimal Bytes (Attributes)
--------------------------------        ----        ----        ------- ----- ------------
_INITIALIZER                        000029A9    0000000A =          10. bytes (REL,CON)

      Value  Global                              Global Defined In Module
      -----  --------------------------------   ------------------------
ASxxxx Linker V03.00 + NoICE + sdld,  page 14.
Hexadecimal  [32-Bits]

Area                                    Addr        Size        Decimal Bytes (Attributes)
--------------------------------        ----        ----        ------- ----- ------------
_GSINIT                             000029B3    0000000F =          15. bytes (REL,CON)

      Value  Global                              Global Defined In Module
      -----  --------------------------------   ------------------------
     000029B3  gsinit                             crt0

ASxxxx Linker V03.00 + NoICE + sdld,  page 15.
Hexadecimal  [32-Bits]

Area                                    Addr        Size        Decimal Bytes (Attributes)
--------------------------------        ----        ----        ------- ----- ------------
_GSFINAL                            000029C2    00000001 =           1. bytes (REL,CON)

      Value  Global                              Global Defined In Module
      -----  --------------------------------   ------------------------
ASxxxx Linker V03.00 + NoICE + sdld,  page 16.
Hexadecimal  [32-Bits]

Area                                    Addr        Size        Decimal Bytes (Attributes)
--------------------------------        ----        ----        ------- ----- ------------
_DATA                               0000C000    000001F8 =         504. bytes (REL,CON)

      Value  Global                              Global Defined In Module
      -----  --------------------------------   ------------------------
     0000C000  _PSGMusicStatus                    PSGlib
     0000C001  _PSGMusicStart                     PSGlib
     0000C003  _PSGMusicPointer                   PSGlib
     0000C005  _PSGMusicLoopPoint                 PSGlib
     0000C007  _PSGMusicSkipFrames                PSGlib
     0000C008  _PSGLoopFlag                       PSGlib
     0000C009  _PSGMusicLastLatch                 PSGlib
     0000C00A  _PSGMusicVolumeAttenuation         PSGlib
     0000C00B  _PSGMusicSubstringLen              PSGlib
     0000C00C  _PSGMusicSubstringRetAddr          PSGlib
     0000C00E  _PSGChan0Volume                    PSGlib
     0000C00F  _PSGChan1Volume                    PSGlib
     0000C010  _PSGChan2Volume                    PSGlib
     0000C011  _PSGChan3Volume                    PSGlib
     0000C012  _PSGChan2LowTone                   PSGlib
     0000C013  _PSGChan2HighTone                  PSGlib
     0000C014  _PSGChan3LowTone                   PSGlib
     0000C015  _PSGChannel2SFX                    PSGlib
     0000C016  _PSGChannel3SFX                    PSGlib
     0000C017  _PSGSFXChan2Volume                 PSGlib
     0000C018  _PSGSFXChan3Volume                 PSGlib
     0000C019  _PSGSFXStatus                      PSGlib
     0000C01A  _PSGSFXStart                       PSGlib
     0000C01C  _PSGSFXPointer                     PSGlib
     0000C01E  _PSGSFXLoopPoint                   PSGlib
     0000C020  _PSGSFXSkipFrames                  PSGlib
     0000C021  _PSGSFXLoopFlag                    PSGlib
     0000C022  _PSGSFXSubstringLen                PSGlib
     0000C023  _PSGSFXSubstringRetAddr            PSGlib
     0000C025  _global_level_object               level_manager
     0000C10D  _VDPBlank                          SMSlib
     0000C10E  _SMS_VDPFlags                      SMSlib
     0000C10F  _PauseRequested                    SMSlib
     0000C110  _VDPType                           SMSlib
     0000C111  _KeysStatus                        SMSlib
     0000C113  _PreviousKeysStatus                SMSlib
     0000C115  _SpriteTableY                      SMSlib
     0000C155  _SpriteTableXN                     SMSlib
     0000C1D5  _SpriteNextFree                    SMSlib
     0000C1D6  _SMS_theLineInterruptHandler       SMSlib
     0000C1D8  _decompBuffer                      SMSlib_PSGaiden

ASxxxx Linker V03.00 + NoICE + sdld,  page 17.
Hexadecimal  [32-Bits]

Area                                    Addr        Size        Decimal Bytes (Attributes)
--------------------------------        ----        ----        ------- ----- ------------
_INITIALIZED                        0000C1F8    0000000A =          10. bytes (REL,CON)

      Value  Global                              Global Defined In Module
      -----  --------------------------------   ------------------------
     0000C1FC  _levelAAdata                       level_object
     0000C1FE  _VDPReg                            SMSlib
     0000C200  _spritesHeight                     SMSlib
     0000C201  _spritesWidth                      SMSlib

ASxxxx Linker V03.00 + NoICE + sdld,  page 18.
Hexadecimal  [32-Bits]

Area                                    Addr        Size        Decimal Bytes (Attributes)
--------------------------------        ----        ----        ------- ----- ------------
_BANK2                              00008000    00000078 =         120. bytes (REL,CON)

      Value  Global                              Global Defined In Module
      -----  --------------------------------   ------------------------
     00008000  _level0101_txt                     bank2

ASxxxx Linker V03.00 + NoICE + sdld,  page 19.
Hexadecimal  [32-Bits]

Area                                    Addr        Size        Decimal Bytes (Attributes)
--------------------------------        ----        ----        ------- ----- ------------
_CABS0                              00000000    00000010 =          16. bytes (ABS,CON)

      Value  Global                              Global Defined In Module
      -----  --------------------------------   ------------------------
     00007FF0  ___SMS__SEGA_signature             _sms_manager

ASxxxx Linker V03.00 + NoICE + sdld,  page 20.
Hexadecimal  [32-Bits]

Area                                    Addr        Size        Decimal Bytes (Attributes)
--------------------------------        ----        ----        ------- ----- ------------
_CABS1                              00000000    0000000E =          14. bytes (ABS,CON)

      Value  Global                              Global Defined In Module
      -----  --------------------------------   ------------------------
     00007FD2  ___SMS__SDSC_author                _sms_manager

ASxxxx Linker V03.00 + NoICE + sdld,  page 21.
Hexadecimal  [32-Bits]

Area                                    Addr        Size        Decimal Bytes (Attributes)
--------------------------------        ----        ----        ------- ----- ------------
_CABS2                              00000000    0000000E =          14. bytes (ABS,CON)

      Value  Global                              Global Defined In Module
      -----  --------------------------------   ------------------------
     00007FC4  ___SMS__SDSC_name                  _sms_manager

ASxxxx Linker V03.00 + NoICE + sdld,  page 22.
Hexadecimal  [32-Bits]

Area                                    Addr        Size        Decimal Bytes (Attributes)
--------------------------------        ----        ----        ------- ----- ------------
_CABS3                              00000000    00000038 =          56. bytes (ABS,CON)

      Value  Global                              Global Defined In Module
      -----  --------------------------------   ------------------------
     00007F8C  ___SMS__SDSC_descr                 _sms_manager

ASxxxx Linker V03.00 + NoICE + sdld,  page 23.
Hexadecimal  [32-Bits]

Area                                    Addr        Size        Decimal Bytes (Attributes)
--------------------------------        ----        ----        ------- ----- ------------
_CABS4                              00000000    00000010 =          16. bytes (ABS,CON)

      Value  Global                              Global Defined In Module
      -----  --------------------------------   ------------------------
     00007FE0  ___SMS__SDSC_signature             _sms_manager

ASxxxx Linker V03.00 + NoICE + sdld,  page 24.

Files Linked                              [ module(s) ]

..\crt0\crt0_sms.rel                      [ crt0 ]
main.rel                                  [ main ]
..\lib\PSGlib.rel                         [ PSGlib ]
banks\bank2.rel                           [ bank2 ]
devkit\_sms_manager.rel                   [ _sms_manager ]
devkit\_snd_manager.rel                   [ _snd_manager ]
engine\asm_manager.rel                    [ asm_manager ]
engine\content_manager.rel                [ content_manager ]
engine\enum_manager.rel                   [ enum_manager ]
engine\font_manager.rel                   [ font_manager ]
engine\global_manager.rel                 [ global_manager ]
engine\input_manager.rel                  [ input_manager ]
engine\level_manager.rel                  [ level_manager ]
engine\screen_manager.rel                 [ screen_manager ]
engine\tile_manager.rel                   [ tile_manager ]
object\level_object.rel                   [ level_object ]
screen\none_screen.rel                    [ none_screen ]
screen\splash_screen.rel                  [ splash_screen ]
screen\intro_screen.rel                   [ intro_screen ]
screen\load_screen.rel                    [ load_screen ]
screen\test_screen.rel                    [ test_screen ]
screen\func_screen.rel                    [ func_screen ]
gfx.rel                                   [ gfx ]


Libraries Linked                          [ object file ]

C:\Program Files\SDCC\bin\..\lib\z80/z80.lib
                                          [ divunsigned.rel ]
..\lib\SMSlib.lib                         [ SMSlib_UNSAFE.rel ]
..\lib\SMSlib.lib                         [ SMSlib.rel ]
C:\Program Files\SDCC\bin\..\lib\z80/z80.lib
                                          [ mul.rel ]
..\lib\SMSlib.lib                         [ SMSlib_STMcomp.rel ]
C:\Program Files\SDCC\bin\..\lib\z80/z80.lib
                                          [ __sdcc_call_hl.rel ]
..\lib\SMSlib.lib                         [ SMSlib_PSGaiden.rel ]
C:\Program Files\SDCC\bin\..\lib\z80/z80.lib
                                          [ modunsigned.rel ]

ASxxxx Linker V03.00 + NoICE + sdld,  page 25.

User Base Address Definitions

_CODE = 0x0200
_DATA = 0xc000
_BANK2=0x8000

