ASxxxx Linker V03.00 + NoICE + sdld,  page 1.
Hexadecimal  [32-Bits]

Area                                    Addr        Size        Decimal Bytes (Attributes)
--------------------------------        ----        ----        ------- ----- ------------
.  .ABS.                            00000000    00000000 =           0. bytes (ABS,CON)

      Value  Global                              Global Defined In Module
      -----  --------------------------------   ------------------------
     00000000  .__.ABS.                           
     00000000  l__BSEG                         
     00000000  l__BSS                          
     00000000  l__CABS                         
     00000000  l__DABS                         
     00000000  l__HEADER                       
     00000000  l__HEAP                         
     00000000  l__HOME                         
     00000000  s__CABS                         
     00000000  s__CABS0                        
     00000000  s__CABS1                        
     00000000  s__CABS2                        
     00000000  s__CABS3                        
     00000000  s__CABS4                        
     00000000  s__DABS                         
     00000000  s__HEADER                       
     00000000  s__HEADER0                      
     00000000  s__HEADER1                      
     00000000  s__HEADER2                      
     00000000  s__HEADER3                      
     00000000  s__HEADER4                      
     00000000  s__HEADER5                      
     00000001  l__GSFINAL                      
     00000003  l__HEADER3                      
     00000003  l__HEADER4                      
     00000006  l__HEADER0                      
     00000009  l__HEADER1                      
     0000000A  l__HEADER2                      
     0000000A  l__INITIALIZED                  
     0000000A  l__INITIALIZER                  
     0000000E  l__CABS1                        
     0000000E  l__CABS2                        
     0000000F  l__GSINIT                       
     00000010  l__CABS0                        
     00000010  l__CABS4                        
     00000038  l__CABS3                        
     0000012A  l__HEADER5                      
     00000200  s__CODE                         
     00000250  l__DATA                         
     00001770  l__BANK2                        
     00001770  l__BANK3                        
     000027BD  l__CODE                         
     000029BD  s__HOME                         
     000029BD  s__INITIALIZER                  
     000029C7  s__GSINIT                       
     000029D6  s__GSFINAL                      
     00008000  _SMS_SRAM                          SMSlib_PSGaiden
     00008000  s__BANK2                        
     00008000  s__BANK3                        
     0000C000  s__DATA                         
ASxxxx Linker V03.00 + NoICE + sdld,  page 2.
Hexadecimal  [32-Bits]

Area                                    Addr        Size        Decimal Bytes (Attributes)
--------------------------------        ----        ----        ------- ----- ------------
.  .ABS.                            00000000    00000000 =           0. bytes (ABS,CON)

      Value  Global                              Global Defined In Module
      -----  --------------------------------   ------------------------
     0000C250  s__INITIALIZED                  
     0000C25A  s__BSEG                         
     0000C25A  s__BSS                          
     0000C25A  s__HEAP                         
     0000FFFC  _SRAM_bank_to_be_mapped_on_slot2   SMSlib_PSGaiden
     0000FFFF  _ROM_bank_to_be_mapped_on_slot2    SMSlib_PSGaiden

ASxxxx Linker V03.00 + NoICE + sdld,  page 3.
Hexadecimal  [32-Bits]

Area                                    Addr        Size        Decimal Bytes (Attributes)
--------------------------------        ----        ----        ------- ----- ------------
_CODE                               00000200    000027BD =       10173. bytes (REL,CON)

      Value  Global                              Global Defined In Module
      -----  --------------------------------   ------------------------
     00000200  __clock                            crt0
     00000204  _exit                              crt0
     0000020A  _main                              main
     0000024B  _PSGStop                           PSGlib
     00000272  _PSGResume                         PSGlib
     000002BE  _PSGPlay                           PSGlib
     000002EB  _PSGCancelLoop                     PSGlib
     000002F1  _PSGPlayNoRepeat                   PSGlib
     00000300  _PSGGetStatus                      PSGlib
     00000308  _PSGSilenceChannels                PSGlib
     00000319  _PSGRestoreVolumes                 PSGlib
     000003EA  _PSGSetMusicVolumeAttenuation      PSGlib
     000004AF  _PSGSFXStop                        PSGlib
     00000568  _PSGSFXPlay                        PSGlib
     000005B5  _PSGSFXCancelLoop                  PSGlib
     000005BB  _PSGSFXGetStatus                   PSGlib
     000005C3  _PSGSFXPlayLoop                    PSGlib
     000005DD  _PSGFrame                          PSGlib
     000006F6  _PSGSFXFrame                       PSGlib
     0000077C  _devkit_SMS_init                   _sms_manager
     0000077F  _devkit_SMS_displayOn              _sms_manager
     00000785  _devkit_SMS_displayOff             _sms_manager
     0000078B  _devkit_SMS_mapROMBank             _sms_manager
     00000794  _devkit_SMS_enableSRAM             _sms_manager
     0000079A  _devkit_SMS_enableSRAMBank         _sms_manager
     000007A9  _devkit_SMS_disableSRAM            _sms_manager
     000007AF  _devkit_SMS_setSpriteMode          _sms_manager
     000007BB  _devkit_SMS_useFirstHalfTilesfor   _sms_manager
     000007C0  _devkit_SMS_useFirstHalfTilesfor   _sms_manager
     000007C5  _devkit_SMS_VDPturnOnFeature       _sms_manager
     000007CC  _devkit_SMS_loadPSGaidencompress   _sms_manager
     000007E2  _devkit_SMS_loadSTMcompressedTil   _sms_manager
     00000803  _devkit_SMS_loadBGPalette          _sms_manager
     0000080A  _devkit_SMS_loadSpritePalette      _sms_manager
     00000811  _devkit_SMS_setSpritePaletteColo   _sms_manager
     00000839  _devkit_SMS_setNextTileatXY        _sms_manager
     00000862  _devkit_SMS_setTile                _sms_manager
     00000870  _devkit_SMS_addSprite              _sms_manager
     0000088B  _devkit_SMS_addSprite_bulk8        _sms_manager
     00000967  _devkit_SMS_addSprite_bulk12       _sms_manager
     00000A6A  _devkit_SMS_initSprites            _sms_manager
     00000A6D  _devkit_SMS_finalizeSprites        _sms_manager
     00000A70  _devkit_SMS_waitForVBlank          _sms_manager
     00000A73  _devkit_SMS_copySpritestoSAT       _sms_manager
     00000A76  _devkit_UNSAFE_SMS_copySpritesto   _sms_manager
     00000A79  _devkit_SMS_queryPauseRequested    _sms_manager
     00000A7C  _devkit_SMS_resetPauseRequest      _sms_manager
     00000A7F  _devkit_isCollisionDetected        _sms_manager
     00000A86  _devkit_SMS_getKeysStatus          _sms_manager
     00000A89  _devkit_PORT_A_KEY_UP              _sms_manager
ASxxxx Linker V03.00 + NoICE + sdld,  page 4.
Hexadecimal  [32-Bits]

Area                                    Addr        Size        Decimal Bytes (Attributes)
--------------------------------        ----        ----        ------- ----- ------------
_CODE                               00000200    000027BD =       10173. bytes (REL,CON)

      Value  Global                              Global Defined In Module
      -----  --------------------------------   ------------------------
     00000A8D  _devkit_PORT_A_KEY_DOWN            _sms_manager
     00000A91  _devkit_PORT_A_KEY_LEFT            _sms_manager
     00000A95  _devkit_PORT_A_KEY_RIGHT           _sms_manager
     00000A99  _devkit_PORT_A_KEY_1               _sms_manager
     00000A9D  _devkit_PORT_A_KEY_2               _sms_manager
     00000AA1  _devkit_SPRITEMODE_NORMAL          _sms_manager
     00000AA4  _devkit_VDPFEATURE_HIDEFIRSTCOL    _sms_manager
     00000AFC  _devkit_PSGPlay                    _snd_manager
     00000B06  _devkit_PSGCancelLoop              _snd_manager
     00000B09  _devkit_PSGPlayNoRepeat            _snd_manager
     00000B13  _devkit_PSGStop                    _snd_manager
     00000B16  _devkit_PSGResume                  _snd_manager
     00000B19  _devkit_PSGGetStatus               _snd_manager
     00000B1C  _devkit_PSGSetMusicVolumeAttenua   _snd_manager
     00000B28  _devkit_PSGSFXPlay                 _snd_manager
     00000B3D  _devkit_PSGSFXPlayLoop             _snd_manager
     00000B52  _devkit_PSGSFXCancelLoop           _snd_manager
     00000B55  _devkit_PSGSFXStop                 _snd_manager
     00000B58  _devkit_PSGSFXGetStatus            _snd_manager
     00000B5B  _devkit_PSGSilenceChannels         _snd_manager
     00000B5E  _devkit_PSGRestoreVolumes          _snd_manager
     00000B61  _devkit_PSGFrame                   _snd_manager
     00000B64  _devkit_PSGSFXFrame                _snd_manager
     00000B67  _devkit_SFX_CHANNEL2               _snd_manager
     00000B6A  _devkit_SFX_CHANNEL3               _snd_manager
     00000B6D  _devkit_SFX_CHANNELS2AND3          _snd_manager
     00000B70  _engine_asm_manager_clear_VRAM     asm_manager
     00000B86  _engine_content_manager_load_til   content_manager
     00000BB0  _engine_content_manager_load_spr   content_manager
     00000BD2  _engine_font_manager_draw_char     font_manager
     00000BF9  _engine_font_manager_draw_text     font_manager
     00000C3E  _engine_font_manager_draw_data     font_manager
     00000CE9  _engine_font_manager_draw_data_Z   font_manager
     00000D70  _engine_input_manager_update       input_manager
     00000D7D  _engine_input_manager_hold_up      input_manager
     00000D86  _engine_input_manager_hold_down    input_manager
     00000D8F  _engine_input_manager_hold_left    input_manager
     00000D98  _engine_input_manager_hold_right   input_manager
     00000DA1  _engine_input_manager_hold_fire1   input_manager
     00000DAA  _engine_input_manager_hold_fire2   input_manager
     00000DB3  _engine_input_manager_move_up      input_manager
     00000DBC  _engine_input_manager_move_down    input_manager
     00000DC5  _engine_input_manager_move_left    input_manager
     00000DCE  _engine_input_manager_move_right   input_manager
     00000DD7  _engine_input_manager_move_fire1   input_manager
     00000DE0  _engine_input_manager_move_fire2   input_manager
     00000E33  _engine_level_manager_init_level   level_manager
     00000ECC  _engine_level_manager_load_level   level_manager
     00000EFB  _engine_level_manager_draw_level   level_manager
     00001066  _engine_screen_manager_init        screen_manager
     000010BC  _engine_screen_manager_update      screen_manager
ASxxxx Linker V03.00 + NoICE + sdld,  page 5.
Hexadecimal  [32-Bits]

Area                                    Addr        Size        Decimal Bytes (Attributes)
--------------------------------        ----        ----        ------- ----- ------------
_CODE                               00000200    000027BD =       10173. bytes (REL,CON)

      Value  Global                              Global Defined In Module
      -----  --------------------------------   ------------------------
     000010FF  _engine_tile_manager_load_tile     tile_manager
     00001154  _engine_tile_manager_load_coll     tile_manager
     0000116B  _engine_tile_manager_draw_tile     tile_manager
     000011EE  _levelAAsize                       level_object
     000011EF  _levelAAbank                       level_object
     000011F0  _screen_none_screen_load           none_screen
     000011F1  _screen_none_screen_update         none_screen
     000011F8  _screen_splash_screen_load         splash_screen
     0000121A  _screen_splash_screen_update       splash_screen
     00001221  _screen_intro_screen_load          intro_screen
     00001222  _screen_intro_screen_update        intro_screen
     00001229  _screen_load_screen_load           load_screen
     00001237  _screen_load_screen_update         load_screen
     0000123E  _screen_test_screen_load           test_screen
     0000123F  _screen_test_screen_update         test_screen
     00001246  _screen_func_screen_load           func_screen
     00001247  _screen_func_screen_update         func_screen
     0000124E  _adriana__palette__bin             gfx
     0000125E  _adriana__tiles__psgcompr          gfx
     0000129C  _font_tiles__palette__bin          gfx
     000012AC  _font_tiles__tilemap__bin          gfx
     0000132C  _font_tiles__tiles__psgcompr       gfx
     000015C3  _game_title__palette__bin          gfx
     000015D3  _game_title__tilemap__bin          gfx
     000016A3  _game_title__tiles__psgcompr       gfx
     00001E6E  _sprites__palette__bin             gfx
     00001E7E  _sprites__tiles__psgcompr          gfx
     00002264  _tree_avoid__palette__bin          gfx
     00002274  _tree_avoid__tilemap__bin          gfx
     0000227C  _tree_avoid__tiles__psgcompr       gfx
     000022CE  _tree_death__palette__bin          gfx
     000022DE  _tree_death__tilemap__bin          gfx
     000022E6  _tree_death__tiles__psgcompr       gfx
     00002359  __divuint                          
     00002361  __divuchar                         
     00002368  __divu8                            
     0000236B  __divu16                           
     0000239A  _UNSAFE_SMS_copySpritestoSAT       SMSlib_UNSAFE
     000023B2  _UNSAFE_SMS_VRAMmemcpy32           SMSlib_UNSAFE
     000023CF  _UNSAFE_SMS_VRAMmemcpy64           SMSlib_UNSAFE
     000023EC  _UNSAFE_SMS_VRAMmemcpy128          SMSlib_UNSAFE
     00002409  _SMS_init                          SMSlib
     0000245D  _VDPReg_init                       SMSlib
     00002468  _SMS_VDPType                       SMSlib
     00002470  _SMS_VDPturnOnFeature              SMSlib
     00002487  _SMS_VDPturnOffFeature             SMSlib
     000024A0  _SMS_setBGScrollX                  SMSlib
     000024AA  _SMS_setBGScrollY                  SMSlib
     000024B4  _SMS_setBackdropColor              SMSlib
     000024BE  _SMS_useFirstHalfTilesforSprites   SMSlib
     000024D2  _SMS_setSpriteMode                 SMSlib
ASxxxx Linker V03.00 + NoICE + sdld,  page 6.
Hexadecimal  [32-Bits]

Area                                    Addr        Size        Decimal Bytes (Attributes)
--------------------------------        ----        ----        ------- ----- ------------
_CODE                               00000200    000027BD =       10173. bytes (REL,CON)

      Value  Global                              Global Defined In Module
      -----  --------------------------------   ------------------------
     00002517  _SMS_setBGPaletteColor             SMSlib
     0000252B  _SMS_setSpritePaletteColor         SMSlib
     0000253F  _SMS_loadBGPalette                 SMSlib
     00002553  _SMS_loadSpritePalette             SMSlib
     00002567  _SMS_setColor                      SMSlib
     0000256B  _SMS_initSprites                   SMSlib
     00002571  _SMS_addSprite                     SMSlib
     000025C6  _SMS_finalizeSprites               SMSlib
     000025D8  _SMS_copySpritestoSAT              SMSlib
     00002601  _SMS_waitForVBlank                 SMSlib
     0000260E  _SMS_getKeysStatus                 SMSlib
     00002612  _SMS_getKeysPressed                SMSlib
     0000262F  _SMS_getKeysHeld                   SMSlib
     00002646  _SMS_getKeysReleased               SMSlib
     00002663  _SMS_queryPauseRequested           SMSlib
     0000266B  _SMS_resetPauseRequest             SMSlib
     00002671  _SMS_setLineInterruptHandler       SMSlib
     00002682  _SMS_setLineCounter                SMSlib
     00002691  _SMS_getVCount                     SMSlib
     00002695  _SMS_getHCount                     SMSlib
     00002699  _SMS_isr                           SMSlib
     000026CF  _SMS_nmi_isr                       SMSlib
     000026E2  _SMS_loadSTMcompressedTileMapAre   SMSlib_STMcomp
     000028C3  ___sdcc_call_hl                    
     000028C4  _SMS_loadPSGaidencompressedTiles   SMSlib_PSGaiden
     000029A6  __moduchar                         
     000029B2  __moduint                          

ASxxxx Linker V03.00 + NoICE + sdld,  page 7.
Hexadecimal  [32-Bits]

Area                                    Addr        Size        Decimal Bytes (Attributes)
--------------------------------        ----        ----        ------- ----- ------------
_HEADER0                            00000000    00000006 =           6. bytes (ABS,CON)

      Value  Global                              Global Defined In Module
      -----  --------------------------------   ------------------------
     00000006  _SMS_crt0_RST08                    crt0

ASxxxx Linker V03.00 + NoICE + sdld,  page 8.
Hexadecimal  [32-Bits]

Area                                    Addr        Size        Decimal Bytes (Attributes)
--------------------------------        ----        ----        ------- ----- ------------
_HEADER1                            00000000    00000009 =           9. bytes (ABS,CON)

      Value  Global                              Global Defined In Module
      -----  --------------------------------   ------------------------
     00000011  _SMS_crt0_RST18                    crt0

ASxxxx Linker V03.00 + NoICE + sdld,  page 9.
Hexadecimal  [32-Bits]

Area                                    Addr        Size        Decimal Bytes (Attributes)
--------------------------------        ----        ----        ------- ----- ------------
_HEADER2                            00000000    0000000A =          10. bytes (ABS,CON)

      Value  Global                              Global Defined In Module
      -----  --------------------------------   ------------------------
ASxxxx Linker V03.00 + NoICE + sdld,  page 10.
Hexadecimal  [32-Bits]

Area                                    Addr        Size        Decimal Bytes (Attributes)
--------------------------------        ----        ----        ------- ----- ------------
_HEADER3                            00000000    00000003 =           3. bytes (ABS,CON)

      Value  Global                              Global Defined In Module
      -----  --------------------------------   ------------------------
ASxxxx Linker V03.00 + NoICE + sdld,  page 11.
Hexadecimal  [32-Bits]

Area                                    Addr        Size        Decimal Bytes (Attributes)
--------------------------------        ----        ----        ------- ----- ------------
_HEADER4                            00000000    00000003 =           3. bytes (ABS,CON)

      Value  Global                              Global Defined In Module
      -----  --------------------------------   ------------------------
ASxxxx Linker V03.00 + NoICE + sdld,  page 12.
Hexadecimal  [32-Bits]

Area                                    Addr        Size        Decimal Bytes (Attributes)
--------------------------------        ----        ----        ------- ----- ------------
_HEADER5                            00000000    0000012A =         298. bytes (ABS,CON)

      Value  Global                              Global Defined In Module
      -----  --------------------------------   ------------------------
     00000099  _OUTI128                           crt0
     00000119  _OUTI64                            crt0
     00000159  _OUTI32                            crt0
     00000199  _outi_block                        crt0

ASxxxx Linker V03.00 + NoICE + sdld,  page 13.
Hexadecimal  [32-Bits]

Area                                    Addr        Size        Decimal Bytes (Attributes)
--------------------------------        ----        ----        ------- ----- ------------
_INITIALIZER                        000029BD    0000000A =          10. bytes (REL,CON)

      Value  Global                              Global Defined In Module
      -----  --------------------------------   ------------------------
ASxxxx Linker V03.00 + NoICE + sdld,  page 14.
Hexadecimal  [32-Bits]

Area                                    Addr        Size        Decimal Bytes (Attributes)
--------------------------------        ----        ----        ------- ----- ------------
_GSINIT                             000029C7    0000000F =          15. bytes (REL,CON)

      Value  Global                              Global Defined In Module
      -----  --------------------------------   ------------------------
     000029C7  gsinit                             crt0

ASxxxx Linker V03.00 + NoICE + sdld,  page 15.
Hexadecimal  [32-Bits]

Area                                    Addr        Size        Decimal Bytes (Attributes)
--------------------------------        ----        ----        ------- ----- ------------
_GSFINAL                            000029D6    00000001 =           1. bytes (REL,CON)

      Value  Global                              Global Defined In Module
      -----  --------------------------------   ------------------------
ASxxxx Linker V03.00 + NoICE + sdld,  page 16.
Hexadecimal  [32-Bits]

Area                                    Addr        Size        Decimal Bytes (Attributes)
--------------------------------        ----        ----        ------- ----- ------------
_DATA                               0000C000    00000250 =         592. bytes (REL,CON)

      Value  Global                              Global Defined In Module
      -----  --------------------------------   ------------------------
     0000C000  _PSGMusicStatus                    PSGlib
     0000C001  _PSGMusicStart                     PSGlib
     0000C003  _PSGMusicPointer                   PSGlib
     0000C005  _PSGMusicLoopPoint                 PSGlib
     0000C007  _PSGMusicSkipFrames                PSGlib
     0000C008  _PSGLoopFlag                       PSGlib
     0000C009  _PSGMusicLastLatch                 PSGlib
     0000C00A  _PSGMusicVolumeAttenuation         PSGlib
     0000C00B  _PSGMusicSubstringLen              PSGlib
     0000C00C  _PSGMusicSubstringRetAddr          PSGlib
     0000C00E  _PSGChan0Volume                    PSGlib
     0000C00F  _PSGChan1Volume                    PSGlib
     0000C010  _PSGChan2Volume                    PSGlib
     0000C011  _PSGChan3Volume                    PSGlib
     0000C012  _PSGChan2LowTone                   PSGlib
     0000C013  _PSGChan2HighTone                  PSGlib
     0000C014  _PSGChan3LowTone                   PSGlib
     0000C015  _PSGChannel2SFX                    PSGlib
     0000C016  _PSGChannel3SFX                    PSGlib
     0000C017  _PSGSFXChan2Volume                 PSGlib
     0000C018  _PSGSFXChan3Volume                 PSGlib
     0000C019  _PSGSFXStatus                      PSGlib
     0000C01A  _PSGSFXStart                       PSGlib
     0000C01C  _PSGSFXPointer                     PSGlib
     0000C01E  _PSGSFXLoopPoint                   PSGlib
     0000C020  _PSGSFXSkipFrames                  PSGlib
     0000C021  _PSGSFXLoopFlag                    PSGlib
     0000C022  _PSGSFXSubstringLen                PSGlib
     0000C023  _PSGSFXSubstringRetAddr            PSGlib
     0000C025  _global_level_object               level_manager
     0000C165  _VDPBlank                          SMSlib
     0000C166  _SMS_VDPFlags                      SMSlib
     0000C167  _PauseRequested                    SMSlib
     0000C168  _VDPType                           SMSlib
     0000C169  _KeysStatus                        SMSlib
     0000C16B  _PreviousKeysStatus                SMSlib
     0000C16D  _SpriteTableY                      SMSlib
     0000C1AD  _SpriteTableXN                     SMSlib
     0000C22D  _SpriteNextFree                    SMSlib
     0000C22E  _SMS_theLineInterruptHandler       SMSlib
     0000C230  _decompBuffer                      SMSlib_PSGaiden

ASxxxx Linker V03.00 + NoICE + sdld,  page 17.
Hexadecimal  [32-Bits]

Area                                    Addr        Size        Decimal Bytes (Attributes)
--------------------------------        ----        ----        ------- ----- ------------
_INITIALIZED                        0000C250    0000000A =          10. bytes (REL,CON)

      Value  Global                              Global Defined In Module
      -----  --------------------------------   ------------------------
     0000C254  _levelAAdata                       level_object
     0000C256  _VDPReg                            SMSlib
     0000C258  _spritesHeight                     SMSlib
     0000C259  _spritesWidth                      SMSlib

ASxxxx Linker V03.00 + NoICE + sdld,  page 18.
Hexadecimal  [32-Bits]

Area                                    Addr        Size        Decimal Bytes (Attributes)
--------------------------------        ----        ----        ------- ----- ------------
_BANK2                              00008000    00001770 =        6000. bytes (REL,CON)

      Value  Global                              Global Defined In Module
      -----  --------------------------------   ------------------------
     00008000  _level0101_txt                     bank2
     00008078  _level0102_txt                     bank2
     000080F0  _level0103_txt                     bank2
     00008168  _level0104_txt                     bank2
     000081E0  _level0105_txt                     bank2
     00008258  _level0106_txt                     bank2
     000082D0  _level0107_txt                     bank2
     00008348  _level0108_txt                     bank2
     000083C0  _level0109_txt                     bank2
     00008438  _level0110_txt                     bank2
     000084B0  _level0201_txt                     bank2
     00008528  _level0202_txt                     bank2
     000085A0  _level0203_txt                     bank2
     00008618  _level0204_txt                     bank2
     00008690  _level0205_txt                     bank2
     00008708  _level0206_txt                     bank2
     00008780  _level0207_txt                     bank2
     000087F8  _level0208_txt                     bank2
     00008870  _level0209_txt                     bank2
     000088E8  _level0210_txt                     bank2
     00008960  _level0301_txt                     bank2
     000089D8  _level0302_txt                     bank2
     00008A50  _level0303_txt                     bank2
     00008AC8  _level0304_txt                     bank2
     00008B40  _level0305_txt                     bank2
     00008BB8  _level0306_txt                     bank2
     00008C30  _level0307_txt                     bank2
     00008CA8  _level0308_txt                     bank2
     00008D20  _level0309_txt                     bank2
     00008D98  _level0310_txt                     bank2
     00008E10  _level0401_txt                     bank2
     00008E88  _level0402_txt                     bank2
     00008F00  _level0403_txt                     bank2
     00008F78  _level0404_txt                     bank2
     00008FF0  _level0405_txt                     bank2
     00009068  _level0406_txt                     bank2
     000090E0  _level0407_txt                     bank2
     00009158  _level0408_txt                     bank2
     000091D0  _level0409_txt                     bank2
     00009248  _level0410_txt                     bank2
     000092C0  _level0501_txt                     bank2
     00009338  _level0502_txt                     bank2
     000093B0  _level0503_txt                     bank2
     00009428  _level0504_txt                     bank2
     000094A0  _level0505_txt                     bank2
     00009518  _level0506_txt                     bank2
     00009590  _level0507_txt                     bank2
     00009608  _level0508_txt                     bank2
     00009680  _level0509_txt                     bank2
     000096F8  _level0510_txt                     bank2

ASxxxx Linker V03.00 + NoICE + sdld,  page 19.
Hexadecimal  [32-Bits]

Area                                    Addr        Size        Decimal Bytes (Attributes)
--------------------------------        ----        ----        ------- ----- ------------
_BANK3                              00008000    00001770 =        6000. bytes (REL,CON)

      Value  Global                              Global Defined In Module
      -----  --------------------------------   ------------------------
     00008000  _level0601_txt                     bank3
     00008078  _level0602_txt                     bank3
     000080F0  _level0603_txt                     bank3
     00008168  _level0604_txt                     bank3
     000081E0  _level0605_txt                     bank3
     00008258  _level0606_txt                     bank3
     000082D0  _level0607_txt                     bank3
     00008348  _level0608_txt                     bank3
     000083C0  _level0609_txt                     bank3
     00008438  _level0610_txt                     bank3
     000084B0  _level0701_txt                     bank3
     00008528  _level0702_txt                     bank3
     000085A0  _level0703_txt                     bank3
     00008618  _level0704_txt                     bank3
     00008690  _level0705_txt                     bank3
     00008708  _level0706_txt                     bank3
     00008780  _level0707_txt                     bank3
     000087F8  _level0708_txt                     bank3
     00008870  _level0709_txt                     bank3
     000088E8  _level0710_txt                     bank3
     00008960  _level0801_txt                     bank3
     000089D8  _level0802_txt                     bank3
     00008A50  _level0803_txt                     bank3
     00008AC8  _level0804_txt                     bank3
     00008B40  _level0805_txt                     bank3
     00008BB8  _level0806_txt                     bank3
     00008C30  _level0807_txt                     bank3
     00008CA8  _level0808_txt                     bank3
     00008D20  _level0809_txt                     bank3
     00008D98  _level0810_txt                     bank3
     00008E10  _level0901_txt                     bank3
     00008E88  _level0902_txt                     bank3
     00008F00  _level0903_txt                     bank3
     00008F78  _level0904_txt                     bank3
     00008FF0  _level0905_txt                     bank3
     00009068  _level0906_txt                     bank3
     000090E0  _level0907_txt                     bank3
     00009158  _level0908_txt                     bank3
     000091D0  _level0909_txt                     bank3
     00009248  _level0910_txt                     bank3
     000092C0  _level1001_txt                     bank3
     00009338  _level1002_txt                     bank3
     000093B0  _level1003_txt                     bank3
     00009428  _level1004_txt                     bank3
     000094A0  _level1005_txt                     bank3
     00009518  _level1006_txt                     bank3
     00009590  _level1007_txt                     bank3
     00009608  _level1008_txt                     bank3
     00009680  _level1009_txt                     bank3
     000096F8  _level1010_txt                     bank3

ASxxxx Linker V03.00 + NoICE + sdld,  page 20.
Hexadecimal  [32-Bits]

Area                                    Addr        Size        Decimal Bytes (Attributes)
--------------------------------        ----        ----        ------- ----- ------------
_CABS0                              00000000    00000010 =          16. bytes (ABS,CON)

      Value  Global                              Global Defined In Module
      -----  --------------------------------   ------------------------
     00007FF0  ___SMS__SEGA_signature             _sms_manager

ASxxxx Linker V03.00 + NoICE + sdld,  page 21.
Hexadecimal  [32-Bits]

Area                                    Addr        Size        Decimal Bytes (Attributes)
--------------------------------        ----        ----        ------- ----- ------------
_CABS1                              00000000    0000000E =          14. bytes (ABS,CON)

      Value  Global                              Global Defined In Module
      -----  --------------------------------   ------------------------
     00007FD2  ___SMS__SDSC_author                _sms_manager

ASxxxx Linker V03.00 + NoICE + sdld,  page 22.
Hexadecimal  [32-Bits]

Area                                    Addr        Size        Decimal Bytes (Attributes)
--------------------------------        ----        ----        ------- ----- ------------
_CABS2                              00000000    0000000E =          14. bytes (ABS,CON)

      Value  Global                              Global Defined In Module
      -----  --------------------------------   ------------------------
     00007FC4  ___SMS__SDSC_name                  _sms_manager

ASxxxx Linker V03.00 + NoICE + sdld,  page 23.
Hexadecimal  [32-Bits]

Area                                    Addr        Size        Decimal Bytes (Attributes)
--------------------------------        ----        ----        ------- ----- ------------
_CABS3                              00000000    00000038 =          56. bytes (ABS,CON)

      Value  Global                              Global Defined In Module
      -----  --------------------------------   ------------------------
     00007F8C  ___SMS__SDSC_descr                 _sms_manager

ASxxxx Linker V03.00 + NoICE + sdld,  page 24.
Hexadecimal  [32-Bits]

Area                                    Addr        Size        Decimal Bytes (Attributes)
--------------------------------        ----        ----        ------- ----- ------------
_CABS4                              00000000    00000010 =          16. bytes (ABS,CON)

      Value  Global                              Global Defined In Module
      -----  --------------------------------   ------------------------
     00007FE0  ___SMS__SDSC_signature             _sms_manager

ASxxxx Linker V03.00 + NoICE + sdld,  page 25.

Files Linked                              [ module(s) ]

..\crt0\crt0_sms.rel                      [ crt0 ]
main.rel                                  [ main ]
..\lib\PSGlib.rel                         [ PSGlib ]
banks\bank2.rel                           [ bank2 ]
banks\bank3.rel                           [ bank3 ]
devkit\_sms_manager.rel                   [ _sms_manager ]
devkit\_snd_manager.rel                   [ _snd_manager ]
engine\asm_manager.rel                    [ asm_manager ]
engine\content_manager.rel                [ content_manager ]
engine\enum_manager.rel                   [ enum_manager ]
engine\font_manager.rel                   [ font_manager ]
engine\global_manager.rel                 [ global_manager ]
engine\input_manager.rel                  [ input_manager ]
engine\level_manager.rel                  [ level_manager ]
engine\screen_manager.rel                 [ screen_manager ]
engine\tile_manager.rel                   [ tile_manager ]
object\level_object.rel                   [ level_object ]
screen\none_screen.rel                    [ none_screen ]
screen\splash_screen.rel                  [ splash_screen ]
screen\intro_screen.rel                   [ intro_screen ]
screen\load_screen.rel                    [ load_screen ]
screen\test_screen.rel                    [ test_screen ]
screen\func_screen.rel                    [ func_screen ]
gfx.rel                                   [ gfx ]


Libraries Linked                          [ object file ]

C:\Program Files\SDCC\bin\..\lib\z80/z80.lib
                                          [ divunsigned.rel ]
..\lib\SMSlib.lib                         [ SMSlib_UNSAFE.rel ]
..\lib\SMSlib.lib                         [ SMSlib.rel ]
..\lib\SMSlib.lib                         [ SMSlib_STMcomp.rel ]
C:\Program Files\SDCC\bin\..\lib\z80/z80.lib
                                          [ __sdcc_call_hl.rel ]
..\lib\SMSlib.lib                         [ SMSlib_PSGaiden.rel ]
C:\Program Files\SDCC\bin\..\lib\z80/z80.lib
                                          [ modunsigned.rel ]

ASxxxx Linker V03.00 + NoICE + sdld,  page 26.

User Base Address Definitions

_CODE = 0x0200
_DATA = 0xc000
_BANK2=0x8000
_BANK3=0x8000

