ASxxxx Linker V03.00 + NoICE + sdld,  page 1.
Hexadecimal  [32-Bits]

Area                                    Addr        Size        Decimal Bytes (Attributes)
--------------------------------        ----        ----        ------- ----- ------------
.  .ABS.                            00000000    00000000 =           0. bytes (ABS,CON)

      Value  Global                              Global Defined In Module
      -----  --------------------------------   ------------------------
     00000000  .__.ABS.                           
     00000000  l__BSEG                         
     00000000  l__BSS                          
     00000000  l__CABS                         
     00000000  l__DABS                         
     00000000  l__HEADER                       
     00000000  l__HEAP                         
     00000000  l__HOME                         
     00000000  s__CABS                         
     00000000  s__CABS0                        
     00000000  s__CABS1                        
     00000000  s__CABS2                        
     00000000  s__CABS3                        
     00000000  s__CABS4                        
     00000000  s__DABS                         
     00000000  s__HEADER                       
     00000000  s__HEADER0                      
     00000000  s__HEADER1                      
     00000000  s__HEADER2                      
     00000000  s__HEADER3                      
     00000000  s__HEADER4                      
     00000000  s__HEADER5                      
     00000001  l__GSFINAL                      
     00000003  l__HEADER3                      
     00000003  l__HEADER4                      
     00000006  l__HEADER0                      
     00000008  l__INITIALIZED                  
     00000008  l__INITIALIZER                  
     00000009  l__HEADER1                      
     0000000A  l__HEADER2                      
     0000000E  l__CABS1                        
     0000000E  l__CABS2                        
     0000000F  l__GSINIT                       
     00000010  l__CABS0                        
     00000010  l__CABS4                        
     00000038  l__CABS3                        
     00000076  l__BANK2                        
     0000012A  l__DATA                         
     0000012A  l__HEADER5                      
     00000200  s__CODE                         
     00002537  l__CODE                         
     00002737  s__HOME                         
     00002737  s__INITIALIZER                  
     0000273F  s__GSINIT                       
     0000274E  s__GSFINAL                      
     00008000  _SMS_SRAM                          SMSlib_PSGaiden
     00008000  s__BANK2                        
     0000C000  s__DATA                         
     0000C12A  s__INITIALIZED                  
     0000C132  s__BSEG                         
ASxxxx Linker V03.00 + NoICE + sdld,  page 2.
Hexadecimal  [32-Bits]

Area                                    Addr        Size        Decimal Bytes (Attributes)
--------------------------------        ----        ----        ------- ----- ------------
.  .ABS.                            00000000    00000000 =           0. bytes (ABS,CON)

      Value  Global                              Global Defined In Module
      -----  --------------------------------   ------------------------
     0000C132  s__BSS                          
     0000C132  s__HEAP                         
     0000FFFC  _SRAM_bank_to_be_mapped_on_slot2   SMSlib_PSGaiden
     0000FFFF  _ROM_bank_to_be_mapped_on_slot2    SMSlib_PSGaiden
ASxxxx Linker V03.00 + NoICE + sdld,  page 3.
Hexadecimal  [32-Bits]

Area                                    Addr        Size        Decimal Bytes (Attributes)
--------------------------------        ----        ----        ------- ----- ------------
_CODE                               00000200    00002537 =        9527. bytes (REL,CON)

      Value  Global                              Global Defined In Module
      -----  --------------------------------   ------------------------
     00000200  __clock                            crt0
     00000204  _exit                              crt0
     0000020A  _main                              main
     00000253  _PSGStop                           PSGlib
     0000027A  _PSGResume                         PSGlib
     000002C6  _PSGPlay                           PSGlib
     000002F3  _PSGCancelLoop                     PSGlib
     000002F9  _PSGPlayNoRepeat                   PSGlib
     00000308  _PSGGetStatus                      PSGlib
     00000310  _PSGSilenceChannels                PSGlib
     00000321  _PSGRestoreVolumes                 PSGlib
     000003F2  _PSGSetMusicVolumeAttenuation      PSGlib
     000004B7  _PSGSFXStop                        PSGlib
     00000570  _PSGSFXPlay                        PSGlib
     000005BD  _PSGSFXCancelLoop                  PSGlib
     000005C3  _PSGSFXGetStatus                   PSGlib
     000005CB  _PSGSFXPlayLoop                    PSGlib
     000005E5  _PSGFrame                          PSGlib
     000006FE  _PSGSFXFrame                       PSGlib
     00000784  _devkit_SMS_init                   _sms_manager
     00000787  _devkit_SMS_displayOn              _sms_manager
     0000078D  _devkit_SMS_displayOff             _sms_manager
     00000793  _devkit_SMS_mapROMBank             _sms_manager
     0000079C  _devkit_SMS_enableSRAM             _sms_manager
     000007A2  _devkit_SMS_enableSRAMBank         _sms_manager
     000007B1  _devkit_SMS_disableSRAM            _sms_manager
     000007B7  _devkit_SMS_setSpriteMode          _sms_manager
     000007C3  _devkit_SMS_useFirstHalfTilesfor   _sms_manager
     000007C8  _devkit_SMS_useFirstHalfTilesfor   _sms_manager
     000007CD  _devkit_SMS_VDPturnOnFeature       _sms_manager
     000007D4  _devkit_SMS_loadPSGaidencompress   _sms_manager
     000007EA  _devkit_SMS_loadSTMcompressedTil   _sms_manager
     0000080B  _devkit_SMS_loadBGPalette          _sms_manager
     00000812  _devkit_SMS_loadSpritePalette      _sms_manager
     00000819  _devkit_SMS_setSpritePaletteColo   _sms_manager
     00000841  _devkit_SMS_setNextTileatXY        _sms_manager
     0000086A  _devkit_SMS_setTile                _sms_manager
     00000878  _devkit_SMS_addSprite              _sms_manager
     00000893  _devkit_SMS_addSprite_bulk8        _sms_manager
     0000096F  _devkit_SMS_addSprite_bulk12       _sms_manager
     00000A72  _devkit_SMS_initSprites            _sms_manager
     00000A75  _devkit_SMS_finalizeSprites        _sms_manager
     00000A78  _devkit_SMS_waitForVBlank          _sms_manager
     00000A7B  _devkit_SMS_copySpritestoSAT       _sms_manager
     00000A7E  _devkit_UNSAFE_SMS_copySpritesto   _sms_manager
     00000A81  _devkit_SMS_queryPauseRequested    _sms_manager
     00000A84  _devkit_SMS_resetPauseRequest      _sms_manager
     00000A87  _devkit_isCollisionDetected        _sms_manager
     00000A8E  _devkit_SMS_getKeysStatus          _sms_manager
     00000A91  _devkit_PORT_A_KEY_UP              _sms_manager
ASxxxx Linker V03.00 + NoICE + sdld,  page 4.
Hexadecimal  [32-Bits]

Area                                    Addr        Size        Decimal Bytes (Attributes)
--------------------------------        ----        ----        ------- ----- ------------
_CODE                               00000200    00002537 =        9527. bytes (REL,CON)

      Value  Global                              Global Defined In Module
      -----  --------------------------------   ------------------------
     00000A95  _devkit_PORT_A_KEY_DOWN            _sms_manager
     00000A99  _devkit_PORT_A_KEY_LEFT            _sms_manager
     00000A9D  _devkit_PORT_A_KEY_RIGHT           _sms_manager
     00000AA1  _devkit_PORT_A_KEY_1               _sms_manager
     00000AA5  _devkit_PORT_A_KEY_2               _sms_manager
     00000AA9  _devkit_SPRITEMODE_NORMAL          _sms_manager
     00000AAC  _devkit_VDPFEATURE_HIDEFIRSTCOL    _sms_manager
     00000B04  _devkit_PSGPlay                    _snd_manager
     00000B0E  _devkit_PSGCancelLoop              _snd_manager
     00000B11  _devkit_PSGPlayNoRepeat            _snd_manager
     00000B1B  _devkit_PSGStop                    _snd_manager
     00000B1E  _devkit_PSGResume                  _snd_manager
     00000B21  _devkit_PSGGetStatus               _snd_manager
     00000B24  _devkit_PSGSetMusicVolumeAttenua   _snd_manager
     00000B30  _devkit_PSGSFXPlay                 _snd_manager
     00000B45  _devkit_PSGSFXPlayLoop             _snd_manager
     00000B5A  _devkit_PSGSFXCancelLoop           _snd_manager
     00000B5D  _devkit_PSGSFXStop                 _snd_manager
     00000B60  _devkit_PSGSFXGetStatus            _snd_manager
     00000B63  _devkit_PSGSilenceChannels         _snd_manager
     00000B66  _devkit_PSGRestoreVolumes          _snd_manager
     00000B69  _devkit_PSGFrame                   _snd_manager
     00000B6C  _devkit_PSGSFXFrame                _snd_manager
     00000B6F  _devkit_SFX_CHANNEL2               _snd_manager
     00000B72  _devkit_SFX_CHANNEL3               _snd_manager
     00000B75  _devkit_SFX_CHANNELS2AND3          _snd_manager
     00000B78  _engine_asm_manager_clear_VRAM     asm_manager
     00000B8E  _engine_content_manager_load_til   content_manager
     00000BB8  _engine_content_manager_load_spr   content_manager
     00000BDA  _engine_font_manager_draw_char     font_manager
     00000C01  _engine_font_manager_draw_text     font_manager
     00000C46  _engine_font_manager_draw_data     font_manager
     00000CF1  _engine_font_manager_draw_data_Z   font_manager
     00000D78  _engine_input_manager_update       input_manager
     00000D85  _engine_input_manager_hold_up      input_manager
     00000D8E  _engine_input_manager_hold_down    input_manager
     00000D97  _engine_input_manager_hold_left    input_manager
     00000DA0  _engine_input_manager_hold_right   input_manager
     00000DA9  _engine_input_manager_hold_fire1   input_manager
     00000DB2  _engine_input_manager_hold_fire2   input_manager
     00000DBB  _engine_input_manager_move_up      input_manager
     00000DC4  _engine_input_manager_move_down    input_manager
     00000DCD  _engine_input_manager_move_left    input_manager
     00000DD6  _engine_input_manager_move_right   input_manager
     00000DDF  _engine_input_manager_move_fire1   input_manager
     00000DE8  _engine_input_manager_move_fire2   input_manager
     00000E3B  _engine_level_manager_init_level   level_manager
     00000E48  _engine_screen_manager_init        screen_manager
     00000E9E  _engine_screen_manager_update      screen_manager
     00000EE1  _engine_tile_manager_draw_tile     tile_manager
     00000F56  _screen_none_screen_load           none_screen
ASxxxx Linker V03.00 + NoICE + sdld,  page 5.
Hexadecimal  [32-Bits]

Area                                    Addr        Size        Decimal Bytes (Attributes)
--------------------------------        ----        ----        ------- ----- ------------
_CODE                               00000200    00002537 =        9527. bytes (REL,CON)

      Value  Global                              Global Defined In Module
      -----  --------------------------------   ------------------------
     00000F57  _screen_none_screen_update         none_screen
     00000F5E  _screen_splash_screen_load         splash_screen
     00000F80  _screen_splash_screen_update       splash_screen
     00000F87  _screen_intro_screen_load          intro_screen
     00000F88  _screen_intro_screen_update        intro_screen
     00000F8F  _screen_load_screen_load           load_screen
     00000FB1  _screen_load_screen_update         load_screen
     00000FB8  _screen_test_screen_load           test_screen
     00000FB9  _screen_test_screen_update         test_screen
     00000FC0  _screen_func_screen_load           func_screen
     00000FC1  _screen_func_screen_update         func_screen
     00000FC8  _adriana__palette__bin             gfx
     00000FD8  _adriana__tiles__psgcompr          gfx
     00001016  _font_tiles__palette__bin          gfx
     00001026  _font_tiles__tilemap__bin          gfx
     000010A6  _font_tiles__tiles__psgcompr       gfx
     0000133D  _game_title__palette__bin          gfx
     0000134D  _game_title__tilemap__bin          gfx
     0000141D  _game_title__tiles__psgcompr       gfx
     00001BE8  _sprites__palette__bin             gfx
     00001BF8  _sprites__tiles__psgcompr          gfx
     00001FDE  _tree_avoid__palette__bin          gfx
     00001FEE  _tree_avoid__tilemap__bin          gfx
     00001FF6  _tree_avoid__tiles__psgcompr       gfx
     00002048  _tree_death__palette__bin          gfx
     00002058  _tree_death__tilemap__bin          gfx
     00002060  _tree_death__tiles__psgcompr       gfx
     000020D3  __divuint                          
     000020DB  __divuchar                         
     000020E2  __divu8                            
     000020E5  __divu16                           
     00002114  _UNSAFE_SMS_copySpritestoSAT       SMSlib_UNSAFE
     0000212C  _UNSAFE_SMS_VRAMmemcpy32           SMSlib_UNSAFE
     00002149  _UNSAFE_SMS_VRAMmemcpy64           SMSlib_UNSAFE
     00002166  _UNSAFE_SMS_VRAMmemcpy128          SMSlib_UNSAFE
     00002183  _SMS_init                          SMSlib
     000021D7  _VDPReg_init                       SMSlib
     000021E2  _SMS_VDPType                       SMSlib
     000021EA  _SMS_VDPturnOnFeature              SMSlib
     00002201  _SMS_VDPturnOffFeature             SMSlib
     0000221A  _SMS_setBGScrollX                  SMSlib
     00002224  _SMS_setBGScrollY                  SMSlib
     0000222E  _SMS_setBackdropColor              SMSlib
     00002238  _SMS_useFirstHalfTilesforSprites   SMSlib
     0000224C  _SMS_setSpriteMode                 SMSlib
     00002291  _SMS_setBGPaletteColor             SMSlib
     000022A5  _SMS_setSpritePaletteColor         SMSlib
     000022B9  _SMS_loadBGPalette                 SMSlib
     000022CD  _SMS_loadSpritePalette             SMSlib
     000022E1  _SMS_setColor                      SMSlib
     000022E5  _SMS_initSprites                   SMSlib
ASxxxx Linker V03.00 + NoICE + sdld,  page 6.
Hexadecimal  [32-Bits]

Area                                    Addr        Size        Decimal Bytes (Attributes)
--------------------------------        ----        ----        ------- ----- ------------
_CODE                               00000200    00002537 =        9527. bytes (REL,CON)

      Value  Global                              Global Defined In Module
      -----  --------------------------------   ------------------------
     000022EB  _SMS_addSprite                     SMSlib
     00002340  _SMS_finalizeSprites               SMSlib
     00002352  _SMS_copySpritestoSAT              SMSlib
     0000237B  _SMS_waitForVBlank                 SMSlib
     00002388  _SMS_getKeysStatus                 SMSlib
     0000238C  _SMS_getKeysPressed                SMSlib
     000023A9  _SMS_getKeysHeld                   SMSlib
     000023C0  _SMS_getKeysReleased               SMSlib
     000023DD  _SMS_queryPauseRequested           SMSlib
     000023E5  _SMS_resetPauseRequest             SMSlib
     000023EB  _SMS_setLineInterruptHandler       SMSlib
     000023FC  _SMS_setLineCounter                SMSlib
     0000240B  _SMS_getVCount                     SMSlib
     0000240F  _SMS_getHCount                     SMSlib
     00002413  _SMS_isr                           SMSlib
     00002449  _SMS_nmi_isr                       SMSlib
     0000245C  _SMS_loadSTMcompressedTileMapAre   SMSlib_STMcomp
     0000263D  ___sdcc_call_hl                    
     0000263E  _SMS_loadPSGaidencompressedTiles   SMSlib_PSGaiden
     00002720  __moduchar                         
     0000272C  __moduint                          

ASxxxx Linker V03.00 + NoICE + sdld,  page 7.
Hexadecimal  [32-Bits]

Area                                    Addr        Size        Decimal Bytes (Attributes)
--------------------------------        ----        ----        ------- ----- ------------
_HEADER0                            00000000    00000006 =           6. bytes (ABS,CON)

      Value  Global                              Global Defined In Module
      -----  --------------------------------   ------------------------
     00000006  _SMS_crt0_RST08                    crt0

ASxxxx Linker V03.00 + NoICE + sdld,  page 8.
Hexadecimal  [32-Bits]

Area                                    Addr        Size        Decimal Bytes (Attributes)
--------------------------------        ----        ----        ------- ----- ------------
_HEADER1                            00000000    00000009 =           9. bytes (ABS,CON)

      Value  Global                              Global Defined In Module
      -----  --------------------------------   ------------------------
     00000011  _SMS_crt0_RST18                    crt0

ASxxxx Linker V03.00 + NoICE + sdld,  page 9.
Hexadecimal  [32-Bits]

Area                                    Addr        Size        Decimal Bytes (Attributes)
--------------------------------        ----        ----        ------- ----- ------------
_HEADER2                            00000000    0000000A =          10. bytes (ABS,CON)

      Value  Global                              Global Defined In Module
      -----  --------------------------------   ------------------------
ASxxxx Linker V03.00 + NoICE + sdld,  page 10.
Hexadecimal  [32-Bits]

Area                                    Addr        Size        Decimal Bytes (Attributes)
--------------------------------        ----        ----        ------- ----- ------------
_HEADER3                            00000000    00000003 =           3. bytes (ABS,CON)

      Value  Global                              Global Defined In Module
      -----  --------------------------------   ------------------------
ASxxxx Linker V03.00 + NoICE + sdld,  page 11.
Hexadecimal  [32-Bits]

Area                                    Addr        Size        Decimal Bytes (Attributes)
--------------------------------        ----        ----        ------- ----- ------------
_HEADER4                            00000000    00000003 =           3. bytes (ABS,CON)

      Value  Global                              Global Defined In Module
      -----  --------------------------------   ------------------------
ASxxxx Linker V03.00 + NoICE + sdld,  page 12.
Hexadecimal  [32-Bits]

Area                                    Addr        Size        Decimal Bytes (Attributes)
--------------------------------        ----        ----        ------- ----- ------------
_HEADER5                            00000000    0000012A =         298. bytes (ABS,CON)

      Value  Global                              Global Defined In Module
      -----  --------------------------------   ------------------------
     00000099  _OUTI128                           crt0
     00000119  _OUTI64                            crt0
     00000159  _OUTI32                            crt0
     00000199  _outi_block                        crt0

ASxxxx Linker V03.00 + NoICE + sdld,  page 13.
Hexadecimal  [32-Bits]

Area                                    Addr        Size        Decimal Bytes (Attributes)
--------------------------------        ----        ----        ------- ----- ------------
_INITIALIZER                        00002737    00000008 =           8. bytes (REL,CON)

      Value  Global                              Global Defined In Module
      -----  --------------------------------   ------------------------
ASxxxx Linker V03.00 + NoICE + sdld,  page 14.
Hexadecimal  [32-Bits]

Area                                    Addr        Size        Decimal Bytes (Attributes)
--------------------------------        ----        ----        ------- ----- ------------
_GSINIT                             0000273F    0000000F =          15. bytes (REL,CON)

      Value  Global                              Global Defined In Module
      -----  --------------------------------   ------------------------
     0000273F  gsinit                             crt0

ASxxxx Linker V03.00 + NoICE + sdld,  page 15.
Hexadecimal  [32-Bits]

Area                                    Addr        Size        Decimal Bytes (Attributes)
--------------------------------        ----        ----        ------- ----- ------------
_GSFINAL                            0000274E    00000001 =           1. bytes (REL,CON)

      Value  Global                              Global Defined In Module
      -----  --------------------------------   ------------------------
ASxxxx Linker V03.00 + NoICE + sdld,  page 16.
Hexadecimal  [32-Bits]

Area                                    Addr        Size        Decimal Bytes (Attributes)
--------------------------------        ----        ----        ------- ----- ------------
_DATA                               0000C000    0000012A =         298. bytes (REL,CON)

      Value  Global                              Global Defined In Module
      -----  --------------------------------   ------------------------
     0000C000  _PSGMusicStatus                    PSGlib
     0000C001  _PSGMusicStart                     PSGlib
     0000C003  _PSGMusicPointer                   PSGlib
     0000C005  _PSGMusicLoopPoint                 PSGlib
     0000C007  _PSGMusicSkipFrames                PSGlib
     0000C008  _PSGLoopFlag                       PSGlib
     0000C009  _PSGMusicLastLatch                 PSGlib
     0000C00A  _PSGMusicVolumeAttenuation         PSGlib
     0000C00B  _PSGMusicSubstringLen              PSGlib
     0000C00C  _PSGMusicSubstringRetAddr          PSGlib
     0000C00E  _PSGChan0Volume                    PSGlib
     0000C00F  _PSGChan1Volume                    PSGlib
     0000C010  _PSGChan2Volume                    PSGlib
     0000C011  _PSGChan3Volume                    PSGlib
     0000C012  _PSGChan2LowTone                   PSGlib
     0000C013  _PSGChan2HighTone                  PSGlib
     0000C014  _PSGChan3LowTone                   PSGlib
     0000C015  _PSGChannel2SFX                    PSGlib
     0000C016  _PSGChannel3SFX                    PSGlib
     0000C017  _PSGSFXChan2Volume                 PSGlib
     0000C018  _PSGSFXChan3Volume                 PSGlib
     0000C019  _PSGSFXStatus                      PSGlib
     0000C01A  _PSGSFXStart                       PSGlib
     0000C01C  _PSGSFXPointer                     PSGlib
     0000C01E  _PSGSFXLoopPoint                   PSGlib
     0000C020  _PSGSFXSkipFrames                  PSGlib
     0000C021  _PSGSFXLoopFlag                    PSGlib
     0000C022  _PSGSFXSubstringLen                PSGlib
     0000C023  _PSGSFXSubstringRetAddr            PSGlib
     0000C03F  _VDPBlank                          SMSlib
     0000C040  _SMS_VDPFlags                      SMSlib
     0000C041  _PauseRequested                    SMSlib
     0000C042  _VDPType                           SMSlib
     0000C043  _KeysStatus                        SMSlib
     0000C045  _PreviousKeysStatus                SMSlib
     0000C047  _SpriteTableY                      SMSlib
     0000C087  _SpriteTableXN                     SMSlib
     0000C107  _SpriteNextFree                    SMSlib
     0000C108  _SMS_theLineInterruptHandler       SMSlib
     0000C10A  _decompBuffer                      SMSlib_PSGaiden

ASxxxx Linker V03.00 + NoICE + sdld,  page 17.
Hexadecimal  [32-Bits]

Area                                    Addr        Size        Decimal Bytes (Attributes)
--------------------------------        ----        ----        ------- ----- ------------
_INITIALIZED                        0000C12A    00000008 =           8. bytes (REL,CON)

      Value  Global                              Global Defined In Module
      -----  --------------------------------   ------------------------
     0000C12E  _VDPReg                            SMSlib
     0000C130  _spritesHeight                     SMSlib
     0000C131  _spritesWidth                      SMSlib
ASxxxx Linker V03.00 + NoICE + sdld,  page 18.
Hexadecimal  [32-Bits]

Area                                    Addr        Size        Decimal Bytes (Attributes)
--------------------------------        ----        ----        ------- ----- ------------
_BANK2                              00008000    00000076 =         118. bytes (REL,CON)

      Value  Global                              Global Defined In Module
      -----  --------------------------------   ------------------------
     00008000  _level0101_txt                     bank2

ASxxxx Linker V03.00 + NoICE + sdld,  page 19.
Hexadecimal  [32-Bits]

Area                                    Addr        Size        Decimal Bytes (Attributes)
--------------------------------        ----        ----        ------- ----- ------------
_CABS0                              00000000    00000010 =          16. bytes (ABS,CON)

      Value  Global                              Global Defined In Module
      -----  --------------------------------   ------------------------
     00007FF0  ___SMS__SEGA_signature             _sms_manager

ASxxxx Linker V03.00 + NoICE + sdld,  page 20.
Hexadecimal  [32-Bits]

Area                                    Addr        Size        Decimal Bytes (Attributes)
--------------------------------        ----        ----        ------- ----- ------------
_CABS1                              00000000    0000000E =          14. bytes (ABS,CON)

      Value  Global                              Global Defined In Module
      -----  --------------------------------   ------------------------
     00007FD2  ___SMS__SDSC_author                _sms_manager

ASxxxx Linker V03.00 + NoICE + sdld,  page 21.
Hexadecimal  [32-Bits]

Area                                    Addr        Size        Decimal Bytes (Attributes)
--------------------------------        ----        ----        ------- ----- ------------
_CABS2                              00000000    0000000E =          14. bytes (ABS,CON)

      Value  Global                              Global Defined In Module
      -----  --------------------------------   ------------------------
     00007FC4  ___SMS__SDSC_name                  _sms_manager

ASxxxx Linker V03.00 + NoICE + sdld,  page 22.
Hexadecimal  [32-Bits]

Area                                    Addr        Size        Decimal Bytes (Attributes)
--------------------------------        ----        ----        ------- ----- ------------
_CABS3                              00000000    00000038 =          56. bytes (ABS,CON)

      Value  Global                              Global Defined In Module
      -----  --------------------------------   ------------------------
     00007F8C  ___SMS__SDSC_descr                 _sms_manager

ASxxxx Linker V03.00 + NoICE + sdld,  page 23.
Hexadecimal  [32-Bits]

Area                                    Addr        Size        Decimal Bytes (Attributes)
--------------------------------        ----        ----        ------- ----- ------------
_CABS4                              00000000    00000010 =          16. bytes (ABS,CON)

      Value  Global                              Global Defined In Module
      -----  --------------------------------   ------------------------
     00007FE0  ___SMS__SDSC_signature             _sms_manager

ASxxxx Linker V03.00 + NoICE + sdld,  page 24.

Files Linked                              [ module(s) ]

..\crt0\crt0_sms.rel                      [ crt0 ]
main.rel                                  [ main ]
..\lib\PSGlib.rel                         [ PSGlib ]
banks\bank2.rel                           [ bank2 ]
devkit\_sms_manager.rel                   [ _sms_manager ]
devkit\_snd_manager.rel                   [ _snd_manager ]
engine\asm_manager.rel                    [ asm_manager ]
engine\content_manager.rel                [ content_manager ]
engine\enum_manager.rel                   [ enum_manager ]
engine\font_manager.rel                   [ font_manager ]
engine\global_manager.rel                 [ global_manager ]
engine\input_manager.rel                  [ input_manager ]
engine\level_manager.rel                  [ level_manager ]
engine\screen_manager.rel                 [ screen_manager ]
engine\tile_manager.rel                   [ tile_manager ]
screen\none_screen.rel                    [ none_screen ]
screen\splash_screen.rel                  [ splash_screen ]
screen\intro_screen.rel                   [ intro_screen ]
screen\load_screen.rel                    [ load_screen ]
screen\test_screen.rel                    [ test_screen ]
screen\func_screen.rel                    [ func_screen ]
gfx.rel                                   [ gfx ]


Libraries Linked                          [ object file ]

C:\Program Files\SDCC\bin\..\lib\z80/z80.lib
                                          [ divunsigned.rel ]
..\lib\SMSlib.lib                         [ SMSlib_UNSAFE.rel ]
..\lib\SMSlib.lib                         [ SMSlib.rel ]
..\lib\SMSlib.lib                         [ SMSlib_STMcomp.rel ]
C:\Program Files\SDCC\bin\..\lib\z80/z80.lib
                                          [ __sdcc_call_hl.rel ]
..\lib\SMSlib.lib                         [ SMSlib_PSGaiden.rel ]
C:\Program Files\SDCC\bin\..\lib\z80/z80.lib
                                          [ modunsigned.rel ]

ASxxxx Linker V03.00 + NoICE + sdld,  page 25.

User Base Address Definitions

_CODE = 0x0200
_DATA = 0xc000
_BANK2=0x8000

